<?xml version="1.0" encoding="ISO-8859-1" ?>
<link_info>
   <banner>TI ARM Linker PC v20.2.7.LTS</banner>
   <copyright>Copyright (c) 1996-2018 Texas Instruments Incorporated</copyright>
   <link_time>0x67673ca2</link_time>
   <link_errors>0x0</link_errors>
   <output_file>Master.out</output_file>
   <entry_point>
      <name>_c_int00_noargs</name>
      <address>0x1fdd</address>
   </entry_point>
   <input_file_list>
      <input_file id="fl-2">
         <path>.\</path>
         <kind>object</kind>
         <file>tm4c123gh6pm_startup_ccs.obj</file>
         <name>tm4c123gh6pm_startup_ccs.obj</name>
      </input_file>
      <input_file id="fl-3">
         <path>.\APP\</path>
         <kind>object</kind>
         <file>main.obj</file>
         <name>main.obj</name>
      </input_file>
      <input_file id="fl-4">
         <path>.\HAL\</path>
         <kind>object</kind>
         <file>Initialization.obj</file>
         <name>Initialization.obj</name>
      </input_file>
      <input_file id="fl-5">
         <path>.\HAL\</path>
         <kind>object</kind>
         <file>button.obj</file>
         <name>button.obj</name>
      </input_file>
      <input_file id="fl-6">
         <path>.\HAL\</path>
         <kind>object</kind>
         <file>led.obj</file>
         <name>led.obj</name>
      </input_file>
      <input_file id="fl-7">
         <path>.\MCAL\CAN\</path>
         <kind>object</kind>
         <file>can.obj</file>
         <name>can.obj</name>
      </input_file>
      <input_file id="fl-8">
         <path>.\MCAL\SPI\</path>
         <kind>object</kind>
         <file>spi.obj</file>
         <name>spi.obj</name>
      </input_file>
      <input_file id="fl-9">
         <path>.\MCAL\Timers\SYSTICK_TIMER\</path>
         <kind>object</kind>
         <file>systickTimer.obj</file>
         <name>systickTimer.obj</name>
      </input_file>
      <input_file id="fl-a">
         <path>.\MCAL\Timers\TIMER0\</path>
         <kind>object</kind>
         <file>timer0.obj</file>
         <name>timer0.obj</name>
      </input_file>
      <input_file id="fl-b">
         <path>.\MCAL\Timers\TIMER1\</path>
         <kind>object</kind>
         <file>timer1.obj</file>
         <name>timer1.obj</name>
      </input_file>
      <input_file id="fl-c">
         <path>.\MCAL\UART\</path>
         <kind>object</kind>
         <file>uart.obj</file>
         <name>uart.obj</name>
      </input_file>
      <input_file id="fl-d">
         <path>.\OS\</path>
         <kind>object</kind>
         <file>scheduler.obj</file>
         <name>scheduler.obj</name>
      </input_file>
      <input_file id="fl-12">
         <kind>object</kind>
         <file>&lt;internal&gt;</file>
         <name>&lt;internal&gt;</name>
      </input_file>
      <input_file id="fl-13">
         <path>C:\ti\TivaWare_C_Series-2.1.4.178\driverlib\ccs\Debug\</path>
         <kind>archive</kind>
         <file>driverlib.lib</file>
         <name>can.obj</name>
      </input_file>
      <input_file id="fl-14">
         <path>C:\ti\TivaWare_C_Series-2.1.4.178\driverlib\ccs\Debug\</path>
         <kind>archive</kind>
         <file>driverlib.lib</file>
         <name>gpio.obj</name>
      </input_file>
      <input_file id="fl-15">
         <path>C:\ti\TivaWare_C_Series-2.1.4.178\driverlib\ccs\Debug\</path>
         <kind>archive</kind>
         <file>driverlib.lib</file>
         <name>interrupt.obj</name>
      </input_file>
      <input_file id="fl-16">
         <path>C:\ti\TivaWare_C_Series-2.1.4.178\driverlib\ccs\Debug\</path>
         <kind>archive</kind>
         <file>driverlib.lib</file>
         <name>ssi.obj</name>
      </input_file>
      <input_file id="fl-17">
         <path>C:\ti\TivaWare_C_Series-2.1.4.178\driverlib\ccs\Debug\</path>
         <kind>archive</kind>
         <file>driverlib.lib</file>
         <name>sysctl.obj</name>
      </input_file>
      <input_file id="fl-18">
         <path>C:\ti\TivaWare_C_Series-2.1.4.178\driverlib\ccs\Debug\</path>
         <kind>archive</kind>
         <file>driverlib.lib</file>
         <name>systick.obj</name>
      </input_file>
      <input_file id="fl-19">
         <path>C:\ti\TivaWare_C_Series-2.1.4.178\driverlib\ccs\Debug\</path>
         <kind>archive</kind>
         <file>driverlib.lib</file>
         <name>timer.obj</name>
      </input_file>
      <input_file id="fl-1a">
         <path>C:\ti\TivaWare_C_Series-2.1.4.178\driverlib\ccs\Debug\</path>
         <kind>archive</kind>
         <file>driverlib.lib</file>
         <name>uart.obj</name>
      </input_file>
      <input_file id="fl-1b">
         <path>C:\ti\TivaWare_C_Series-2.1.4.178\driverlib\ccs\Debug\</path>
         <kind>archive</kind>
         <file>driverlib.lib</file>
         <name>cpu.obj</name>
      </input_file>
      <input_file id="fl-d1">
         <path>C:\ti\ccs\tools\compiler\ti-cgt-arm_20.2.7.LTS\lib\</path>
         <kind>archive</kind>
         <file>rtsv7M4_T_le_v4SPD16_eabi.lib</file>
         <name>copy_zero_init.c.obj</name>
      </input_file>
      <input_file id="fl-d2">
         <path>C:\ti\ccs\tools\compiler\ti-cgt-arm_20.2.7.LTS\lib\</path>
         <kind>archive</kind>
         <file>rtsv7M4_T_le_v4SPD16_eabi.lib</file>
         <name>copy_decompress_none.c.obj</name>
      </input_file>
      <input_file id="fl-d3">
         <path>C:\ti\ccs\tools\compiler\ti-cgt-arm_20.2.7.LTS\lib\</path>
         <kind>archive</kind>
         <file>rtsv7M4_T_le_v4SPD16_eabi.lib</file>
         <name>copy_decompress_lzss.c.obj</name>
      </input_file>
      <input_file id="fl-d4">
         <path>C:\ti\ccs\tools\compiler\ti-cgt-arm_20.2.7.LTS\lib\</path>
         <kind>archive</kind>
         <file>rtsv7M4_T_le_v4SPD16_eabi.lib</file>
         <name>boot_cortex_m.c.obj</name>
      </input_file>
      <input_file id="fl-d5">
         <path>C:\ti\ccs\tools\compiler\ti-cgt-arm_20.2.7.LTS\lib\</path>
         <kind>archive</kind>
         <file>rtsv7M4_T_le_v4SPD16_eabi.lib</file>
         <name>memcpy_t2.asm.obj</name>
      </input_file>
      <input_file id="fl-d6">
         <path>C:\ti\ccs\tools\compiler\ti-cgt-arm_20.2.7.LTS\lib\</path>
         <kind>archive</kind>
         <file>rtsv7M4_T_le_v4SPD16_eabi.lib</file>
         <name>memset_t2.asm.obj</name>
      </input_file>
      <input_file id="fl-d7">
         <path>C:\ti\ccs\tools\compiler\ti-cgt-arm_20.2.7.LTS\lib\</path>
         <kind>archive</kind>
         <file>rtsv7M4_T_le_v4SPD16_eabi.lib</file>
         <name>autoinit.c.obj</name>
      </input_file>
      <input_file id="fl-d8">
         <path>C:\ti\ccs\tools\compiler\ti-cgt-arm_20.2.7.LTS\lib\</path>
         <kind>archive</kind>
         <file>rtsv7M4_T_le_v4SPD16_eabi.lib</file>
         <name>pre_init.c.obj</name>
      </input_file>
      <input_file id="fl-d9">
         <path>C:\ti\ccs\tools\compiler\ti-cgt-arm_20.2.7.LTS\lib\</path>
         <kind>archive</kind>
         <file>rtsv7M4_T_le_v4SPD16_eabi.lib</file>
         <name>cpy_tbl.c.obj</name>
      </input_file>
      <input_file id="fl-da">
         <path>C:\ti\ccs\tools\compiler\ti-cgt-arm_20.2.7.LTS\lib\</path>
         <kind>archive</kind>
         <file>rtsv7M4_T_le_v4SPD16_eabi.lib</file>
         <name>exit.c.obj</name>
      </input_file>
      <input_file id="fl-db">
         <path>C:\ti\ccs\tools\compiler\ti-cgt-arm_20.2.7.LTS\lib\</path>
         <kind>archive</kind>
         <file>rtsv7M4_T_le_v4SPD16_eabi.lib</file>
         <name>_lock.c.obj</name>
      </input_file>
      <input_file id="fl-dc">
         <path>C:\ti\ccs\tools\compiler\ti-cgt-arm_20.2.7.LTS\lib\</path>
         <kind>archive</kind>
         <file>rtsv7M4_T_le_v4SPD16_eabi.lib</file>
         <name>args_main.c.obj</name>
      </input_file>
   </input_file_list>
   <object_component_list>
      <object_component id="oc-12">
         <name>.intvecs</name>
         <load_address>0x0</load_address>
         <run_address>0x0</run_address>
         <size>0x26c</size>
         <input_file_ref idref="fl-2"/>
      </object_component>
      <object_component id="oc-c2">
         <name>.text</name>
         <load_address>0x26c</load_address>
         <run_address>0x26c</run_address>
         <size>0xc2c</size>
         <input_file_ref idref="fl-d"/>
      </object_component>
      <object_component id="oc-124">
         <name>.text</name>
         <load_address>0xe98</load_address>
         <run_address>0xe98</run_address>
         <size>0x204</size>
         <input_file_ref idref="fl-c"/>
      </object_component>
      <object_component id="oc-10c">
         <name>.text</name>
         <load_address>0x109c</load_address>
         <run_address>0x109c</run_address>
         <size>0x1d0</size>
         <input_file_ref idref="fl-8"/>
      </object_component>
      <object_component id="oc-13f">
         <name>.text</name>
         <load_address>0x126c</load_address>
         <run_address>0x126c</run_address>
         <size>0x1a8</size>
         <input_file_ref idref="fl-6"/>
      </object_component>
      <object_component id="oc-22a">
         <name>.text:CANMessageSet</name>
         <load_address>0x1414</load_address>
         <run_address>0x1414</run_address>
         <size>0x136</size>
         <input_file_ref idref="fl-13"/>
      </object_component>
      <object_component id="oc-26c">
         <name>.text:GPIOPadConfigSet</name>
         <load_address>0x154a</load_address>
         <run_address>0x154a</run_address>
         <size>0x132</size>
         <input_file_ref idref="fl-14"/>
      </object_component>
      <object_component id="oc-1a8">
         <name>.text:SysCtlClockGet</name>
         <load_address>0x167c</load_address>
         <run_address>0x167c</run_address>
         <size>0x110</size>
         <input_file_ref idref="fl-17"/>
      </object_component>
      <object_component id="oc-14d">
         <name>.text:CANMessageGet</name>
         <load_address>0x178c</load_address>
         <run_address>0x178c</run_address>
         <size>0x10e</size>
         <input_file_ref idref="fl-13"/>
      </object_component>
      <object_component id="oc-139">
         <name>.text</name>
         <load_address>0x189c</load_address>
         <run_address>0x189c</run_address>
         <size>0xfc</size>
         <input_file_ref idref="fl-5"/>
      </object_component>
      <object_component id="oc-18a">
         <name>.text:SysCtlClockSet</name>
         <load_address>0x1998</load_address>
         <run_address>0x1998</run_address>
         <size>0xf4</size>
         <input_file_ref idref="fl-17"/>
      </object_component>
      <object_component id="oc-11e">
         <name>.text</name>
         <load_address>0x1a8c</load_address>
         <run_address>0x1a8c</run_address>
         <size>0xe4</size>
         <input_file_ref idref="fl-7"/>
      </object_component>
      <object_component id="oc-3b">
         <name>.text</name>
         <load_address>0x1b70</load_address>
         <run_address>0x1b70</run_address>
         <size>0x9c</size>
         <input_file_ref idref="fl-d5"/>
      </object_component>
      <object_component id="oc-118">
         <name>.text</name>
         <load_address>0x1c0c</load_address>
         <run_address>0x1c0c</run_address>
         <size>0x70</size>
         <input_file_ref idref="fl-a"/>
      </object_component>
      <object_component id="oc-21e">
         <name>.text:CANBitRateSet</name>
         <load_address>0x1c7c</load_address>
         <run_address>0x1c7c</run_address>
         <size>0x6c</size>
         <input_file_ref idref="fl-13"/>
      </object_component>
      <object_component id="oc-15">
         <name>.text:decompress:lzss:__TI_decompress_lzss</name>
         <load_address>0x1ce8</load_address>
         <run_address>0x1ce8</run_address>
         <size>0x68</size>
         <input_file_ref idref="fl-d3"/>
      </object_component>
      <object_component id="oc-1ed">
         <name>.text:TimerConfigure</name>
         <load_address>0x1d50</load_address>
         <run_address>0x1d50</run_address>
         <size>0x60</size>
         <input_file_ref idref="fl-19"/>
      </object_component>
      <object_component id="oc-19c">
         <name>.text:GPIOPinConfigure</name>
         <load_address>0x1db0</load_address>
         <run_address>0x1db0</run_address>
         <size>0x48</size>
         <input_file_ref idref="fl-14"/>
      </object_component>
      <object_component id="oc-239">
         <name>.text:UARTConfigSetExpClk</name>
         <load_address>0x1df8</load_address>
         <run_address>0x1df8</run_address>
         <size>0x46</size>
         <input_file_ref idref="fl-1a"/>
      </object_component>
      <object_component id="oc-da">
         <name>.text:__TI_auto_init_nobinit_nopinit:__TI_auto_init_nobinit_nopinit</name>
         <load_address>0x1e40</load_address>
         <run_address>0x1e40</run_address>
         <size>0x44</size>
         <input_file_ref idref="fl-d7"/>
      </object_component>
      <object_component id="oc-158">
         <name>.text:CANStatusGet</name>
         <load_address>0x1e84</load_address>
         <run_address>0x1e84</run_address>
         <size>0x40</size>
         <input_file_ref idref="fl-13"/>
      </object_component>
      <object_component id="oc-1ae">
         <name>.text:SSIConfigSetExpClk</name>
         <load_address>0x1ec4</load_address>
         <run_address>0x1ec4</run_address>
         <size>0x3c</size>
         <input_file_ref idref="fl-16"/>
      </object_component>
      <object_component id="oc-218">
         <name>.text:CANInit</name>
         <load_address>0x1f00</load_address>
         <run_address>0x1f00</run_address>
         <size>0x3a</size>
         <input_file_ref idref="fl-13"/>
      </object_component>
      <object_component id="oc-196">
         <name>.text:SysCtlPeripheralReady</name>
         <load_address>0x1f3c</load_address>
         <run_address>0x1f3c</run_address>
         <size>0x38</size>
         <input_file_ref idref="fl-17"/>
      </object_component>
      <object_component id="oc-2ca">
         <name>.text:IntRegister</name>
         <load_address>0x1f74</load_address>
         <run_address>0x1f74</run_address>
         <size>0x34</size>
         <input_file_ref idref="fl-15"/>
      </object_component>
      <object_component id="oc-190">
         <name>.text:SysCtlPeripheralEnable</name>
         <load_address>0x1fa8</load_address>
         <run_address>0x1fa8</run_address>
         <size>0x34</size>
         <input_file_ref idref="fl-17"/>
      </object_component>
      <object_component id="oc-59">
         <name>.text:_c_int00_noargs:_c_int00_noargs</name>
         <load_address>0x1fdc</load_address>
         <run_address>0x1fdc</run_address>
         <size>0x34</size>
         <input_file_ref idref="fl-d4"/>
      </object_component>
      <object_component id="oc-2b6">
         <name>.text:GPIODirModeSet</name>
         <load_address>0x2010</load_address>
         <run_address>0x2010</run_address>
         <size>0x2a</size>
         <input_file_ref idref="fl-14"/>
      </object_component>
      <object_component id="oc-279">
         <name>.text:_CANDataRegRead</name>
         <load_address>0x203a</load_address>
         <run_address>0x203a</run_address>
         <size>0x2a</size>
         <input_file_ref idref="fl-13"/>
      </object_component>
      <object_component id="oc-112">
         <name>.text</name>
         <load_address>0x2064</load_address>
         <run_address>0x2064</run_address>
         <size>0x28</size>
         <input_file_ref idref="fl-9"/>
      </object_component>
      <object_component id="oc-2e1">
         <name>.text:_CANDataRegWrite</name>
         <load_address>0x208c</load_address>
         <run_address>0x208c</run_address>
         <size>0x24</size>
         <input_file_ref idref="fl-13"/>
      </object_component>
      <object_component id="oc-2eb">
         <name>.text:UARTDisable</name>
         <load_address>0x20b0</load_address>
         <run_address>0x20b0</run_address>
         <size>0x20</size>
         <input_file_ref idref="fl-1a"/>
      </object_component>
      <object_component id="oc-1da">
         <name>.text:SysTickIntRegister</name>
         <load_address>0x20d0</load_address>
         <run_address>0x20d0</run_address>
         <size>0x1c</size>
         <input_file_ref idref="fl-18"/>
      </object_component>
      <object_component id="oc-47">
         <name>.text:decompress:ZI:__TI_zero_init_nomemset:__TI_zero_init_nomemset</name>
         <load_address>0x20ec</load_address>
         <run_address>0x20ec</run_address>
         <size>0x1c</size>
         <input_file_ref idref="fl-d1"/>
      </object_component>
      <object_component id="oc-245">
         <name>.text:GPIOPinTypeGPIOOutput</name>
         <load_address>0x2108</load_address>
         <run_address>0x2108</run_address>
         <size>0x18</size>
         <input_file_ref idref="fl-14"/>
      </object_component>
      <object_component id="oc-20b">
         <name>.text:TimerDisable</name>
         <load_address>0x2120</load_address>
         <run_address>0x2120</run_address>
         <size>0x18</size>
         <input_file_ref idref="fl-19"/>
      </object_component>
      <object_component id="oc-1e6">
         <name>.text:SysTickEnable</name>
         <load_address>0x2138</load_address>
         <run_address>0x2138</run_address>
         <size>0x14</size>
         <input_file_ref idref="fl-18"/>
      </object_component>
      <object_component id="oc-1e0">
         <name>.text:SysTickIntEnable</name>
         <load_address>0x214c</load_address>
         <run_address>0x214c</run_address>
         <size>0x14</size>
         <input_file_ref idref="fl-18"/>
      </object_component>
      <object_component id="oc-23f">
         <name>.text:UARTEnable</name>
         <load_address>0x2160</load_address>
         <run_address>0x2160</run_address>
         <size>0x14</size>
         <input_file_ref idref="fl-1a"/>
      </object_component>
      <object_component id="oc-212">
         <name>.text:GPIOPinTypeCAN</name>
         <load_address>0x2174</load_address>
         <run_address>0x2174</run_address>
         <size>0x12</size>
         <input_file_ref idref="fl-14"/>
      </object_component>
      <object_component id="oc-266">
         <name>.text:GPIOPinTypeGPIOInput</name>
         <load_address>0x2186</load_address>
         <run_address>0x2186</run_address>
         <size>0x12</size>
         <input_file_ref idref="fl-14"/>
      </object_component>
      <object_component id="oc-1a2">
         <name>.text:GPIOPinTypeSSI</name>
         <load_address>0x2198</load_address>
         <run_address>0x2198</run_address>
         <size>0x12</size>
         <input_file_ref idref="fl-14"/>
      </object_component>
      <object_component id="oc-233">
         <name>.text:GPIOPinTypeUART</name>
         <load_address>0x21aa</load_address>
         <run_address>0x21aa</run_address>
         <size>0x12</size>
         <input_file_ref idref="fl-14"/>
      </object_component>
      <object_component id="oc-1cc">
         <name>.text:SSIDataGetNonBlocking</name>
         <load_address>0x21bc</load_address>
         <run_address>0x21bc</run_address>
         <size>0x12</size>
         <input_file_ref idref="fl-16"/>
      </object_component>
      <object_component id="oc-1f3">
         <name>.text:TimerLoadSet</name>
         <load_address>0x21ce</load_address>
         <run_address>0x21ce</run_address>
         <size>0x12</size>
         <input_file_ref idref="fl-19"/>
      </object_component>
      <object_component id="oc-1d4">
         <name>.text:SysTickPeriodSet</name>
         <load_address>0x21e0</load_address>
         <run_address>0x21e0</run_address>
         <size>0x10</size>
         <input_file_ref idref="fl-18"/>
      </object_component>
      <object_component id="oc-1ff">
         <name>.text:TimerEnable</name>
         <load_address>0x21f0</load_address>
         <run_address>0x21f0</run_address>
         <size>0xe</size>
         <input_file_ref idref="fl-19"/>
      </object_component>
      <object_component id="oc-1b">
         <name>.text:decompress:none:__TI_decompress_none</name>
         <load_address>0x21fe</load_address>
         <run_address>0x21fe</run_address>
         <size>0xe</size>
         <input_file_ref idref="fl-d2"/>
      </object_component>
      <object_component id="oc-27">
         <name>.text</name>
         <load_address>0x220c</load_address>
         <run_address>0x220c</run_address>
         <size>0xc</size>
         <input_file_ref idref="fl-2"/>
      </object_component>
      <object_component id="oc-224">
         <name>.text:CANEnable</name>
         <load_address>0x2218</load_address>
         <run_address>0x2218</run_address>
         <size>0xa</size>
         <input_file_ref idref="fl-13"/>
      </object_component>
      <object_component id="oc-1c0">
         <name>.text:SSIDataPut</name>
         <load_address>0x2222</load_address>
         <run_address>0x2222</run_address>
         <size>0xa</size>
         <input_file_ref idref="fl-16"/>
      </object_component>
      <object_component id="oc-1b4">
         <name>.text:SSIEnable</name>
         <load_address>0x222c</load_address>
         <run_address>0x222c</run_address>
         <size>0xa</size>
         <input_file_ref idref="fl-16"/>
      </object_component>
      <object_component id="oc-205">
         <name>.text:TimerIntStatus</name>
         <load_address>0x2236</load_address>
         <run_address>0x2236</run_address>
         <size>0xa</size>
         <input_file_ref idref="fl-19"/>
      </object_component>
      <object_component id="oc-24c">
         <name>.text:UARTCharPut</name>
         <load_address>0x2240</load_address>
         <run_address>0x2240</run_address>
         <size>0xa</size>
         <input_file_ref idref="fl-1a"/>
      </object_component>
      <object_component id="oc-1c6">
         <name>.text:SSIBusy</name>
         <load_address>0x224a</load_address>
         <run_address>0x224a</run_address>
         <size>0x8</size>
         <input_file_ref idref="fl-16"/>
      </object_component>
      <object_component id="oc-9b">
         <name>.text</name>
         <load_address>0x2252</load_address>
         <run_address>0x2252</run_address>
         <size>0x8</size>
         <input_file_ref idref="fl-3"/>
      </object_component>
      <object_component id="oc-260">
         <name>.text:GPIOPinRead</name>
         <load_address>0x225a</load_address>
         <run_address>0x225a</run_address>
         <size>0x6</size>
         <input_file_ref idref="fl-14"/>
      </object_component>
      <object_component id="oc-1ba">
         <name>.text:GPIOPinWrite</name>
         <load_address>0x2260</load_address>
         <run_address>0x2260</run_address>
         <size>0x6</size>
         <input_file_ref idref="fl-14"/>
      </object_component>
      <object_component id="oc-24b">
         <name>.text:SysCtlDelay</name>
         <load_address>0x2266</load_address>
         <run_address>0x2266</run_address>
         <size>0x6</size>
         <input_file_ref idref="fl-17"/>
      </object_component>
      <object_component id="oc-1f9">
         <name>.text:TimerIntClear</name>
         <load_address>0x226c</load_address>
         <run_address>0x226c</run_address>
         <size>0x4</size>
         <input_file_ref idref="fl-19"/>
      </object_component>
      <object_component id="oc-95">
         <name>.text:_system_pre_init</name>
         <load_address>0x2270</load_address>
         <run_address>0x2270</run_address>
         <size>0x4</size>
         <input_file_ref idref="fl-d8"/>
      </object_component>
      <object_component id="oc-ce">
         <name>.text:abort:abort</name>
         <load_address>0x2274</load_address>
         <run_address>0x2274</run_address>
         <size>0x4</size>
         <input_file_ref idref="fl-da"/>
      </object_component>
      <object_component id="oc-2b1">
         <name>.const:g_pui32GPIOBaseAddrs</name>
         <load_address>0x2278</load_address>
         <run_address>0x2278</run_address>
         <size>0x90</size>
         <input_file_ref idref="fl-14"/>
      </object_component>
      <object_component id="oc-2bd">
         <name>.const:g_pui32Xtals</name>
         <load_address>0x2308</load_address>
         <run_address>0x2308</run_address>
         <size>0x6c</size>
         <input_file_ref idref="fl-17"/>
      </object_component>
      <object_component id="oc-2dc">
         <name>.const</name>
         <load_address>0x2374</load_address>
         <run_address>0x2374</run_address>
         <size>0x20</size>
         <input_file_ref idref="fl-13"/>
      </object_component>
      <object_component id="oc-35a">
         <name>.cinit..data.load</name>
         <load_address>0x2398</load_address>
         <run_address>0x2398</run_address>
         <size>0x18</size>
      </object_component>
      <object_component id="oc-357">
         <name>__TI_handler_table</name>
         <load_address>0x23b0</load_address>
         <run_address>0x23b0</run_address>
         <size>0xc</size>
      </object_component>
      <object_component id="oc-35b">
         <name>.cinit..bss.load</name>
         <load_address>0x23c0</load_address>
         <run_address>0x23c0</run_address>
         <size>0x8</size>
      </object_component>
      <object_component id="oc-359">
         <name>.cinit..vtable.load</name>
         <load_address>0x23c8</load_address>
         <run_address>0x23c8</run_address>
         <size>0x8</size>
      </object_component>
      <object_component id="oc-358">
         <name>__TI_cinit_table</name>
         <load_address>0x23d0</load_address>
         <run_address>0x23d0</run_address>
         <size>0x18</size>
      </object_component>
      <object_component id="oc-31d">
         <name>.vtable</name>
         <uninitialized>true</uninitialized>
         <run_address>0x20000000</run_address>
         <size>0x26c</size>
         <input_file_ref idref="fl-15"/>
      </object_component>
      <object_component id="oc-273">
         <name>.data</name>
         <load_address>0x20000560</load_address>
         <run_address>0x20000560</run_address>
         <size>0x4</size>
         <input_file_ref idref="fl-6"/>
      </object_component>
      <object_component id="oc-135">
         <name>.data</name>
         <load_address>0x20000528</load_address>
         <run_address>0x20000528</run_address>
         <size>0x30</size>
         <input_file_ref idref="fl-d"/>
      </object_component>
      <object_component id="oc-153">
         <name>.data:g_ui8ReceivedData$2</name>
         <load_address>0x20000558</load_address>
         <run_address>0x20000558</run_address>
         <size>0x8</size>
         <input_file_ref idref="fl-d"/>
      </object_component>
      <object_component id="oc-12a">
         <name>.common:g_ui32SysTickCount</name>
         <uninitialized>true</uninitialized>
         <run_address>0x20000514</run_address>
         <size>0x4</size>
      </object_component>
      <object_component id="oc-252">
         <name>.common:initialMessageSent</name>
         <uninitialized>true</uninitialized>
         <run_address>0x2000051f</run_address>
         <size>0x1</size>
      </object_component>
      <object_component id="oc-148">
         <name>.common:UartState</name>
         <uninitialized>true</uninitialized>
         <run_address>0x20000510</run_address>
         <size>0x4</size>
      </object_component>
      <object_component id="oc-1d2">
         <name>.common:receivedAck</name>
         <uninitialized>true</uninitialized>
         <run_address>0x20000518</run_address>
         <size>0x4</size>
      </object_component>
      <object_component id="oc-154">
         <name>.common:commcheck</name>
         <uninitialized>true</uninitialized>
         <run_address>0x2000051d</run_address>
         <size>0x1</size>
      </object_component>
      <object_component id="oc-15e">
         <name>.common:unidentifiedFlag</name>
         <uninitialized>true</uninitialized>
         <run_address>0x20000523</run_address>
         <size>0x1</size>
      </object_component>
      <object_component id="oc-155">
         <name>.common:SlaveButtonsFlag</name>
         <uninitialized>true</uninitialized>
         <run_address>0x2000051c</run_address>
         <size>0x1</size>
      </object_component>
      <object_component id="oc-157">
         <name>.common:whiteFlag</name>
         <uninitialized>true</uninitialized>
         <run_address>0x20000524</run_address>
         <size>0x1</size>
      </object_component>
      <object_component id="oc-138">
         <name>.common:taskList</name>
         <uninitialized>true</uninitialized>
         <run_address>0x20000470</run_address>
         <size>0xa0</size>
      </object_component>
      <object_component id="oc-156">
         <name>.common:recievedFlag</name>
         <uninitialized>true</uninitialized>
         <run_address>0x20000520</run_address>
         <size>0x1</size>
      </object_component>
      <object_component id="oc-147">
         <name>.common:holdButtonFlag</name>
         <uninitialized>true</uninitialized>
         <run_address>0x2000051e</run_address>
         <size>0x1</size>
      </object_component>
      <object_component id="oc-145">
         <name>.common:sw1</name>
         <uninitialized>true</uninitialized>
         <run_address>0x20000521</run_address>
         <size>0x1</size>
      </object_component>
      <object_component id="oc-146">
         <name>.common:sw2</name>
         <uninitialized>true</uninitialized>
         <run_address>0x20000522</run_address>
         <size>0x1</size>
      </object_component>
      <object_component id="oc-24">
         <name>.stack</name>
         <uninitialized>true</uninitialized>
         <run_address>0x20000270</run_address>
         <size>0x4</size>
         <input_file_ref idref="fl-d4"/>
      </object_component>
      <object_component id="oc-35d">
         <name>.stack</name>
         <uninitialized>true</uninitialized>
         <run_address>0x20000270</run_address>
         <size>0x0</size>
      </object_component>
      <object_component id="oc-2f">
         <name>.debug_info</name>
         <load_address>0x0</load_address>
         <run_address>0x0</run_address>
         <size>0x2a5</size>
         <input_file_ref idref="fl-2"/>
      </object_component>
      <object_component id="oc-13">
         <name>.debug_info</name>
         <load_address>0x2a5</load_address>
         <run_address>0x2a5</run_address>
         <size>0xe4</size>
         <input_file_ref idref="fl-2"/>
      </object_component>
      <object_component id="oc-2b">
         <name>.debug_info</name>
         <load_address>0x389</load_address>
         <run_address>0x389</run_address>
         <size>0x260</size>
         <input_file_ref idref="fl-2"/>
      </object_component>
      <object_component id="oc-70">
         <name>.debug_info</name>
         <load_address>0x5e9</load_address>
         <run_address>0x5e9</run_address>
         <size>0x26b</size>
         <input_file_ref idref="fl-2"/>
      </object_component>
      <object_component id="oc-36">
         <name>.debug_info</name>
         <load_address>0x854</load_address>
         <run_address>0x854</run_address>
         <size>0x84</size>
         <input_file_ref idref="fl-2"/>
      </object_component>
      <object_component id="oc-ad">
         <name>.debug_info</name>
         <load_address>0x8d8</load_address>
         <run_address>0x8d8</run_address>
         <size>0x2a4</size>
         <input_file_ref idref="fl-2"/>
      </object_component>
      <object_component id="oc-75">
         <name>.debug_info</name>
         <load_address>0xb7c</load_address>
         <run_address>0xb7c</run_address>
         <size>0xbb</size>
         <input_file_ref idref="fl-2"/>
      </object_component>
      <object_component id="oc-12b">
         <name>.debug_info</name>
         <load_address>0xc37</load_address>
         <run_address>0xc37</run_address>
         <size>0x50a</size>
         <input_file_ref idref="fl-3"/>
      </object_component>
      <object_component id="oc-9d">
         <name>.debug_info</name>
         <load_address>0x1141</load_address>
         <run_address>0x1141</run_address>
         <size>0x105</size>
         <input_file_ref idref="fl-3"/>
      </object_component>
      <object_component id="oc-160">
         <name>.debug_info</name>
         <load_address>0x1246</load_address>
         <run_address>0x1246</run_address>
         <size>0xe0</size>
         <input_file_ref idref="fl-3"/>
      </object_component>
      <object_component id="oc-165">
         <name>.debug_info</name>
         <load_address>0x1326</load_address>
         <run_address>0x1326</run_address>
         <size>0x1b3</size>
         <input_file_ref idref="fl-3"/>
      </object_component>
      <object_component id="oc-c9">
         <name>.debug_info</name>
         <load_address>0x14d9</load_address>
         <run_address>0x14d9</run_address>
         <size>0x8b</size>
         <input_file_ref idref="fl-3"/>
      </object_component>
      <object_component id="oc-12d">
         <name>.debug_info</name>
         <load_address>0x1564</load_address>
         <run_address>0x1564</run_address>
         <size>0x35e</size>
         <input_file_ref idref="fl-4"/>
      </object_component>
      <object_component id="oc-13d">
         <name>.debug_info</name>
         <load_address>0x18c2</load_address>
         <run_address>0x18c2</run_address>
         <size>0x3d3</size>
         <input_file_ref idref="fl-5"/>
      </object_component>
      <object_component id="oc-12f">
         <name>.debug_info</name>
         <load_address>0x1c95</load_address>
         <run_address>0x1c95</run_address>
         <size>0x5d2</size>
         <input_file_ref idref="fl-6"/>
      </object_component>
      <object_component id="oc-143">
         <name>.debug_info</name>
         <load_address>0x2267</load_address>
         <run_address>0x2267</run_address>
         <size>0x7e0</size>
         <input_file_ref idref="fl-6"/>
      </object_component>
      <object_component id="oc-231">
         <name>.debug_info</name>
         <load_address>0x2a47</load_address>
         <run_address>0x2a47</run_address>
         <size>0x46a</size>
         <input_file_ref idref="fl-7"/>
      </object_component>
      <object_component id="oc-11f">
         <name>.debug_info</name>
         <load_address>0x2eb1</load_address>
         <run_address>0x2eb1</run_address>
         <size>0x3f9</size>
         <input_file_ref idref="fl-7"/>
      </object_component>
      <object_component id="oc-149">
         <name>.debug_info</name>
         <load_address>0x32aa</load_address>
         <run_address>0x32aa</run_address>
         <size>0x642</size>
         <input_file_ref idref="fl-8"/>
      </object_component>
      <object_component id="oc-10d">
         <name>.debug_info</name>
         <load_address>0x38ec</load_address>
         <run_address>0x38ec</run_address>
         <size>0x4ee</size>
         <input_file_ref idref="fl-8"/>
      </object_component>
      <object_component id="oc-131">
         <name>.debug_info</name>
         <load_address>0x3dda</load_address>
         <run_address>0x3dda</run_address>
         <size>0x3b8</size>
         <input_file_ref idref="fl-9"/>
      </object_component>
      <object_component id="oc-113">
         <name>.debug_info</name>
         <load_address>0x4192</load_address>
         <run_address>0x4192</run_address>
         <size>0x1d0</size>
         <input_file_ref idref="fl-9"/>
      </object_component>
      <object_component id="oc-11c">
         <name>.debug_info</name>
         <load_address>0x4362</load_address>
         <run_address>0x4362</run_address>
         <size>0x307</size>
         <input_file_ref idref="fl-a"/>
      </object_component>
      <object_component id="oc-14b">
         <name>.debug_info</name>
         <load_address>0x4669</load_address>
         <run_address>0x4669</run_address>
         <size>0x55e</size>
         <input_file_ref idref="fl-c"/>
      </object_component>
      <object_component id="oc-127">
         <name>.debug_info</name>
         <load_address>0x4bc7</load_address>
         <run_address>0x4bc7</run_address>
         <size>0x644</size>
         <input_file_ref idref="fl-c"/>
      </object_component>
      <object_component id="oc-133">
         <name>.debug_info</name>
         <load_address>0x520b</load_address>
         <run_address>0x520b</run_address>
         <size>0x7e5</size>
         <input_file_ref idref="fl-d"/>
      </object_component>
      <object_component id="oc-136">
         <name>.debug_info</name>
         <load_address>0x59f0</load_address>
         <run_address>0x59f0</run_address>
         <size>0x406</size>
         <input_file_ref idref="fl-d"/>
      </object_component>
      <object_component id="oc-c3">
         <name>.debug_info</name>
         <load_address>0x5df6</load_address>
         <run_address>0x5df6</run_address>
         <size>0x1507</size>
         <input_file_ref idref="fl-d"/>
      </object_component>
      <object_component id="oc-285">
         <name>.debug_info</name>
         <load_address>0x72fd</load_address>
         <run_address>0x72fd</run_address>
         <size>0x227</size>
         <input_file_ref idref="fl-13"/>
      </object_component>
      <object_component id="oc-2dd">
         <name>.debug_info</name>
         <load_address>0x7524</load_address>
         <run_address>0x7524</run_address>
         <size>0x156</size>
         <input_file_ref idref="fl-13"/>
      </object_component>
      <object_component id="oc-15c">
         <name>.debug_info</name>
         <load_address>0x767a</load_address>
         <run_address>0x767a</run_address>
         <size>0x286</size>
         <input_file_ref idref="fl-13"/>
      </object_component>
      <object_component id="oc-2e5">
         <name>.debug_info</name>
         <load_address>0x7900</load_address>
         <run_address>0x7900</run_address>
         <size>0x2dd</size>
         <input_file_ref idref="fl-13"/>
      </object_component>
      <object_component id="oc-22e">
         <name>.debug_info</name>
         <load_address>0x7bdd</load_address>
         <run_address>0x7bdd</run_address>
         <size>0x413</size>
         <input_file_ref idref="fl-13"/>
      </object_component>
      <object_component id="oc-27d">
         <name>.debug_info</name>
         <load_address>0x7ff0</load_address>
         <run_address>0x7ff0</run_address>
         <size>0x2de</size>
         <input_file_ref idref="fl-13"/>
      </object_component>
      <object_component id="oc-151">
         <name>.debug_info</name>
         <load_address>0x82ce</load_address>
         <run_address>0x82ce</run_address>
         <size>0x3e8</size>
         <input_file_ref idref="fl-13"/>
      </object_component>
      <object_component id="oc-21c">
         <name>.debug_info</name>
         <load_address>0x86b6</load_address>
         <run_address>0x86b6</run_address>
         <size>0x26c</size>
         <input_file_ref idref="fl-13"/>
      </object_component>
      <object_component id="oc-228">
         <name>.debug_info</name>
         <load_address>0x8922</load_address>
         <run_address>0x8922</run_address>
         <size>0x242</size>
         <input_file_ref idref="fl-13"/>
      </object_component>
      <object_component id="oc-222">
         <name>.debug_info</name>
         <load_address>0x8b64</load_address>
         <run_address>0x8b64</run_address>
         <size>0x360</size>
         <input_file_ref idref="fl-13"/>
      </object_component>
      <object_component id="oc-287">
         <name>.debug_info</name>
         <load_address>0x8ec4</load_address>
         <run_address>0x8ec4</run_address>
         <size>0x1b3</size>
         <input_file_ref idref="fl-13"/>
      </object_component>
      <object_component id="oc-280">
         <name>.debug_info</name>
         <load_address>0x9077</load_address>
         <run_address>0x9077</run_address>
         <size>0x18b</size>
         <input_file_ref idref="fl-13"/>
      </object_component>
      <object_component id="oc-2b5">
         <name>.debug_info</name>
         <load_address>0x9202</load_address>
         <run_address>0x9202</run_address>
         <size>0x240</size>
         <input_file_ref idref="fl-14"/>
      </object_component>
      <object_component id="oc-2b2">
         <name>.debug_info</name>
         <load_address>0x9442</load_address>
         <run_address>0x9442</run_address>
         <size>0x15b</size>
         <input_file_ref idref="fl-14"/>
      </object_component>
      <object_component id="oc-1bc">
         <name>.debug_info</name>
         <load_address>0x959d</load_address>
         <run_address>0x959d</run_address>
         <size>0x2a3</size>
         <input_file_ref idref="fl-14"/>
      </object_component>
      <object_component id="oc-2b8">
         <name>.debug_info</name>
         <load_address>0x9840</load_address>
         <run_address>0x9840</run_address>
         <size>0x2b3</size>
         <input_file_ref idref="fl-14"/>
      </object_component>
      <object_component id="oc-26e">
         <name>.debug_info</name>
         <load_address>0x9af3</load_address>
         <run_address>0x9af3</run_address>
         <size>0x316</size>
         <input_file_ref idref="fl-14"/>
      </object_component>
      <object_component id="oc-234">
         <name>.debug_info</name>
         <load_address>0x9e09</load_address>
         <run_address>0x9e09</run_address>
         <size>0x27b</size>
         <input_file_ref idref="fl-14"/>
      </object_component>
      <object_component id="oc-1a3">
         <name>.debug_info</name>
         <load_address>0xa084</load_address>
         <run_address>0xa084</run_address>
         <size>0x279</size>
         <input_file_ref idref="fl-14"/>
      </object_component>
      <object_component id="oc-247">
         <name>.debug_info</name>
         <load_address>0xa2fd</load_address>
         <run_address>0xa2fd</run_address>
         <size>0x2b7</size>
         <input_file_ref idref="fl-14"/>
      </object_component>
      <object_component id="oc-268">
         <name>.debug_info</name>
         <load_address>0xa5b4</load_address>
         <run_address>0xa5b4</run_address>
         <size>0x285</size>
         <input_file_ref idref="fl-14"/>
      </object_component>
      <object_component id="oc-214">
         <name>.debug_info</name>
         <load_address>0xa839</load_address>
         <run_address>0xa839</run_address>
         <size>0x279</size>
         <input_file_ref idref="fl-14"/>
      </object_component>
      <object_component id="oc-262">
         <name>.debug_info</name>
         <load_address>0xaab2</load_address>
         <run_address>0xaab2</run_address>
         <size>0x27b</size>
         <input_file_ref idref="fl-14"/>
      </object_component>
      <object_component id="oc-19e">
         <name>.debug_info</name>
         <load_address>0xad2d</load_address>
         <run_address>0xad2d</run_address>
         <size>0x280</size>
         <input_file_ref idref="fl-14"/>
      </object_component>
      <object_component id="oc-321">
         <name>.debug_info</name>
         <load_address>0xafad</load_address>
         <run_address>0xafad</run_address>
         <size>0x20e</size>
         <input_file_ref idref="fl-15"/>
      </object_component>
      <object_component id="oc-31e">
         <name>.debug_info</name>
         <load_address>0xb1bb</load_address>
         <run_address>0xb1bb</run_address>
         <size>0x157</size>
         <input_file_ref idref="fl-15"/>
      </object_component>
      <object_component id="oc-2ce">
         <name>.debug_info</name>
         <load_address>0xb312</load_address>
         <run_address>0xb312</run_address>
         <size>0x2c1</size>
         <input_file_ref idref="fl-15"/>
      </object_component>
      <object_component id="oc-2c2">
         <name>.debug_info</name>
         <load_address>0xb5d3</load_address>
         <run_address>0xb5d3</run_address>
         <size>0x21c</size>
         <input_file_ref idref="fl-16"/>
      </object_component>
      <object_component id="oc-1b5">
         <name>.debug_info</name>
         <load_address>0xb7ef</load_address>
         <run_address>0xb7ef</run_address>
         <size>0x242</size>
         <input_file_ref idref="fl-16"/>
      </object_component>
      <object_component id="oc-1c1">
         <name>.debug_info</name>
         <load_address>0xba31</load_address>
         <run_address>0xba31</run_address>
         <size>0x276</size>
         <input_file_ref idref="fl-16"/>
      </object_component>
      <object_component id="oc-1cd">
         <name>.debug_info</name>
         <load_address>0xbca7</load_address>
         <run_address>0xbca7</run_address>
         <size>0x29a</size>
         <input_file_ref idref="fl-16"/>
      </object_component>
      <object_component id="oc-1af">
         <name>.debug_info</name>
         <load_address>0xbf41</load_address>
         <run_address>0xbf41</run_address>
         <size>0x3d9</size>
         <input_file_ref idref="fl-16"/>
      </object_component>
      <object_component id="oc-1c7">
         <name>.debug_info</name>
         <load_address>0xc31a</load_address>
         <run_address>0xc31a</run_address>
         <size>0x242</size>
         <input_file_ref idref="fl-16"/>
      </object_component>
      <object_component id="oc-2ae">
         <name>.debug_info</name>
         <load_address>0xc55c</load_address>
         <run_address>0xc55c</run_address>
         <size>0x298</size>
         <input_file_ref idref="fl-17"/>
      </object_component>
      <object_component id="oc-2be">
         <name>.debug_info</name>
         <load_address>0xc7f4</load_address>
         <run_address>0xc7f4</run_address>
         <size>0x14d</size>
         <input_file_ref idref="fl-17"/>
      </object_component>
      <object_component id="oc-197">
         <name>.debug_info</name>
         <load_address>0xc941</load_address>
         <run_address>0xc941</run_address>
         <size>0x27f</size>
         <input_file_ref idref="fl-17"/>
      </object_component>
      <object_component id="oc-191">
         <name>.debug_info</name>
         <load_address>0xcbc0</load_address>
         <run_address>0xcbc0</run_address>
         <size>0x27d</size>
         <input_file_ref idref="fl-17"/>
      </object_component>
      <object_component id="oc-18b">
         <name>.debug_info</name>
         <load_address>0xce3d</load_address>
         <run_address>0xce3d</run_address>
         <size>0x2db</size>
         <input_file_ref idref="fl-17"/>
      </object_component>
      <object_component id="oc-1a9">
         <name>.debug_info</name>
         <load_address>0xd118</load_address>
         <run_address>0xd118</run_address>
         <size>0x2b5</size>
         <input_file_ref idref="fl-17"/>
      </object_component>
      <object_component id="oc-30d">
         <name>.debug_info</name>
         <load_address>0xd3cd</load_address>
         <run_address>0xd3cd</run_address>
         <size>0x5f</size>
         <input_file_ref idref="fl-17"/>
      </object_component>
      <object_component id="oc-2c9">
         <name>.debug_info</name>
         <load_address>0xd42c</load_address>
         <run_address>0xd42c</run_address>
         <size>0x19d</size>
         <input_file_ref idref="fl-18"/>
      </object_component>
      <object_component id="oc-1d5">
         <name>.debug_info</name>
         <load_address>0xd5c9</load_address>
         <run_address>0xd5c9</run_address>
         <size>0x261</size>
         <input_file_ref idref="fl-18"/>
      </object_component>
      <object_component id="oc-1dd">
         <name>.debug_info</name>
         <load_address>0xd82a</load_address>
         <run_address>0xd82a</run_address>
         <size>0x277</size>
         <input_file_ref idref="fl-18"/>
      </object_component>
      <object_component id="oc-1e4">
         <name>.debug_info</name>
         <load_address>0xdaa1</load_address>
         <run_address>0xdaa1</run_address>
         <size>0x227</size>
         <input_file_ref idref="fl-18"/>
      </object_component>
      <object_component id="oc-1e8">
         <name>.debug_info</name>
         <load_address>0xdcc8</load_address>
         <run_address>0xdcc8</run_address>
         <size>0x221</size>
         <input_file_ref idref="fl-18"/>
      </object_component>
      <object_component id="oc-2d4">
         <name>.debug_info</name>
         <load_address>0xdee9</load_address>
         <run_address>0xdee9</run_address>
         <size>0x223</size>
         <input_file_ref idref="fl-19"/>
      </object_component>
      <object_component id="oc-1f4">
         <name>.debug_info</name>
         <load_address>0xe10c</load_address>
         <run_address>0xe10c</run_address>
         <size>0x2ba</size>
         <input_file_ref idref="fl-19"/>
      </object_component>
      <object_component id="oc-206">
         <name>.debug_info</name>
         <load_address>0xe3c6</load_address>
         <run_address>0xe3c6</run_address>
         <size>0x284</size>
         <input_file_ref idref="fl-19"/>
      </object_component>
      <object_component id="oc-1fa">
         <name>.debug_info</name>
         <load_address>0xe64a</load_address>
         <run_address>0xe64a</run_address>
         <size>0x292</size>
         <input_file_ref idref="fl-19"/>
      </object_component>
      <object_component id="oc-200">
         <name>.debug_info</name>
         <load_address>0xe8dc</load_address>
         <run_address>0xe8dc</run_address>
         <size>0x27f</size>
         <input_file_ref idref="fl-19"/>
      </object_component>
      <object_component id="oc-20c">
         <name>.debug_info</name>
         <load_address>0xeb5b</load_address>
         <run_address>0xeb5b</run_address>
         <size>0x281</size>
         <input_file_ref idref="fl-19"/>
      </object_component>
      <object_component id="oc-1ee">
         <name>.debug_info</name>
         <load_address>0xeddc</load_address>
         <run_address>0xeddc</run_address>
         <size>0x28c</size>
         <input_file_ref idref="fl-19"/>
      </object_component>
      <object_component id="oc-2f2">
         <name>.debug_info</name>
         <load_address>0xf068</load_address>
         <run_address>0xf068</run_address>
         <size>0x227</size>
         <input_file_ref idref="fl-1a"/>
      </object_component>
      <object_component id="oc-242">
         <name>.debug_info</name>
         <load_address>0xf28f</load_address>
         <run_address>0xf28f</run_address>
         <size>0x247</size>
         <input_file_ref idref="fl-1a"/>
      </object_component>
      <object_component id="oc-2ee">
         <name>.debug_info</name>
         <load_address>0xf4d6</load_address>
         <run_address>0xf4d6</run_address>
         <size>0x249</size>
         <input_file_ref idref="fl-1a"/>
      </object_component>
      <object_component id="oc-23c">
         <name>.debug_info</name>
         <load_address>0xf71f</load_address>
         <run_address>0xf71f</run_address>
         <size>0x326</size>
         <input_file_ref idref="fl-1a"/>
      </object_component>
      <object_component id="oc-24f">
         <name>.debug_info</name>
         <load_address>0xfa45</load_address>
         <run_address>0xfa45</run_address>
         <size>0x273</size>
         <input_file_ref idref="fl-1a"/>
      </object_component>
      <object_component id="oc-8e">
         <name>.debug_info</name>
         <load_address>0xfcb8</load_address>
         <run_address>0xfcb8</run_address>
         <size>0x2d4</size>
         <input_file_ref idref="fl-d1"/>
      </object_component>
      <object_component id="oc-4b">
         <name>.debug_info</name>
         <load_address>0xff8c</load_address>
         <run_address>0xff8c</run_address>
         <size>0x1d2</size>
         <input_file_ref idref="fl-d1"/>
      </object_component>
      <object_component id="oc-89">
         <name>.debug_info</name>
         <load_address>0x1015e</load_address>
         <run_address>0x1015e</run_address>
         <size>0x46</size>
         <input_file_ref idref="fl-d1"/>
      </object_component>
      <object_component id="oc-b9">
         <name>.debug_info</name>
         <load_address>0x101a4</load_address>
         <run_address>0x101a4</run_address>
         <size>0x2c</size>
         <input_file_ref idref="fl-d1"/>
      </object_component>
      <object_component id="oc-46">
         <name>.debug_info</name>
         <load_address>0x101d0</load_address>
         <run_address>0x101d0</run_address>
         <size>0x2a8</size>
         <input_file_ref idref="fl-d2"/>
      </object_component>
      <object_component id="oc-1c">
         <name>.debug_info</name>
         <load_address>0x10478</load_address>
         <run_address>0x10478</run_address>
         <size>0x1ea</size>
         <input_file_ref idref="fl-d2"/>
      </object_component>
      <object_component id="oc-41">
         <name>.debug_info</name>
         <load_address>0x10662</load_address>
         <run_address>0x10662</run_address>
         <size>0x46</size>
         <input_file_ref idref="fl-d2"/>
      </object_component>
      <object_component id="oc-81">
         <name>.debug_info</name>
         <load_address>0x106a8</load_address>
         <run_address>0x106a8</run_address>
         <size>0x2c</size>
         <input_file_ref idref="fl-d2"/>
      </object_component>
      <object_component id="oc-7f">
         <name>.debug_info</name>
         <load_address>0x106d4</load_address>
         <run_address>0x106d4</run_address>
         <size>0x29e</size>
         <input_file_ref idref="fl-d3"/>
      </object_component>
      <object_component id="oc-18">
         <name>.debug_info</name>
         <load_address>0x10972</load_address>
         <run_address>0x10972</run_address>
         <size>0x250</size>
         <input_file_ref idref="fl-d3"/>
      </object_component>
      <object_component id="oc-31">
         <name>.debug_info</name>
         <load_address>0x10bc2</load_address>
         <run_address>0x10bc2</run_address>
         <size>0x60</size>
         <input_file_ref idref="fl-d3"/>
      </object_component>
      <object_component id="oc-b2">
         <name>.debug_info</name>
         <load_address>0x10c22</load_address>
         <run_address>0x10c22</run_address>
         <size>0x46</size>
         <input_file_ref idref="fl-d3"/>
      </object_component>
      <object_component id="oc-7a">
         <name>.debug_info</name>
         <load_address>0x10c68</load_address>
         <run_address>0x10c68</run_address>
         <size>0x39</size>
         <input_file_ref idref="fl-d3"/>
      </object_component>
      <object_component id="oc-25">
         <name>.debug_info</name>
         <load_address>0x10ca1</load_address>
         <run_address>0x10ca1</run_address>
         <size>0x10b</size>
         <input_file_ref idref="fl-d4"/>
      </object_component>
      <object_component id="oc-5a">
         <name>.debug_info</name>
         <load_address>0x10dac</load_address>
         <run_address>0x10dac</run_address>
         <size>0x1a9</size>
         <input_file_ref idref="fl-d4"/>
      </object_component>
      <object_component id="oc-3c">
         <name>.debug_info</name>
         <load_address>0x10f55</load_address>
         <run_address>0x10f55</run_address>
         <size>0x119</size>
         <input_file_ref idref="fl-d5"/>
      </object_component>
      <object_component id="oc-175">
         <name>.debug_info</name>
         <load_address>0x1106e</load_address>
         <run_address>0x1106e</run_address>
         <size>0x4b3</size>
         <input_file_ref idref="fl-d7"/>
      </object_component>
      <object_component id="oc-dc">
         <name>.debug_info</name>
         <load_address>0x11521</load_address>
         <run_address>0x11521</run_address>
         <size>0x1a6</size>
         <input_file_ref idref="fl-d7"/>
      </object_component>
      <object_component id="oc-29c">
         <name>.debug_info</name>
         <load_address>0x116c7</load_address>
         <run_address>0x116c7</run_address>
         <size>0x39</size>
         <input_file_ref idref="fl-d7"/>
      </object_component>
      <object_component id="oc-2ff">
         <name>.debug_info</name>
         <load_address>0x11700</load_address>
         <run_address>0x11700</run_address>
         <size>0x39</size>
         <input_file_ref idref="fl-d7"/>
      </object_component>
      <object_component id="oc-2a1">
         <name>.debug_info</name>
         <load_address>0x11739</load_address>
         <run_address>0x11739</run_address>
         <size>0x39</size>
         <input_file_ref idref="fl-d7"/>
      </object_component>
      <object_component id="oc-2a6">
         <name>.debug_info</name>
         <load_address>0x11772</load_address>
         <run_address>0x11772</run_address>
         <size>0xcd</size>
         <input_file_ref idref="fl-d7"/>
      </object_component>
      <object_component id="oc-98">
         <name>.debug_info</name>
         <load_address>0x1183f</load_address>
         <run_address>0x1183f</run_address>
         <size>0x153</size>
         <input_file_ref idref="fl-d8"/>
      </object_component>
      <object_component id="oc-cf">
         <name>.debug_info</name>
         <load_address>0x11992</load_address>
         <run_address>0x11992</run_address>
         <size>0x122</size>
         <input_file_ref idref="fl-da"/>
      </object_component>
      <object_component id="oc-35e">
         <name>.debug_info</name>
         <load_address>0x11ab4</load_address>
         <run_address>0x11ab4</run_address>
         <size>0x97</size>
      </object_component>
      <object_component id="oc-6f">
         <name>.debug_line</name>
         <load_address>0x0</load_address>
         <run_address>0x0</run_address>
         <size>0x41</size>
         <input_file_ref idref="fl-2"/>
      </object_component>
      <object_component id="oc-2e">
         <name>.debug_line</name>
         <load_address>0x41</load_address>
         <run_address>0x41</run_address>
         <size>0x41</size>
         <input_file_ref idref="fl-2"/>
      </object_component>
      <object_component id="oc-2a">
         <name>.debug_line</name>
         <load_address>0x82</load_address>
         <run_address>0x82</run_address>
         <size>0xa1</size>
         <input_file_ref idref="fl-2"/>
      </object_component>
      <object_component id="oc-73">
         <name>.debug_line</name>
         <load_address>0x123</load_address>
         <run_address>0x123</run_address>
         <size>0x67</size>
         <input_file_ref idref="fl-2"/>
      </object_component>
      <object_component id="oc-39">
         <name>.debug_line</name>
         <load_address>0x18a</load_address>
         <run_address>0x18a</run_address>
         <size>0x20</size>
         <input_file_ref idref="fl-2"/>
      </object_component>
      <object_component id="oc-b0">
         <name>.debug_line</name>
         <load_address>0x1aa</load_address>
         <run_address>0x1aa</run_address>
         <size>0x6b</size>
         <input_file_ref idref="fl-2"/>
      </object_component>
      <object_component id="oc-78">
         <name>.debug_line</name>
         <load_address>0x215</load_address>
         <run_address>0x215</run_address>
         <size>0x68</size>
         <input_file_ref idref="fl-2"/>
      </object_component>
      <object_component id="oc-255">
         <name>.debug_line</name>
         <load_address>0x27d</load_address>
         <run_address>0x27d</run_address>
         <size>0x187</size>
         <input_file_ref idref="fl-3"/>
      </object_component>
      <object_component id="oc-a0">
         <name>.debug_line</name>
         <load_address>0x404</load_address>
         <run_address>0x404</run_address>
         <size>0x49</size>
         <input_file_ref idref="fl-3"/>
      </object_component>
      <object_component id="oc-163">
         <name>.debug_line</name>
         <load_address>0x44d</load_address>
         <run_address>0x44d</run_address>
         <size>0x55</size>
         <input_file_ref idref="fl-3"/>
      </object_component>
      <object_component id="oc-168">
         <name>.debug_line</name>
         <load_address>0x4a2</load_address>
         <run_address>0x4a2</run_address>
         <size>0x55</size>
         <input_file_ref idref="fl-3"/>
      </object_component>
      <object_component id="oc-cc">
         <name>.debug_line</name>
         <load_address>0x4f7</load_address>
         <run_address>0x4f7</run_address>
         <size>0x20</size>
         <input_file_ref idref="fl-3"/>
      </object_component>
      <object_component id="oc-257">
         <name>.debug_line</name>
         <load_address>0x517</load_address>
         <run_address>0x517</run_address>
         <size>0x187</size>
         <input_file_ref idref="fl-4"/>
      </object_component>
      <object_component id="oc-13b">
         <name>.debug_line</name>
         <load_address>0x69e</load_address>
         <run_address>0x69e</run_address>
         <size>0xd3</size>
         <input_file_ref idref="fl-5"/>
      </object_component>
      <object_component id="oc-259">
         <name>.debug_line</name>
         <load_address>0x771</load_address>
         <run_address>0x771</run_address>
         <size>0x1f5</size>
         <input_file_ref idref="fl-6"/>
      </object_component>
      <object_component id="oc-141">
         <name>.debug_line</name>
         <load_address>0x966</load_address>
         <run_address>0x966</run_address>
         <size>0x1dc</size>
         <input_file_ref idref="fl-6"/>
      </object_component>
      <object_component id="oc-2e9">
         <name>.debug_line</name>
         <load_address>0xb42</load_address>
         <run_address>0xb42</run_address>
         <size>0x105</size>
         <input_file_ref idref="fl-7"/>
      </object_component>
      <object_component id="oc-122">
         <name>.debug_line</name>
         <load_address>0xc47</load_address>
         <run_address>0xc47</run_address>
         <size>0x9f</size>
         <input_file_ref idref="fl-7"/>
      </object_component>
      <object_component id="oc-276">
         <name>.debug_line</name>
         <load_address>0xce6</load_address>
         <run_address>0xce6</run_address>
         <size>0x10f</size>
         <input_file_ref idref="fl-8"/>
      </object_component>
      <object_component id="oc-111">
         <name>.debug_line</name>
         <load_address>0xdf5</load_address>
         <run_address>0xdf5</run_address>
         <size>0xcd</size>
         <input_file_ref idref="fl-8"/>
      </object_component>
      <object_component id="oc-25b">
         <name>.debug_line</name>
         <load_address>0xec2</load_address>
         <run_address>0xec2</run_address>
         <size>0xe0</size>
         <input_file_ref idref="fl-9"/>
      </object_component>
      <object_component id="oc-116">
         <name>.debug_line</name>
         <load_address>0xfa2</load_address>
         <run_address>0xfa2</run_address>
         <size>0x69</size>
         <input_file_ref idref="fl-9"/>
      </object_component>
      <object_component id="oc-11a">
         <name>.debug_line</name>
         <load_address>0x100b</load_address>
         <run_address>0x100b</run_address>
         <size>0x89</size>
         <input_file_ref idref="fl-a"/>
      </object_component>
      <object_component id="oc-278">
         <name>.debug_line</name>
         <load_address>0x1094</load_address>
         <run_address>0x1094</run_address>
         <size>0xfb</size>
         <input_file_ref idref="fl-c"/>
      </object_component>
      <object_component id="oc-125">
         <name>.debug_line</name>
         <load_address>0x118f</load_address>
         <run_address>0x118f</run_address>
         <size>0x123</size>
         <input_file_ref idref="fl-c"/>
      </object_component>
      <object_component id="oc-25d">
         <name>.debug_line</name>
         <load_address>0x12b2</load_address>
         <run_address>0x12b2</run_address>
         <size>0x255</size>
         <input_file_ref idref="fl-d"/>
      </object_component>
      <object_component id="oc-25f">
         <name>.debug_line</name>
         <load_address>0x1507</load_address>
         <run_address>0x1507</run_address>
         <size>0x35</size>
         <input_file_ref idref="fl-d"/>
      </object_component>
      <object_component id="oc-c7">
         <name>.debug_line</name>
         <load_address>0x153c</load_address>
         <run_address>0x153c</run_address>
         <size>0x4a3</size>
         <input_file_ref idref="fl-d"/>
      </object_component>
      <object_component id="oc-2fb">
         <name>.debug_line</name>
         <load_address>0x19df</load_address>
         <run_address>0x19df</run_address>
         <size>0x82</size>
         <input_file_ref idref="fl-13"/>
      </object_component>
      <object_component id="oc-325">
         <name>.debug_line</name>
         <load_address>0x1a61</load_address>
         <run_address>0x1a61</run_address>
         <size>0x7c</size>
         <input_file_ref idref="fl-13"/>
      </object_component>
      <object_component id="oc-15b">
         <name>.debug_line</name>
         <load_address>0x1add</load_address>
         <run_address>0x1add</run_address>
         <size>0xb2</size>
         <input_file_ref idref="fl-13"/>
      </object_component>
      <object_component id="oc-2e3">
         <name>.debug_line</name>
         <load_address>0x1b8f</load_address>
         <run_address>0x1b8f</run_address>
         <size>0xa2</size>
         <input_file_ref idref="fl-13"/>
      </object_component>
      <object_component id="oc-22d">
         <name>.debug_line</name>
         <load_address>0x1c31</load_address>
         <run_address>0x1c31</run_address>
         <size>0x131</size>
         <input_file_ref idref="fl-13"/>
      </object_component>
      <object_component id="oc-27c">
         <name>.debug_line</name>
         <load_address>0x1d62</load_address>
         <run_address>0x1d62</run_address>
         <size>0xa5</size>
         <input_file_ref idref="fl-13"/>
      </object_component>
      <object_component id="oc-14f">
         <name>.debug_line</name>
         <load_address>0x1e07</load_address>
         <run_address>0x1e07</run_address>
         <size>0x10e</size>
         <input_file_ref idref="fl-13"/>
      </object_component>
      <object_component id="oc-21a">
         <name>.debug_line</name>
         <load_address>0x1f15</load_address>
         <run_address>0x1f15</run_address>
         <size>0xa9</size>
         <input_file_ref idref="fl-13"/>
      </object_component>
      <object_component id="oc-226">
         <name>.debug_line</name>
         <load_address>0x1fbe</load_address>
         <run_address>0x1fbe</run_address>
         <size>0x91</size>
         <input_file_ref idref="fl-13"/>
      </object_component>
      <object_component id="oc-220">
         <name>.debug_line</name>
         <load_address>0x204f</load_address>
         <run_address>0x204f</run_address>
         <size>0xd0</size>
         <input_file_ref idref="fl-13"/>
      </object_component>
      <object_component id="oc-28a">
         <name>.debug_line</name>
         <load_address>0x211f</load_address>
         <run_address>0x211f</run_address>
         <size>0x7c</size>
         <input_file_ref idref="fl-13"/>
      </object_component>
      <object_component id="oc-283">
         <name>.debug_line</name>
         <load_address>0x219b</load_address>
         <run_address>0x219b</run_address>
         <size>0x69</size>
         <input_file_ref idref="fl-13"/>
      </object_component>
      <object_component id="oc-315">
         <name>.debug_line</name>
         <load_address>0x2204</load_address>
         <run_address>0x2204</run_address>
         <size>0x82</size>
         <input_file_ref idref="fl-14"/>
      </object_component>
      <object_component id="oc-313">
         <name>.debug_line</name>
         <load_address>0x2286</load_address>
         <run_address>0x2286</run_address>
         <size>0x7d</size>
         <input_file_ref idref="fl-14"/>
      </object_component>
      <object_component id="oc-1bf">
         <name>.debug_line</name>
         <load_address>0x2303</load_address>
         <run_address>0x2303</run_address>
         <size>0x92</size>
         <input_file_ref idref="fl-14"/>
      </object_component>
      <object_component id="oc-2bb">
         <name>.debug_line</name>
         <load_address>0x2395</load_address>
         <run_address>0x2395</run_address>
         <size>0x95</size>
         <input_file_ref idref="fl-14"/>
      </object_component>
      <object_component id="oc-271">
         <name>.debug_line</name>
         <load_address>0x242a</load_address>
         <run_address>0x242a</run_address>
         <size>0xd1</size>
         <input_file_ref idref="fl-14"/>
      </object_component>
      <object_component id="oc-237">
         <name>.debug_line</name>
         <load_address>0x24fb</load_address>
         <run_address>0x24fb</run_address>
         <size>0x93</size>
         <input_file_ref idref="fl-14"/>
      </object_component>
      <object_component id="oc-1a6">
         <name>.debug_line</name>
         <load_address>0x258e</load_address>
         <run_address>0x258e</run_address>
         <size>0x93</size>
         <input_file_ref idref="fl-14"/>
      </object_component>
      <object_component id="oc-246">
         <name>.debug_line</name>
         <load_address>0x2621</load_address>
         <run_address>0x2621</run_address>
         <size>0x99</size>
         <input_file_ref idref="fl-14"/>
      </object_component>
      <object_component id="oc-267">
         <name>.debug_line</name>
         <load_address>0x26ba</load_address>
         <run_address>0x26ba</run_address>
         <size>0x93</size>
         <input_file_ref idref="fl-14"/>
      </object_component>
      <object_component id="oc-213">
         <name>.debug_line</name>
         <load_address>0x274d</load_address>
         <run_address>0x274d</run_address>
         <size>0x93</size>
         <input_file_ref idref="fl-14"/>
      </object_component>
      <object_component id="oc-261">
         <name>.debug_line</name>
         <load_address>0x27e0</load_address>
         <run_address>0x27e0</run_address>
         <size>0x92</size>
         <input_file_ref idref="fl-14"/>
      </object_component>
      <object_component id="oc-19d">
         <name>.debug_line</name>
         <load_address>0x2872</load_address>
         <run_address>0x2872</run_address>
         <size>0xa7</size>
         <input_file_ref idref="fl-14"/>
      </object_component>
      <object_component id="oc-32d">
         <name>.debug_line</name>
         <load_address>0x2919</load_address>
         <run_address>0x2919</run_address>
         <size>0x7c</size>
         <input_file_ref idref="fl-15"/>
      </object_component>
      <object_component id="oc-32b">
         <name>.debug_line</name>
         <load_address>0x2995</load_address>
         <run_address>0x2995</run_address>
         <size>0x82</size>
         <input_file_ref idref="fl-15"/>
      </object_component>
      <object_component id="oc-2cd">
         <name>.debug_line</name>
         <load_address>0x2a17</load_address>
         <run_address>0x2a17</run_address>
         <size>0xaf</size>
         <input_file_ref idref="fl-15"/>
      </object_component>
      <object_component id="oc-31a">
         <name>.debug_line</name>
         <load_address>0x2ac6</load_address>
         <run_address>0x2ac6</run_address>
         <size>0x82</size>
         <input_file_ref idref="fl-16"/>
      </object_component>
      <object_component id="oc-1b9">
         <name>.debug_line</name>
         <load_address>0x2b48</load_address>
         <run_address>0x2b48</run_address>
         <size>0x91</size>
         <input_file_ref idref="fl-16"/>
      </object_component>
      <object_component id="oc-1c4">
         <name>.debug_line</name>
         <load_address>0x2bd9</load_address>
         <run_address>0x2bd9</run_address>
         <size>0x94</size>
         <input_file_ref idref="fl-16"/>
      </object_component>
      <object_component id="oc-1d1">
         <name>.debug_line</name>
         <load_address>0x2c6d</load_address>
         <run_address>0x2c6d</run_address>
         <size>0x97</size>
         <input_file_ref idref="fl-16"/>
      </object_component>
      <object_component id="oc-1b3">
         <name>.debug_line</name>
         <load_address>0x2d04</load_address>
         <run_address>0x2d04</run_address>
         <size>0xa3</size>
         <input_file_ref idref="fl-16"/>
      </object_component>
      <object_component id="oc-1ca">
         <name>.debug_line</name>
         <load_address>0x2da7</load_address>
         <run_address>0x2da7</run_address>
         <size>0x91</size>
         <input_file_ref idref="fl-16"/>
      </object_component>
      <object_component id="oc-30c">
         <name>.debug_line</name>
         <load_address>0x2e38</load_address>
         <run_address>0x2e38</run_address>
         <size>0x13d</size>
         <input_file_ref idref="fl-17"/>
      </object_component>
      <object_component id="oc-318">
         <name>.debug_line</name>
         <load_address>0x2f75</load_address>
         <run_address>0x2f75</run_address>
         <size>0x7f</size>
         <input_file_ref idref="fl-17"/>
      </object_component>
      <object_component id="oc-19a">
         <name>.debug_line</name>
         <load_address>0x2ff4</load_address>
         <run_address>0x2ff4</run_address>
         <size>0x94</size>
         <input_file_ref idref="fl-17"/>
      </object_component>
      <object_component id="oc-194">
         <name>.debug_line</name>
         <load_address>0x3088</load_address>
         <run_address>0x3088</run_address>
         <size>0x94</size>
         <input_file_ref idref="fl-17"/>
      </object_component>
      <object_component id="oc-18e">
         <name>.debug_line</name>
         <load_address>0x311c</load_address>
         <run_address>0x311c</run_address>
         <size>0xee</size>
         <input_file_ref idref="fl-17"/>
      </object_component>
      <object_component id="oc-1ac">
         <name>.debug_line</name>
         <load_address>0x320a</load_address>
         <run_address>0x320a</run_address>
         <size>0x11a</size>
         <input_file_ref idref="fl-17"/>
      </object_component>
      <object_component id="oc-310">
         <name>.debug_line</name>
         <load_address>0x3324</load_address>
         <run_address>0x3324</run_address>
         <size>0x7f</size>
         <input_file_ref idref="fl-17"/>
      </object_component>
      <object_component id="oc-31c">
         <name>.debug_line</name>
         <load_address>0x33a3</load_address>
         <run_address>0x33a3</run_address>
         <size>0x82</size>
         <input_file_ref idref="fl-18"/>
      </object_component>
      <object_component id="oc-1d8">
         <name>.debug_line</name>
         <load_address>0x3425</load_address>
         <run_address>0x3425</run_address>
         <size>0x95</size>
         <input_file_ref idref="fl-18"/>
      </object_component>
      <object_component id="oc-1df">
         <name>.debug_line</name>
         <load_address>0x34ba</load_address>
         <run_address>0x34ba</run_address>
         <size>0x96</size>
         <input_file_ref idref="fl-18"/>
      </object_component>
      <object_component id="oc-1e3">
         <name>.debug_line</name>
         <load_address>0x3550</load_address>
         <run_address>0x3550</run_address>
         <size>0x95</size>
         <input_file_ref idref="fl-18"/>
      </object_component>
      <object_component id="oc-1eb">
         <name>.debug_line</name>
         <load_address>0x35e5</load_address>
         <run_address>0x35e5</run_address>
         <size>0x92</size>
         <input_file_ref idref="fl-18"/>
      </object_component>
      <object_component id="oc-323">
         <name>.debug_line</name>
         <load_address>0x3677</load_address>
         <run_address>0x3677</run_address>
         <size>0x82</size>
         <input_file_ref idref="fl-19"/>
      </object_component>
      <object_component id="oc-1f7">
         <name>.debug_line</name>
         <load_address>0x36f9</load_address>
         <run_address>0x36f9</run_address>
         <size>0x9c</size>
         <input_file_ref idref="fl-19"/>
      </object_component>
      <object_component id="oc-209">
         <name>.debug_line</name>
         <load_address>0x3795</load_address>
         <run_address>0x3795</run_address>
         <size>0x93</size>
         <input_file_ref idref="fl-19"/>
      </object_component>
      <object_component id="oc-1fd">
         <name>.debug_line</name>
         <load_address>0x3828</load_address>
         <run_address>0x3828</run_address>
         <size>0x93</size>
         <input_file_ref idref="fl-19"/>
      </object_component>
      <object_component id="oc-203">
         <name>.debug_line</name>
         <load_address>0x38bb</load_address>
         <run_address>0x38bb</run_address>
         <size>0x93</size>
         <input_file_ref idref="fl-19"/>
      </object_component>
      <object_component id="oc-20f">
         <name>.debug_line</name>
         <load_address>0x394e</load_address>
[...]
         <value>0x127b</value>
         <object_component_ref idref="oc-13f"/>
      </symbol>
      <symbol id="sm-e1">
         <name>LED_greenOn</name>
         <value>0x1289</value>
         <object_component_ref idref="oc-13f"/>
      </symbol>
      <symbol id="sm-e2">
         <name>LED_redOn</name>
         <value>0x12a5</value>
         <object_component_ref idref="oc-13f"/>
      </symbol>
      <symbol id="sm-e3">
         <name>HAL_voidLedBlink</name>
         <value>0x1321</value>
         <object_component_ref idref="oc-13f"/>
      </symbol>
      <symbol id="sm-e4">
         <name>LED_blueOn</name>
         <value>0x126d</value>
         <object_component_ref idref="oc-13f"/>
      </symbol>
      <symbol id="sm-e5">
         <name>HAL_voidLedOff</name>
         <value>0x13cf</value>
         <object_component_ref idref="oc-13f"/>
      </symbol>
      <symbol id="sm-e6">
         <name>LED_redBlink</name>
         <value>0x1317</value>
         <object_component_ref idref="oc-13f"/>
      </symbol>
      <symbol id="sm-e7">
         <name>LED_greenOff</name>
         <value>0x1297</value>
         <object_component_ref idref="oc-13f"/>
      </symbol>
      <symbol id="sm-e8">
         <name>HAL_voidLedOn</name>
         <value>0x139b</value>
         <object_component_ref idref="oc-13f"/>
      </symbol>
      <symbol id="sm-e9">
         <name>LED_redOff</name>
         <value>0x12b3</value>
         <object_component_ref idref="oc-13f"/>
      </symbol>
      <symbol id="sm-ea">
         <name>LED_initPortF</name>
         <value>0x1305</value>
         <object_component_ref idref="oc-13f"/>
      </symbol>
      <symbol id="sm-eb">
         <name>LED_whiteOff</name>
         <value>0x12e3</value>
         <object_component_ref idref="oc-13f"/>
      </symbol>
      <symbol id="sm-105">
         <name>CAN_Init</name>
         <value>0x1a8d</value>
         <object_component_ref idref="oc-11e"/>
      </symbol>
      <symbol id="sm-106">
         <name>CAN_ReceiveInit</name>
         <value>0x1b13</value>
         <object_component_ref idref="oc-11e"/>
      </symbol>
      <symbol id="sm-107">
         <name>CAN_Send</name>
         <value>0x1adf</value>
         <object_component_ref idref="oc-11e"/>
      </symbol>
      <symbol id="sm-12f">
         <name>SPI_masterInit</name>
         <value>0x109d</value>
         <object_component_ref idref="oc-10c"/>
      </symbol>
      <symbol id="sm-130">
         <name>SPI_masterSend</name>
         <value>0x116d</value>
         <object_component_ref idref="oc-10c"/>
      </symbol>
      <symbol id="sm-131">
         <name>SPI_slaveInit</name>
         <value>0x1105</value>
         <object_component_ref idref="oc-10c"/>
      </symbol>
      <symbol id="sm-141">
         <name>SYSTICK_init</name>
         <value>0x2065</value>
         <object_component_ref idref="oc-112"/>
      </symbol>
      <symbol id="sm-151">
         <name>TIMER0_init</name>
         <value>0x1c0d</value>
         <object_component_ref idref="oc-118"/>
      </symbol>
      <symbol id="sm-152">
         <name>TIMER0_delayMs</name>
         <value>0x1c29</value>
         <object_component_ref idref="oc-118"/>
      </symbol>
      <symbol id="sm-17c">
         <name>UART0_sendMessage</name>
         <value>0xfaf</value>
         <object_component_ref idref="oc-124"/>
      </symbol>
      <symbol id="sm-17d">
         <name>UART0_init</name>
         <value>0xf0b</value>
         <object_component_ref idref="oc-124"/>
      </symbol>
      <symbol id="sm-17e">
         <name>UART_SendNumber</name>
         <value>0xfcf</value>
         <object_component_ref idref="oc-124"/>
      </symbol>
      <symbol id="sm-17f">
         <name>UART_SendMessage</name>
         <value>0xf8f</value>
         <object_component_ref idref="oc-124"/>
      </symbol>
      <symbol id="sm-180">
         <name>UART_Init</name>
         <value>0xe99</value>
         <object_component_ref idref="oc-124"/>
      </symbol>
      <symbol id="sm-29f">
         <name>APP_voidCheckCommunication</name>
         <value>0xda9</value>
         <object_component_ref idref="oc-c2"/>
      </symbol>
      <symbol id="sm-2a0">
         <name>ui8taskCount</name>
         <value>0x2000052d</value>
         <object_component_ref idref="oc-135"/>
      </symbol>
      <symbol id="sm-2a1">
         <name>APP_boolUnidentifiedFlag</name>
         <value>0x20000551</value>
         <object_component_ref idref="oc-135"/>
      </symbol>
      <symbol id="sm-2a2">
         <name>OS_voidCANReceiveMessage</name>
         <value>0x8b1</value>
         <object_component_ref idref="oc-c2"/>
      </symbol>
      <symbol id="sm-2a3">
         <name>APP_ui32counter</name>
         <value>0x2000052c</value>
         <object_component_ref idref="oc-135"/>
      </symbol>
      <symbol id="sm-2a4">
         <name>APP_ui32holdButton2count</name>
         <value>0x20000538</value>
         <object_component_ref idref="oc-135"/>
      </symbol>
      <symbol id="sm-2a5">
         <name>APP_ui32holdButton1count</name>
         <value>0x20000534</value>
         <object_component_ref idref="oc-135"/>
      </symbol>
      <symbol id="sm-2a6">
         <name>OS_voidInit</name>
         <value>0x2bd</value>
         <object_component_ref idref="oc-c2"/>
      </symbol>
      <symbol id="sm-2a7">
         <name>APP_voidUartControl</name>
         <value>0xa85</value>
         <object_component_ref idref="oc-c2"/>
      </symbol>
      <symbol id="sm-2a8">
         <name>APP_boollast_sw2_state</name>
         <value>0x2000054e</value>
         <object_component_ref idref="oc-135"/>
      </symbol>
      <symbol id="sm-2a9">
         <name>OS_voidMCALInit</name>
         <value>0x2c9</value>
         <object_component_ref idref="oc-c2"/>
      </symbol>
      <symbol id="sm-2aa">
         <name>OS_ui32PrevError</name>
         <value>0x20000540</value>
         <object_component_ref idref="oc-135"/>
      </symbol>
      <symbol id="sm-2ab">
         <name>APP_ui32UartCurrentState</name>
         <value>0x20000528</value>
         <object_component_ref idref="oc-135"/>
      </symbol>
      <symbol id="sm-2ac">
         <name>INITIALIZATION_buttons</name>
         <value>0xe3d</value>
         <object_component_ref idref="oc-c2"/>
      </symbol>
      <symbol id="sm-2ad">
         <name>OS_voidSortTasksByPriority</name>
         <value>0x363</value>
         <object_component_ref idref="oc-c2"/>
      </symbol>
      <symbol id="sm-2ae">
         <name>APP_voidOS</name>
         <value>0x28f</value>
         <object_component_ref idref="oc-c2"/>
      </symbol>
      <symbol id="sm-2af">
         <name>OS_voidSchedulerr</name>
         <value>0x411</value>
         <object_component_ref idref="oc-c2"/>
      </symbol>
      <symbol id="sm-2b0">
         <name>SYSTICK_handler</name>
         <value>0x26d</value>
         <object_component_ref idref="oc-c2"/>
      </symbol>
      <symbol id="sm-2b1">
         <name>INITIALIZATION_leds</name>
         <value>0xe51</value>
         <object_component_ref idref="oc-c2"/>
      </symbol>
      <symbol id="sm-2b2">
         <name>APP_ui32CheckButtons</name>
         <value>0x5cd</value>
         <object_component_ref idref="oc-c2"/>
      </symbol>
      <symbol id="sm-2b3">
         <name>OS_ui32time</name>
         <value>0x20000548</value>
         <object_component_ref idref="oc-135"/>
      </symbol>
      <symbol id="sm-2b4">
         <name>OS_voidCanSend</name>
         <value>0x861</value>
         <object_component_ref idref="oc-c2"/>
      </symbol>
      <symbol id="sm-2b5">
         <name>OS_ui32CurrentError</name>
         <value>0x2000053c</value>
         <object_component_ref idref="oc-135"/>
      </symbol>
      <symbol id="sm-2b6">
         <name>OS_voidAddTask</name>
         <value>0x2f9</value>
         <object_component_ref idref="oc-c2"/>
      </symbol>
      <symbol id="sm-2b7">
         <name>APP_boollast_sw1_state</name>
         <value>0x2000054d</value>
         <object_component_ref idref="oc-135"/>
      </symbol>
      <symbol id="sm-2b8">
         <name>APP_ui32idleCounter</name>
         <value>0x20000530</value>
         <object_component_ref idref="oc-135"/>
      </symbol>
      <symbol id="sm-2b9">
         <name>APP_voidStateControll</name>
         <value>0x741</value>
         <object_component_ref idref="oc-c2"/>
      </symbol>
      <symbol id="sm-2ba">
         <name>APP_voidSendToPc</name>
         <value>0x7cd</value>
         <object_component_ref idref="oc-c2"/>
      </symbol>
      <symbol id="sm-2bb">
         <name>APP_voidScheduler</name>
         <value>0x2f1</value>
         <object_component_ref idref="oc-c2"/>
      </symbol>
      <symbol id="sm-2bc">
         <name>UART_send</name>
         <value>0xe45</value>
         <object_component_ref idref="oc-c2"/>
      </symbol>
      <symbol id="sm-2bd">
         <name>OS_voidCheckCANCommunication</name>
         <value>0xd7d</value>
         <object_component_ref idref="oc-c2"/>
      </symbol>
      <symbol id="sm-2be">
         <name>OS_boolidleFlag</name>
         <value>0x2000054f</value>
         <object_component_ref idref="oc-135"/>
      </symbol>
      <symbol id="sm-2bf">
         <name>APP_voidStateControl</name>
         <value>0x5a5</value>
         <object_component_ref idref="oc-c2"/>
      </symbol>
      <symbol id="sm-2c0">
         <name>OS_ui32index</name>
         <value>0x20000544</value>
         <object_component_ref idref="oc-135"/>
      </symbol>
      <symbol id="sm-2c1">
         <name>OS_voidHALInit</name>
         <value>0x2e5</value>
         <object_component_ref idref="oc-c2"/>
      </symbol>
      <symbol id="sm-2c2">
         <name>OS_voidInitTasks</name>
         <value>0x53d</value>
         <object_component_ref idref="oc-c2"/>
      </symbol>
      <symbol id="sm-2c3">
         <name>APP_boolStateInit</name>
         <value>0x20000550</value>
         <object_component_ref idref="oc-135"/>
      </symbol>
      <symbol id="sm-2c4">
         <name>OS_voidCheckIdle</name>
         <value>0xdfd</value>
         <object_component_ref idref="oc-c2"/>
      </symbol>
      <symbol id="sm-34e">
         <name>CANMessageGet</name>
         <value>0x178d</value>
         <object_component_ref idref="oc-14d"/>
      </symbol>
      <symbol id="sm-34f">
         <name>CANBitRateSet</name>
         <value>0x1c7d</value>
         <object_component_ref idref="oc-21e"/>
      </symbol>
      <symbol id="sm-350">
         <name>CANEnable</name>
         <value>0x2219</value>
         <object_component_ref idref="oc-224"/>
      </symbol>
      <symbol id="sm-351">
         <name>CANStatusGet</name>
         <value>0x1e85</value>
         <object_component_ref idref="oc-158"/>
      </symbol>
      <symbol id="sm-352">
         <name>CANMessageSet</name>
         <value>0x1415</value>
         <object_component_ref idref="oc-22a"/>
      </symbol>
      <symbol id="sm-353">
         <name>CANInit</name>
         <value>0x1f01</value>
         <object_component_ref idref="oc-218"/>
      </symbol>
      <symbol id="sm-3b5">
         <name>GPIOPinConfigure</name>
         <value>0x1db1</value>
         <object_component_ref idref="oc-19c"/>
      </symbol>
      <symbol id="sm-3b6">
         <name>GPIOPinTypeGPIOInput</name>
         <value>0x2187</value>
         <object_component_ref idref="oc-266"/>
      </symbol>
      <symbol id="sm-3b7">
         <name>GPIOPinTypeUART</name>
         <value>0x21ab</value>
         <object_component_ref idref="oc-233"/>
      </symbol>
      <symbol id="sm-3b8">
         <name>GPIOPinTypeGPIOOutput</name>
         <value>0x2109</value>
         <object_component_ref idref="oc-245"/>
      </symbol>
      <symbol id="sm-3b9">
         <name>GPIOPinRead</name>
         <value>0x225b</value>
         <object_component_ref idref="oc-260"/>
      </symbol>
      <symbol id="sm-3ba">
         <name>GPIODirModeSet</name>
         <value>0x2011</value>
         <object_component_ref idref="oc-2b6"/>
      </symbol>
      <symbol id="sm-3bb">
         <name>GPIOPinWrite</name>
         <value>0x2261</value>
         <object_component_ref idref="oc-1ba"/>
      </symbol>
      <symbol id="sm-3bc">
         <name>GPIOPadConfigSet</name>
         <value>0x154b</value>
         <object_component_ref idref="oc-26c"/>
      </symbol>
      <symbol id="sm-3bd">
         <name>GPIOPinTypeSSI</name>
         <value>0x2199</value>
         <object_component_ref idref="oc-1a2"/>
      </symbol>
      <symbol id="sm-3be">
         <name>GPIOPinTypeCAN</name>
         <value>0x2175</value>
         <object_component_ref idref="oc-212"/>
      </symbol>
      <symbol id="sm-3d5">
         <name>IntRegister</name>
         <value>0x1f75</value>
         <object_component_ref idref="oc-2ca"/>
      </symbol>
      <symbol id="sm-3d6">
         <name>g_pfnRAMVectors</name>
         <value>0x20000000</value>
         <object_component_ref idref="oc-31d"/>
      </symbol>
      <symbol id="sm-406">
         <name>SSIDataPut</name>
         <value>0x2223</value>
         <object_component_ref idref="oc-1c0"/>
      </symbol>
      <symbol id="sm-407">
         <name>SSIDataGetNonBlocking</name>
         <value>0x21bd</value>
         <object_component_ref idref="oc-1cc"/>
      </symbol>
      <symbol id="sm-408">
         <name>SSIConfigSetExpClk</name>
         <value>0x1ec5</value>
         <object_component_ref idref="oc-1ae"/>
      </symbol>
      <symbol id="sm-409">
         <name>SSIEnable</name>
         <value>0x222d</value>
         <object_component_ref idref="oc-1b4"/>
      </symbol>
      <symbol id="sm-40a">
         <name>SSIBusy</name>
         <value>0x224b</value>
         <object_component_ref idref="oc-1c6"/>
      </symbol>
      <symbol id="sm-467">
         <name>SysCtlClockSet</name>
         <value>0x1999</value>
         <object_component_ref idref="oc-18a"/>
      </symbol>
      <symbol id="sm-468">
         <name>SysCtlDelay</name>
         <value>0x2267</value>
         <object_component_ref idref="oc-24b"/>
      </symbol>
      <symbol id="sm-469">
         <name>SysCtlPeripheralEnable</name>
         <value>0x1fa9</value>
         <object_component_ref idref="oc-190"/>
      </symbol>
      <symbol id="sm-46a">
         <name>SysCtlClockGet</name>
         <value>0x167d</value>
         <object_component_ref idref="oc-1a8"/>
      </symbol>
      <symbol id="sm-46b">
         <name>SysCtlPeripheralReady</name>
         <value>0x1f3d</value>
         <object_component_ref idref="oc-196"/>
      </symbol>
      <symbol id="sm-498">
         <name>SysTickEnable</name>
         <value>0x2139</value>
         <object_component_ref idref="oc-1e6"/>
      </symbol>
      <symbol id="sm-499">
         <name>SysTickIntRegister</name>
         <value>0x20d1</value>
         <object_component_ref idref="oc-1da"/>
      </symbol>
      <symbol id="sm-49a">
         <name>SysTickIntEnable</name>
         <value>0x214d</value>
         <object_component_ref idref="oc-1e0"/>
      </symbol>
      <symbol id="sm-49b">
         <name>SysTickPeriodSet</name>
         <value>0x21e1</value>
         <object_component_ref idref="oc-1d4"/>
      </symbol>
      <symbol id="sm-4d9">
         <name>TimerLoadSet</name>
         <value>0x21cf</value>
         <object_component_ref idref="oc-1f3"/>
      </symbol>
      <symbol id="sm-4da">
         <name>TimerDisable</name>
         <value>0x2121</value>
         <object_component_ref idref="oc-20b"/>
      </symbol>
      <symbol id="sm-4db">
         <name>TimerEnable</name>
         <value>0x21f1</value>
         <object_component_ref idref="oc-1ff"/>
      </symbol>
      <symbol id="sm-4dc">
         <name>TimerIntStatus</name>
         <value>0x2237</value>
         <object_component_ref idref="oc-205"/>
      </symbol>
      <symbol id="sm-4dd">
         <name>TimerConfigure</name>
         <value>0x1d51</value>
         <object_component_ref idref="oc-1ed"/>
      </symbol>
      <symbol id="sm-4de">
         <name>TimerIntClear</name>
         <value>0x226d</value>
         <object_component_ref idref="oc-1f9"/>
      </symbol>
      <symbol id="sm-508">
         <name>UARTConfigSetExpClk</name>
         <value>0x1df9</value>
         <object_component_ref idref="oc-239"/>
      </symbol>
      <symbol id="sm-509">
         <name>UARTDisable</name>
         <value>0x20b1</value>
         <object_component_ref idref="oc-2eb"/>
      </symbol>
      <symbol id="sm-50a">
         <name>UARTCharPut</name>
         <value>0x2241</value>
         <object_component_ref idref="oc-24c"/>
      </symbol>
      <symbol id="sm-50b">
         <name>UARTEnable</name>
         <value>0x2161</value>
         <object_component_ref idref="oc-23f"/>
      </symbol>
      <symbol id="sm-525">
         <name>__TI_zero_init_nomemset</name>
         <value>0x20ed</value>
         <object_component_ref idref="oc-47"/>
      </symbol>
      <symbol id="sm-53c">
         <name>__TI_decompress_none</name>
         <value>0x21ff</value>
         <object_component_ref idref="oc-1b"/>
      </symbol>
      <symbol id="sm-55f">
         <name>__TI_decompress_lzss</name>
         <value>0x1ce9</value>
         <object_component_ref idref="oc-15"/>
      </symbol>
      <symbol id="sm-572">
         <name>__stack</name>
         <value>0x20000270</value>
         <object_component_ref idref="oc-24"/>
      </symbol>
      <symbol id="sm-573">
         <name>_c_int00_noargs</name>
         <value>0x1fdd</value>
         <object_component_ref idref="oc-59"/>
      </symbol>
      <symbol id="sm-58e">
         <name>memcpy</name>
         <value>0x1b71</value>
         <object_component_ref idref="oc-3b"/>
      </symbol>
      <symbol id="sm-58f">
         <name>__aeabi_memcpy</name>
         <value>0x1b71</value>
         <object_component_ref idref="oc-3b"/>
      </symbol>
      <symbol id="sm-590">
         <name>__aeabi_memcpy8</name>
         <value>0x1b71</value>
         <object_component_ref idref="oc-3b"/>
      </symbol>
      <symbol id="sm-591">
         <name>__aeabi_memcpy4</name>
         <value>0x1b71</value>
         <object_component_ref idref="oc-3b"/>
      </symbol>
      <symbol id="sm-5ba">
         <name>__TI_auto_init_nobinit_nopinit</name>
         <value>0x1e41</value>
         <object_component_ref idref="oc-da"/>
      </symbol>
      <symbol id="sm-5c4">
         <name>_system_pre_init</name>
         <value>0x2271</value>
         <object_component_ref idref="oc-95"/>
      </symbol>
      <symbol id="sm-5d0">
         <name>C$$EXIT</name>
         <value>0x2275</value>
         <object_component_ref idref="oc-ce"/>
      </symbol>
      <symbol id="sm-5d1">
         <name>abort</name>
         <value>0x2275</value>
         <object_component_ref idref="oc-ce"/>
      </symbol>
      <symbol id="sm-5d4">
         <name>__TI_static_base__</name>
         <value>0x0</value>
      </symbol>
      <symbol id="sm-5d7">
         <name>__mpu_init</name>
         <value>0x0</value>
      </symbol>
      <symbol id="sm-5d8">
         <name>_system_post_cinit</name>
         <value>0x0</value>
      </symbol>
   </symbol_table>
   <title>Link successful</title>
</link_info>
