******************************************************************************
                  TI ARM Linker PC v20.2.7                     
******************************************************************************
>> Linked Sun Dec 22 00:09:38 2024

OUTPUT FILE NAME:   <Master.out>
ENTRY POINT SYMBOL: "_c_int00_noargs"  address: 00001fdd


MEMORY CONFIGURATION

         name            origin    length      used     unused   attr    fill
----------------------  --------  ---------  --------  --------  ----  --------
  FLASH                 00000000   00040000  000023e4  0003dc1c  R  X
  SRAM                  20000000   00008000  0000055d  00007aa3  RW X


SEGMENT ALLOCATION MAP

run origin  load origin   length   init length attrs members
----------  ----------- ---------- ----------- ----- -------
00000000    00000000    000023e8   000023e8    r-x
  00000000    00000000    0000026c   0000026c    r-- .intvecs
  0000026c    0000026c    0000200c   0000200c    r-x .text
  00002278    00002278    0000011c   0000011c    r-- .const
  00002398    00002398    00000050   00000050    r-- .cinit
20000000    20000000    00000564   00000000    rw-
  20000000    20000000    0000026c   00000000    rw- .vtable
  20000270    20000270    00000200   00000000    rw- .stack
  20000470    20000470    000000b5   00000000    rw- .bss
  20000528    20000528    0000003c   00000000    rw- .data


SECTION ALLOCATION MAP

 output                                  attributes/
section   page    origin      length       input sections
--------  ----  ----------  ----------   ----------------
.intvecs   0    00000000    0000026c     
                  00000000    0000026c     tm4c123gh6pm_startup_ccs.obj (.intvecs)

.text      0    0000026c    0000200c     
                  0000026c    00000c2c     scheduler.obj (.text)
                  00000e98    00000204     uart.obj (.text)
                  0000109c    000001d0     spi.obj (.text)
                  0000126c    000001a8     led.obj (.text)
                  00001414    00000136     driverlib.lib : can.obj (.text:CANMessageSet)
                  0000154a    00000132                   : gpio.obj (.text:GPIOPadConfigSet)
                  0000167c    00000110                   : sysctl.obj (.text:SysCtlClockGet)
                  0000178c    0000010e                   : can.obj (.text:CANMessageGet)
                  0000189a    00000002     --HOLE-- [fill = 0]
                  0000189c    000000fc     button.obj (.text)
                  00001998    000000f4     driverlib.lib : sysctl.obj (.text:SysCtlClockSet)
                  00001a8c    000000e4     can.obj (.text)
                  00001b70    0000009c     rtsv7M4_T_le_v4SPD16_eabi.lib : memcpy_t2.asm.obj (.text)
                  00001c0c    00000070     timer0.obj (.text)
                  00001c7c    0000006c     driverlib.lib : can.obj (.text:CANBitRateSet)
                  00001ce8    00000068     rtsv7M4_T_le_v4SPD16_eabi.lib : copy_decompress_lzss.c.obj (.text:decompress:lzss:__TI_decompress_lzss)
                  00001d50    00000060     driverlib.lib : timer.obj (.text:TimerConfigure)
                  00001db0    00000048                   : gpio.obj (.text:GPIOPinConfigure)
                  00001df8    00000046                   : uart.obj (.text:UARTConfigSetExpClk)
                  00001e3e    00000002     --HOLE-- [fill = 0]
                  00001e40    00000044     rtsv7M4_T_le_v4SPD16_eabi.lib : autoinit.c.obj (.text:__TI_auto_init_nobinit_nopinit:__TI_auto_init_nobinit_nopinit)
                  00001e84    00000040     driverlib.lib : can.obj (.text:CANStatusGet)
                  00001ec4    0000003c                   : ssi.obj (.text:SSIConfigSetExpClk)
                  00001f00    0000003a                   : can.obj (.text:CANInit)
                  00001f3a    00000002     --HOLE-- [fill = 0]
                  00001f3c    00000038                   : sysctl.obj (.text:SysCtlPeripheralReady)
                  00001f74    00000034                   : interrupt.obj (.text:IntRegister)
                  00001fa8    00000034                   : sysctl.obj (.text:SysCtlPeripheralEnable)
                  00001fdc    00000034     rtsv7M4_T_le_v4SPD16_eabi.lib : boot_cortex_m.c.obj (.text:_c_int00_noargs:_c_int00_noargs)
                  00002010    0000002a     driverlib.lib : gpio.obj (.text:GPIODirModeSet)
                  0000203a    0000002a                   : can.obj (.text:_CANDataRegRead)
                  00002064    00000028     systickTimer.obj (.text)
                  0000208c    00000024     driverlib.lib : can.obj (.text:_CANDataRegWrite)
                  000020b0    00000020                   : uart.obj (.text:UARTDisable)
                  000020d0    0000001c                   : systick.obj (.text:SysTickIntRegister)
                  000020ec    0000001c     rtsv7M4_T_le_v4SPD16_eabi.lib : copy_zero_init.c.obj (.text:decompress:ZI:__TI_zero_init_nomemset:__TI_zero_init_nomemset)
                  00002108    00000018     driverlib.lib : gpio.obj (.text:GPIOPinTypeGPIOOutput)
                  00002120    00000018                   : timer.obj (.text:TimerDisable)
                  00002138    00000014                   : systick.obj (.text:SysTickEnable)
                  0000214c    00000014                   : systick.obj (.text:SysTickIntEnable)
                  00002160    00000014                   : uart.obj (.text:UARTEnable)
                  00002174    00000012                   : gpio.obj (.text:GPIOPinTypeCAN)
                  00002186    00000012                   : gpio.obj (.text:GPIOPinTypeGPIOInput)
                  00002198    00000012                   : gpio.obj (.text:GPIOPinTypeSSI)
                  000021aa    00000012                   : gpio.obj (.text:GPIOPinTypeUART)
                  000021bc    00000012                   : ssi.obj (.text:SSIDataGetNonBlocking)
                  000021ce    00000012                   : timer.obj (.text:TimerLoadSet)
                  000021e0    00000010                   : systick.obj (.text:SysTickPeriodSet)
                  000021f0    0000000e                   : timer.obj (.text:TimerEnable)
                  000021fe    0000000e     rtsv7M4_T_le_v4SPD16_eabi.lib : copy_decompress_none.c.obj (.text:decompress:none:__TI_decompress_none)
                  0000220c    0000000c     tm4c123gh6pm_startup_ccs.obj (.text)
                  00002218    0000000a     driverlib.lib : can.obj (.text:CANEnable)
                  00002222    0000000a                   : ssi.obj (.text:SSIDataPut)
                  0000222c    0000000a                   : ssi.obj (.text:SSIEnable)
                  00002236    0000000a                   : timer.obj (.text:TimerIntStatus)
                  00002240    0000000a                   : uart.obj (.text:UARTCharPut)
                  0000224a    00000008                   : ssi.obj (.text:SSIBusy)
                  00002252    00000008     main.obj (.text)
                  0000225a    00000006     driverlib.lib : gpio.obj (.text:GPIOPinRead)
                  00002260    00000006                   : gpio.obj (.text:GPIOPinWrite)
                  00002266    00000006                   : sysctl.obj (.text:SysCtlDelay)
                  0000226c    00000004                   : timer.obj (.text:TimerIntClear)
                  00002270    00000004     rtsv7M4_T_le_v4SPD16_eabi.lib : pre_init.c.obj (.text:_system_pre_init)
                  00002274    00000004                                   : exit.c.obj (.text:abort:abort)

.const     0    00002278    0000011c     
                  00002278    00000090     driverlib.lib : gpio.obj (.const:g_pui32GPIOBaseAddrs)
                  00002308    0000006c                   : sysctl.obj (.const:g_pui32Xtals)
                  00002374    00000020                   : can.obj (.const)

.cinit     0    00002398    00000050     
                  00002398    00000018     (.cinit..data.load) [load image, compression = lzss]
                  000023b0    0000000c     (__TI_handler_table)
                  000023bc    00000004     --HOLE-- [fill = 0]
                  000023c0    00000008     (.cinit..bss.load) [load image, compression = zero_init]
                  000023c8    00000008     (.cinit..vtable.load) [load image, compression = zero_init]
                  000023d0    00000018     (__TI_cinit_table)

.init_array 
*          0    00000000    00000000     UNINITIALIZED

.vtable    0    20000000    0000026c     UNINITIALIZED
                  20000000    0000026c     driverlib.lib : interrupt.obj (.vtable)

.bss       0    20000470    000000b5     UNINITIALIZED
                  20000470    000000a0     (.common:taskList)
                  20000510    00000004     (.common:UartState)
                  20000514    00000004     (.common:g_ui32SysTickCount)
                  20000518    00000004     (.common:receivedAck)
                  2000051c    00000001     (.common:SlaveButtonsFlag)
                  2000051d    00000001     (.common:commcheck)
                  2000051e    00000001     (.common:holdButtonFlag)
                  2000051f    00000001     (.common:initialMessageSent)
                  20000520    00000001     (.common:recievedFlag)
                  20000521    00000001     (.common:sw1)
                  20000522    00000001     (.common:sw2)
                  20000523    00000001     (.common:unidentifiedFlag)
                  20000524    00000001     (.common:whiteFlag)

.data      0    20000528    0000003c     UNINITIALIZED
                  20000528    00000030     scheduler.obj (.data)
                  20000558    00000008     scheduler.obj (.data:g_ui8ReceivedData$2)
                  20000560    00000004     led.obj (.data)

.stack     0    20000270    00000200     UNINITIALIZED
                  20000270    00000004     rtsv7M4_T_le_v4SPD16_eabi.lib : boot_cortex_m.c.obj (.stack)
                  20000274    000001fc     --HOLE--

__llvm_prf_cnts 
*          0    20000000    00000000     UNINITIALIZED

MODULE SUMMARY

       Module                         code   ro data   rw data
       ------                         ----   -------   -------
    .\
       tm4c123gh6pm_startup_ccs.obj   12     620       0      
    +--+------------------------------+------+---------+---------+
       Total:                         12     620       0      
                                                              
    .\APP\
       main.obj                       8      0         181    
    +--+------------------------------+------+---------+---------+
       Total:                         8      0         181    
                                                              
    .\HAL\
       led.obj                        424    0         4      
       button.obj                     252    0         0      
    +--+------------------------------+------+---------+---------+
       Total:                         676    0         4      
                                                              
    .\MCAL\CAN\
       can.obj                        228    0         0      
    +--+------------------------------+------+---------+---------+
       Total:                         228    0         0      
                                                              
    .\MCAL\SPI\
       spi.obj                        464    0         0      
    +--+------------------------------+------+---------+---------+
       Total:                         464    0         0      
                                                              
    .\MCAL\Timers\SYSTICK_TIMER\
       systickTimer.obj               40     0         0      
    +--+------------------------------+------+---------+---------+
       Total:                         40     0         0      
                                                              
    .\MCAL\Timers\TIMER0\
       timer0.obj                     112    0         0      
    +--+------------------------------+------+---------+---------+
       Total:                         112    0         0      
                                                              
    .\MCAL\UART\
       uart.obj                       516    0         0      
    +--+------------------------------+------+---------+---------+
       Total:                         516    0         0      
                                                              
    .\OS\
       scheduler.obj                  3116   0         56     
    +--+------------------------------+------+---------+---------+
       Total:                         3116   0         56     
                                                              
    C:/ti/TivaWare_C_Series-2.1.4.178/driverlib/ccs/Debug/driverlib.lib
       can.obj                        898    32        0      
       sysctl.obj                     630    108       0      
       gpio.obj                       528    144       0      
       interrupt.obj                  52     0         620    
       timer.obj                      166    0         0      
       uart.obj                       132    0         0      
       ssi.obj                        106    0         0      
       systick.obj                    84     0         0      
    +--+------------------------------+------+---------+---------+
       Total:                         2596   284       620    
                                                              
    C:\ti\ccs\tools\compiler\ti-cgt-arm_20.2.7.LTS\lib\rtsv7M4_T_le_v4SPD16_eabi.lib
       memcpy_t2.asm.obj              156    0         0      
       copy_decompress_lzss.c.obj     104    0         0      
       autoinit.c.obj                 68     0         0      
       boot_cortex_m.c.obj            52     0         0      
       copy_zero_init.c.obj           28     0         0      
       copy_decompress_none.c.obj     14     0         0      
       exit.c.obj                     4      0         0      
       pre_init.c.obj                 4      0         0      
    +--+------------------------------+------+---------+---------+
       Total:                         430    0         0      
                                                              
       Stack:                         0      0         512    
       Linker Generated:              0      76        0      
    +--+------------------------------+------+---------+---------+
       Grand Total:                   8198   980       1373   


LINKER GENERATED COPY TABLES

__TI_cinit_table @ 000023d0 records: 3, size/record: 8, table size: 24
	.data: load addr=00002398, load size=00000018 bytes, run addr=20000528, run size=0000003c bytes, compression=lzss
	.bss: load addr=000023c0, load size=00000008 bytes, run addr=20000470, run size=000000b5 bytes, compression=zero_init
	.vtable: load addr=000023c8, load size=00000008 bytes, run addr=20000000, run size=0000026c bytes, compression=zero_init


LINKER GENERATED HANDLER TABLE

__TI_handler_table @ 000023b0 records: 3, size/record: 4, table size: 12
	index: 0, handler: __TI_zero_init
	index: 1, handler: __TI_decompress_lzss
	index: 2, handler: __TI_decompress_none


GLOBAL SYMBOLS: SORTED ALPHABETICALLY BY Name 

address   name                          
-------   ----                          
20000550  APP_boolStateInit             
20000551  APP_boolUnidentifiedFlag      
2000054d  APP_boollast_sw1_state        
2000054e  APP_boollast_sw2_state        
000005cd  APP_ui32CheckButtons          
20000528  APP_ui32UartCurrentState      
2000052c  APP_ui32counter               
20000534  APP_ui32holdButton1count      
20000538  APP_ui32holdButton2count      
20000530  APP_ui32idleCounter           
00000da9  APP_voidCheckCommunication    
0000028f  APP_voidOS                    
000002f1  APP_voidScheduler             
000007cd  APP_voidSendToPc              
000005a5  APP_voidStateControl          
00000741  APP_voidStateControll         
00000a85  APP_voidUartControl           
00001951  BUTTONS_initPortF             
000018b7  BUTTONS_leftButton            
0000189d  BUTTONS_rightButton           
00002275  C$$EXIT                       
00001c7d  CANBitRateSet                 
00002219  CANEnable                     
00001f01  CANInit                       
0000178d  CANMessageGet                 
00001415  CANMessageSet                 
00001e85  CANStatusGet                  
00001a8d  CAN_Init                      
00001b13  CAN_ReceiveInit               
00001adf  CAN_Send                      
00002011  GPIODirModeSet                
0000154b  GPIOPadConfigSet              
00001db1  GPIOPinConfigure              
0000225b  GPIOPinRead                   
00002175  GPIOPinTypeCAN                
00002187  GPIOPinTypeGPIOInput          
00002109  GPIOPinTypeGPIOOutput         
00002199  GPIOPinTypeSSI                
000021ab  GPIOPinTypeUART               
00002261  GPIOPinWrite                  
000018d1  HAL_voidButtons               
00001321  HAL_voidLedBlink              
000013cf  HAL_voidLedOff                
0000139b  HAL_voidLedOn                 
00000e3d  INITIALIZATION_buttons        
00000e51  INITIALIZATION_leds           
00001f75  IntRegister                   
0000127b  LED_blueOff                   
0000126d  LED_blueOn                    
00001297  LED_greenOff                  
00001289  LED_greenOn                   
00001305  LED_initPortF                 
00001317  LED_redBlink                  
000012b3  LED_redOff                    
000012a5  LED_redOn                     
000012e3  LED_whiteOff                  
000012c1  LED_whiteOn                   
2000054f  OS_boolidleFlag               
2000053c  OS_ui32CurrentError           
20000540  OS_ui32PrevError              
20000544  OS_ui32index                  
20000548  OS_ui32time                   
000002f9  OS_voidAddTask                
000008b1  OS_voidCANReceiveMessage      
00000861  OS_voidCanSend                
00000d7d  OS_voidCheckCANCommunication  
00000dfd  OS_voidCheckIdle              
000002e5  OS_voidHALInit                
000002bd  OS_voidInit                   
0000053d  OS_voidInitTasks              
000002c9  OS_voidMCALInit               
00000411  OS_voidSchedulerr             
00000363  OS_voidSortTasksByPriority    
0000190f  PortF_Init                    
0000220d  ResetISR                      
0000109d  SPI_masterInit                
0000116d  SPI_masterSend                
00001105  SPI_slaveInit                 
0000224b  SSIBusy                       
00001ec5  SSIConfigSetExpClk            
000021bd  SSIDataGetNonBlocking         
00002223  SSIDataPut                    
0000222d  SSIEnable                     
0000026d  SYSTICK_handler               
00002065  SYSTICK_init                  
2000051c  SlaveButtonsFlag              
0000167d  SysCtlClockGet                
00001999  SysCtlClockSet                
00002267  SysCtlDelay                   
00001fa9  SysCtlPeripheralEnable        
00001f3d  SysCtlPeripheralReady         
00002139  SysTickEnable                 
0000214d  SysTickIntEnable              
000020d1  SysTickIntRegister            
000021e1  SysTickPeriodSet              
00001c29  TIMER0_delayMs                
00001c0d  TIMER0_init                   
00001d51  TimerConfigure                
00002121  TimerDisable                  
000021f1  TimerEnable                   
0000226d  TimerIntClear                 
00002237  TimerIntStatus                
000021cf  TimerLoadSet                  
00000f0b  UART0_init                    
00000faf  UART0_sendMessage             
00002241  UARTCharPut                   
00001df9  UARTConfigSetExpClk           
000020b1  UARTDisable                   
00002161  UARTEnable                    
00000e99  UART_Init                     
00000f8f  UART_SendMessage              
00000fcf  UART_SendNumber               
00000e45  UART_send                     
20000510  UartState                     
20000470  __STACK_END                   
00000200  __STACK_SIZE                  
20000470  __STACK_TOP                   
000023d0  __TI_CINIT_Base               
000023e8  __TI_CINIT_Limit              
000023b0  __TI_Handler_Table_Base       
000023bc  __TI_Handler_Table_Limit      
00001e41  __TI_auto_init_nobinit_nopinit
00001ce9  __TI_decompress_lzss          
000021ff  __TI_decompress_none          
ffffffff  __TI_pprof_out_hndl           
ffffffff  __TI_prof_data_size           
ffffffff  __TI_prof_data_start          
00000000  __TI_static_base__            
000020ed  __TI_zero_init_nomemset       
00001b71  __aeabi_memcpy                
00001b71  __aeabi_memcpy4               
00001b71  __aeabi_memcpy8               
ffffffff  __binit__                     
ffffffff  __c_args__                    
UNDEFED   __mpu_init                    
20000270  __stack                       
20000000  __start___llvm_prf_cnts       
20000000  __stop___llvm_prf_cnts        
00001fdd  _c_int00_noargs               
UNDEFED   _system_post_cinit            
00002271  _system_pre_init              
00002275  abort                         
ffffffff  binit                         
2000051d  commcheck                     
20000000  g_pfnRAMVectors               
00000000  g_pfnVectors                  
20000514  g_ui32SysTickCount            
2000051e  holdButtonFlag                
2000051f  initialMessageSent            
00002253  main                          
00001b71  memcpy                        
20000518  receivedAck                   
20000520  recievedFlag                  
20000521  sw1                           
20000522  sw2                           
20000470  taskList                      
2000052d  ui8taskCount                  
20000523  unidentifiedFlag              
20000524  whiteFlag                     


GLOBAL SYMBOLS: SORTED BY Symbol Address 

address   name                          
-------   ----                          
00000000  __TI_static_base__            
00000000  g_pfnVectors                  
00000200  __STACK_SIZE                  
0000026d  SYSTICK_handler               
0000028f  APP_voidOS                    
000002bd  OS_voidInit                   
000002c9  OS_voidMCALInit               
000002e5  OS_voidHALInit                
000002f1  APP_voidScheduler             
000002f9  OS_voidAddTask                
00000363  OS_voidSortTasksByPriority    
00000411  OS_voidSchedulerr             
0000053d  OS_voidInitTasks              
000005a5  APP_voidStateControl          
000005cd  APP_ui32CheckButtons          
00000741  APP_voidStateControll         
000007cd  APP_voidSendToPc              
00000861  OS_voidCanSend                
000008b1  OS_voidCANReceiveMessage      
00000a85  APP_voidUartControl           
00000d7d  OS_voidCheckCANCommunication  
00000da9  APP_voidCheckCommunication    
00000dfd  OS_voidCheckIdle              
00000e3d  INITIALIZATION_buttons        
00000e45  UART_send                     
00000e51  INITIALIZATION_leds           
00000e99  UART_Init                     
00000f0b  UART0_init                    
00000f8f  UART_SendMessage              
00000faf  UART0_sendMessage             
00000fcf  UART_SendNumber               
0000109d  SPI_masterInit                
00001105  SPI_slaveInit                 
0000116d  SPI_masterSend                
0000126d  LED_blueOn                    
0000127b  LED_blueOff                   
00001289  LED_greenOn                   
00001297  LED_greenOff                  
000012a5  LED_redOn                     
000012b3  LED_redOff                    
000012c1  LED_whiteOn                   
000012e3  LED_whiteOff                  
00001305  LED_initPortF                 
00001317  LED_redBlink                  
00001321  HAL_voidLedBlink              
0000139b  HAL_voidLedOn                 
000013cf  HAL_voidLedOff                
00001415  CANMessageSet                 
0000154b  GPIOPadConfigSet              
0000167d  SysCtlClockGet                
0000178d  CANMessageGet                 
0000189d  BUTTONS_rightButton           
000018b7  BUTTONS_leftButton            
000018d1  HAL_voidButtons               
0000190f  PortF_Init                    
00001951  BUTTONS_initPortF             
00001999  SysCtlClockSet                
00001a8d  CAN_Init                      
00001adf  CAN_Send                      
00001b13  CAN_ReceiveInit               
00001b71  __aeabi_memcpy                
00001b71  __aeabi_memcpy4               
00001b71  __aeabi_memcpy8               
00001b71  memcpy                        
00001c0d  TIMER0_init                   
00001c29  TIMER0_delayMs                
00001c7d  CANBitRateSet                 
00001ce9  __TI_decompress_lzss          
00001d51  TimerConfigure                
00001db1  GPIOPinConfigure              
00001df9  UARTConfigSetExpClk           
00001e41  __TI_auto_init_nobinit_nopinit
00001e85  CANStatusGet                  
00001ec5  SSIConfigSetExpClk            
00001f01  CANInit                       
00001f3d  SysCtlPeripheralReady         
00001f75  IntRegister                   
00001fa9  SysCtlPeripheralEnable        
00001fdd  _c_int00_noargs               
00002011  GPIODirModeSet                
00002065  SYSTICK_init                  
000020b1  UARTDisable                   
000020d1  SysTickIntRegister            
000020ed  __TI_zero_init_nomemset       
00002109  GPIOPinTypeGPIOOutput         
00002121  TimerDisable                  
00002139  SysTickEnable                 
0000214d  SysTickIntEnable              
00002161  UARTEnable                    
00002175  GPIOPinTypeCAN                
00002187  GPIOPinTypeGPIOInput          
00002199  GPIOPinTypeSSI                
000021ab  GPIOPinTypeUART               
000021bd  SSIDataGetNonBlocking         
000021cf  TimerLoadSet                  
000021e1  SysTickPeriodSet              
000021f1  TimerEnable                   
000021ff  __TI_decompress_none          
0000220d  ResetISR                      
00002219  CANEnable                     
00002223  SSIDataPut                    
0000222d  SSIEnable                     
00002237  TimerIntStatus                
00002241  UARTCharPut                   
0000224b  SSIBusy                       
00002253  main                          
0000225b  GPIOPinRead                   
00002261  GPIOPinWrite                  
00002267  SysCtlDelay                   
0000226d  TimerIntClear                 
00002271  _system_pre_init              
00002275  C$$EXIT                       
00002275  abort                         
000023b0  __TI_Handler_Table_Base       
000023bc  __TI_Handler_Table_Limit      
000023d0  __TI_CINIT_Base               
000023e8  __TI_CINIT_Limit              
20000000  __start___llvm_prf_cnts       
20000000  __stop___llvm_prf_cnts        
20000000  g_pfnRAMVectors               
20000270  __stack                       
20000470  __STACK_END                   
20000470  __STACK_TOP                   
20000470  taskList                      
20000510  UartState                     
20000514  g_ui32SysTickCount            
20000518  receivedAck                   
2000051c  SlaveButtonsFlag              
2000051d  commcheck                     
2000051e  holdButtonFlag                
2000051f  initialMessageSent            
20000520  recievedFlag                  
20000521  sw1                           
20000522  sw2                           
20000523  unidentifiedFlag              
20000524  whiteFlag                     
20000528  APP_ui32UartCurrentState      
2000052c  APP_ui32counter               
2000052d  ui8taskCount                  
20000530  APP_ui32idleCounter           
20000534  APP_ui32holdButton1count      
20000538  APP_ui32holdButton2count      
2000053c  OS_ui32CurrentError           
20000540  OS_ui32PrevError              
20000544  OS_ui32index                  
20000548  OS_ui32time                   
2000054d  APP_boollast_sw1_state        
2000054e  APP_boollast_sw2_state        
2000054f  OS_boolidleFlag               
20000550  APP_boolStateInit             
20000551  APP_boolUnidentifiedFlag      
ffffffff  __TI_pprof_out_hndl           
ffffffff  __TI_prof_data_size           
ffffffff  __TI_prof_data_start          
ffffffff  __binit__                     
ffffffff  __c_args__                    
ffffffff  binit                         
UNDEFED   __mpu_init                    
UNDEFED   _system_post_cinit            

[159 symbols]
