******************************************************************************
                  TI ARM Linker PC v20.2.7                     
******************************************************************************
>> Linked Sat Dec 14 18:35:32 2024

OUTPUT FILE NAME:   <Master_.out>
ENTRY POINT SYMBOL: "_c_int00_noargs"  address: 000014ed


MEMORY CONFIGURATION

         name            origin    length      used     unused   attr    fill
----------------------  --------  ---------  --------  --------  ----  --------
  FLASH                 00000000   00040000  0000188a  0003e776  R  X
  SRAM                  20000000   00008000  0000049d  00007b63  RW X


SEGMENT ALLOCATION MAP

run origin  load origin   length   init length attrs members
----------  ----------- ---------- ----------- ----- -------
00000000    00000000    00001890   00001890    r-x
  00000000    00000000    0000026c   0000026c    r-- .intvecs
  0000026c    0000026c    000014da   000014da    r-x .text
  00001748    00001748    000000fc   000000fc    r-- .const
  00001848    00001848    00000048   00000048    r-- .cinit
20000000    20000000    000004a1   00000000    rw-
  20000000    20000000    0000026c   00000000    rw- .vtable
  20000270    20000270    00000200   00000000    rw- .stack
  20000470    20000470    0000001c   00000000    rw- .data
  2000048c    2000048c    00000015   00000000    rw- .bss


SECTION ALLOCATION MAP

 output                                  attributes/
section   page    origin      length       input sections
--------  ----  ----------  ----------   ----------------
.intvecs   0    00000000    0000026c     
                  00000000    0000026c     tm4c123gh6pm_startup_ccs.obj (.intvecs)

.text      0    0000026c    000014da     
                  0000026c    00000504     scheduler.obj (.text)
                  00000770    000001d0     spi.obj (.text)
                  00000940    0000016c     driverlib.lib : gpio.obj (.text:GPIOPadConfigSet)
                  00000aac    00000118                   : sysctl.obj (.text:SysCtlClockGet)
                  00000bc4    000000f4                   : sysctl.obj (.text:SysCtlClockSet)
                  00000cb8    000000d0     led.obj (.text)
                  00000d88    000000c8     uart.obj (.text)
                  00000e50    000000c4     driverlib.lib : eeprom.obj (.text:EEPROMProgram)
                  00000f14    000000bc     button.obj (.text)
                  00000fd0    0000009c     rtsv7M4_T_le_v4SPD16_eabi.lib : memcpy_t2.asm.obj (.text)
                  0000106c    00000070     timer0.obj (.text)
                  000010dc    00000068     rtsv7M4_T_le_v4SPD16_eabi.lib : copy_decompress_lzss.c.obj (.text:decompress:lzss:__TI_decompress_lzss)
                  00001144    00000060     driverlib.lib : timer.obj (.text:TimerConfigure)
                  000011a4    0000005c     Initialization.obj (.text)
                  00001200    00000050     driverlib.lib : sysctl.obj (.text:SysCtlPeripheralReset)
                  00001250    0000004c                   : gpio.obj (.text:GPIOPinConfigure)
                  0000129c    00000046                   : uart.obj (.text:UARTConfigSetExpClk)
                  000012e2    00000002     --HOLE-- [fill = 0]
                  000012e4    00000044     rtsv7M4_T_le_v4SPD16_eabi.lib : autoinit.c.obj (.text:__TI_auto_init_nobinit_nopinit:__TI_auto_init_nobinit_nopinit)
                  00001328    00000040     driverlib.lib : eeprom.obj (.text:EEPROMInit)
                  00001368    0000003c                   : ssi.obj (.text:SSIConfigSetExpClk)
                  000013a4    0000003c                   : eeprom.obj (.text:_EEPROMSectorMaskSet)
                  000013e0    00000038                   : eeprom.obj (.text:EEPROMRead)
                  00001418    00000038                   : sysctl.obj (.text:SysCtlPeripheralReady)
                  00001450    00000034                   : interrupt.obj (.text:IntRegister)
                  00001484    00000034                   : sysctl.obj (.text:SysCtlPeripheralEnable)
                  000014b8    00000034                   : eeprom.obj (.text:_EEPROMSectorMaskClear)
                  000014ec    00000034     rtsv7M4_T_le_v4SPD16_eabi.lib : boot_cortex_m.c.obj (.text:_c_int00_noargs:_c_int00_noargs)
                  00001520    0000002c     driverlib.lib : gpio.obj (.text:GPIODirModeSet)
                  0000154c    00000024     systickTimer.obj (.text)
                  00001570    00000020     driverlib.lib : uart.obj (.text:UARTDisable)
                  00001590    0000001c                   : systick.obj (.text:SysTickIntRegister)
                  000015ac    0000001c     rtsv7M4_T_le_v4SPD16_eabi.lib : copy_zero_init.c.obj (.text:decompress:ZI:__TI_zero_init_nomemset:__TI_zero_init_nomemset)
                  000015c8    0000001a     driverlib.lib : gpio.obj (.text:GPIOPinTypeGPIOOutput)
                  000015e2    00000002     --HOLE-- [fill = 0]
                  000015e4    00000018                   : timer.obj (.text:TimerDisable)
                  000015fc    00000016                   : gpio.obj (.text:GPIOPinTypeGPIOInput)
                  00001612    00000016                   : gpio.obj (.text:GPIOPinTypeSSI)
                  00001628    00000016                   : gpio.obj (.text:GPIOPinTypeUART)
                  0000163e    00000002     --HOLE-- [fill = 0]
                  00001640    00000014                   : systick.obj (.text:SysTickEnable)
                  00001654    00000014                   : systick.obj (.text:SysTickIntEnable)
                  00001668    00000014                   : uart.obj (.text:UARTEnable)
                  0000167c    00000012                   : ssi.obj (.text:SSIDataGetNonBlocking)
                  0000168e    00000012                   : timer.obj (.text:TimerLoadSet)
                  000016a0    00000010                   : systick.obj (.text:SysTickPeriodSet)
                  000016b0    00000010                   : eeprom.obj (.text:_EEPROMWaitForDone)
                  000016c0    00000010     main.obj (.text)
                  000016d0    0000000e     driverlib.lib : timer.obj (.text:TimerEnable)
                  000016de    0000000e     rtsv7M4_T_le_v4SPD16_eabi.lib : copy_decompress_none.c.obj (.text:decompress:none:__TI_decompress_none)
                  000016ec    0000000c     tm4c123gh6pm_startup_ccs.obj (.text)
                  000016f8    0000000a     driverlib.lib : ssi.obj (.text:SSIDataPut)
                  00001702    0000000a                   : ssi.obj (.text:SSIEnable)
                  0000170c    0000000a                   : timer.obj (.text:TimerIntStatus)
                  00001716    0000000a                   : uart.obj (.text:UARTCharPut)
                  00001720    00000008                   : ssi.obj (.text:SSIBusy)
                  00001728    00000006                   : gpio.obj (.text:GPIOPinRead)
                  0000172e    00000006                   : gpio.obj (.text:GPIOPinWrite)
                  00001734    00000006                   : sysctl.obj (.text:SysCtlDelay)
                  0000173a    00000004                   : timer.obj (.text:TimerIntClear)
                  0000173e    00000004     rtsv7M4_T_le_v4SPD16_eabi.lib : pre_init.c.obj (.text:_system_pre_init)
                  00001742    00000004                                   : exit.c.obj (.text:abort:abort)

.const     0    00001748    000000fc     
                  00001748    00000090     driverlib.lib : gpio.obj (.const:g_pui32GPIOBaseAddrs)
                  000017d8    0000006c                   : sysctl.obj (.const:g_pui32Xtals)

.cinit     0    00001848    00000048     
                  00001848    0000000d     (.cinit..data.load) [load image, compression = lzss]
                  00001855    00000003     --HOLE-- [fill = 0]
                  00001858    0000000c     (__TI_handler_table)
                  00001864    00000004     --HOLE-- [fill = 0]
                  00001868    00000008     (.cinit..bss.load) [load image, compression = zero_init]
                  00001870    00000008     (.cinit..vtable.load) [load image, compression = zero_init]
                  00001878    00000018     (__TI_cinit_table)

.init_array 
*          0    00000000    00000000     UNINITIALIZED

.vtable    0    20000000    0000026c     UNINITIALIZED
                  20000000    0000026c     driverlib.lib : interrupt.obj (.vtable)

.data      0    20000470    0000001c     UNINITIALIZED
                  20000470    0000001c     scheduler.obj (.data)

.bss       0    2000048c    00000015     UNINITIALIZED
                  2000048c    00000004     (.common:UartState)
                  20000490    00000004     (.common:g_ui32SysTickCount)
                  20000494    00000004     (.common:receivedAck)
                  20000498    00000001     (.common:SlaveButtonsFlag)
                  20000499    00000001     (.common:commcheck)
                  2000049a    00000001     (.common:holdButtonFlag)
                  2000049b    00000001     (.common:initialMessageSent)
                  2000049c    00000001     (.common:recievedFlag)
                  2000049d    00000001     (.common:sw1)
                  2000049e    00000001     (.common:sw2)
                  2000049f    00000001     (.common:unidentifiedFlag)
                  200004a0    00000001     (.common:whiteFlag)

.stack     0    20000270    00000200     UNINITIALIZED
                  20000270    00000004     rtsv7M4_T_le_v4SPD16_eabi.lib : boot_cortex_m.c.obj (.stack)
                  20000274    000001fc     --HOLE--

__llvm_prf_cnts 
*          0    20000000    00000000     UNINITIALIZED

MODULE SUMMARY

       Module                         code   ro data   rw data
       ------                         ----   -------   -------
    .\
       tm4c123gh6pm_startup_ccs.obj   12     620       0      
    +--+------------------------------+------+---------+---------+
       Total:                         12     620       0      
                                                              
    .\APP\
       scheduler.obj                  1284   0         28     
       main.obj                       16     0         21     
    +--+------------------------------+------+---------+---------+
       Total:                         1300   0         49     
                                                              
    .\HAL\
       led.obj                        208    0         0      
       button.obj                     188    0         0      
       Initialization.obj             92     0         0      
    +--+------------------------------+------+---------+---------+
       Total:                         488    0         0      
                                                              
    .\MCAL\
       spi.obj                        464    0         0      
       uart.obj                       200    0         0      
       timer0.obj                     112    0         0      
       systickTimer.obj               36     0         0      
    +--+------------------------------+------+---------+---------+
       Total:                         812    0         0      
                                                              
    C:/ti/TivaWare_C_Series-2.2.0.295/driverlib/ccs/Debug/driverlib.lib
       sysctl.obj                     718    108       0      
       gpio.obj                       588    144       0      
       interrupt.obj                  52     0         620    
       eeprom.obj                     444    0         0      
       timer.obj                      166    0         0      
       uart.obj                       132    0         0      
       ssi.obj                        106    0         0      
       systick.obj                    84     0         0      
    +--+------------------------------+------+---------+---------+
       Total:                         2290   252       620    
                                                              
    C:\ti\ccs1220\ccs\tools\compiler\ti-cgt-arm_20.2.7.LTS\lib\rtsv7M4_T_le_v4SPD16_eabi.lib
       memcpy_t2.asm.obj              156    0         0      
       copy_decompress_lzss.c.obj     104    0         0      
       autoinit.c.obj                 68     0         0      
       boot_cortex_m.c.obj            52     0         0      
       copy_zero_init.c.obj           28     0         0      
       copy_decompress_none.c.obj     14     0         0      
       exit.c.obj                     4      0         0      
       pre_init.c.obj                 4      0         0      
    +--+------------------------------+------+---------+---------+
       Total:                         430    0         0      
                                                              
       Stack:                         0      0         512    
       Linker Generated:              0      65        0      
    +--+------------------------------+------+---------+---------+
       Grand Total:                   5332   937       1181   


LINKER GENERATED COPY TABLES

__TI_cinit_table @ 00001878 records: 3, size/record: 8, table size: 24
	.data: load addr=00001848, load size=0000000d bytes, run addr=20000470, run size=0000001c bytes, compression=lzss
	.bss: load addr=00001868, load size=00000008 bytes, run addr=2000048c, run size=00000015 bytes, compression=zero_init
	.vtable: load addr=00001870, load size=00000008 bytes, run addr=20000000, run size=0000026c bytes, compression=zero_init


LINKER GENERATED HANDLER TABLE

__TI_handler_table @ 00001858 records: 3, size/record: 4, table size: 12
	index: 0, handler: __TI_zero_init
	index: 1, handler: __TI_decompress_lzss
	index: 2, handler: __TI_decompress_none


GLOBAL SYMBOLS: SORTED ALPHABETICALLY BY Name 

address   name                          
-------   ----                          
0000056d  APP_sendToPc                  
00000f8b  BUTTONS_initPortF             
00000f2f  BUTTONS_leftButton            
00000f15  BUTTONS_rightButton           
00001743  C$$EXIT                       
00001329  EEPROMInit                    
00000e51  EEPROMProgram                 
000013e1  EEPROMRead                    
00001521  GPIODirModeSet                
00000941  GPIOPadConfigSet              
00001251  GPIOPinConfigure              
00001729  GPIOPinRead                   
000015fd  GPIOPinTypeGPIOInput          
000015c9  GPIOPinTypeGPIOOutput         
00001613  GPIOPinTypeSSI                
00001629  GPIOPinTypeUART               
0000172f  GPIOPinWrite                  
000011a5  INITIALIZATION_MCAL           
000011c3  INITIALIZATION_buttons        
000011ef  INITIALIZATION_leds           
00000601  IncrementCounter              
00001451  IntRegister                   
00000cc7  LED_blueOff                   
00000cb9  LED_blueOn                    
00000ce3  LED_greenOff                  
00000cd5  LED_greenOn                   
00000d51  LED_initPortF                 
00000d63  LED_redBlink                  
00000cff  LED_redOff                    
00000cf1  LED_redOn                     
00000d2f  LED_whiteOff                  
00000d0d  LED_whiteOn                   
00000f49  PortF_Init                    
000016ed  ResetISR                      
00000771  SPI_masterInit                
00000841  SPI_masterSend                
000011cb  SPI_send                      
000007d9  SPI_slaveInit                 
00001721  SSIBusy                       
00001369  SSIConfigSetExpClk            
0000167d  SSIDataGetNonBlocking         
000016f9  SSIDataPut                    
00001703  SSIEnable                     
0000026d  SYSTICK_handler               
0000154d  SYSTICK_init                  
20000498  SlaveButtonsFlag              
00000aad  SysCtlClockGet                
00000bc5  SysCtlClockSet                
00001735  SysCtlDelay                   
00001485  SysCtlPeripheralEnable        
00001419  SysCtlPeripheralReady         
00001201  SysCtlPeripheralReset         
00001641  SysTickEnable                 
00001655  SysTickIntEnable              
00001591  SysTickIntRegister            
000016a1  SysTickPeriodSet              
00001089  TIMER0_delayMs                
0000106d  TIMER0_init                   
000011e3  TIMER1_clearInt               
00001145  TimerConfigure                
000015e5  TimerDisable                  
000016d1  TimerEnable                   
0000173b  TimerIntClear                 
0000170d  TimerIntStatus                
0000168f  TimerLoadSet                  
00000d89  UART0_init                    
000011d7  UART0_send                    
00000e0d  UART0_sendMessage             
00001717  UARTCharPut                   
0000129d  UARTConfigSetExpClk           
00001571  UARTDisable                   
00001669  UARTEnable                    
20000474  UartCurrentState              
2000048c  UartState                     
20000470  __STACK_END                   
00000200  __STACK_SIZE                  
20000470  __STACK_TOP                   
00001878  __TI_CINIT_Base               
00001890  __TI_CINIT_Limit              
00001858  __TI_Handler_Table_Base       
00001864  __TI_Handler_Table_Limit      
000012e5  __TI_auto_init_nobinit_nopinit
000010dd  __TI_decompress_lzss          
000016df  __TI_decompress_none          
ffffffff  __TI_pprof_out_hndl           
ffffffff  __TI_prof_data_size           
ffffffff  __TI_prof_data_start          
00000000  __TI_static_base__            
000015ad  __TI_zero_init_nomemset       
00000fd1  __aeabi_memcpy                
00000fd1  __aeabi_memcpy4               
00000fd1  __aeabi_memcpy8               
ffffffff  __binit__                     
ffffffff  __c_args__                    
UNDEFED   __mpu_init                    
20000270  __stack                       
20000000  __start___llvm_prf_cnts       
20000000  __stop___llvm_prf_cnts        
000014ed  _c_int00_noargs               
UNDEFED   _system_post_cinit            
0000173f  _system_pre_init              
00001743  abort                         
ffffffff  binit                         
20000499  commcheck                     
20000478  counter                       
2000047c  counter_EE                    
20000000  g_pfnRAMVectors               
00000000  g_pfnVectors                  
20000490  g_ui32SysTickCount            
2000049a  holdButtonFlag                
2000049b  initialMessageSent            
20000470  last_sw1_state                
20000471  last_sw2_state                
000016c1  main                          
00000fd1  memcpy                        
20000494  receivedAck                   
2000049c  recievedFlag                  
2000049d  sw1                           
2000049e  sw2                           
2000049f  unidentifiedFlag              
200004a0  whiteFlag                     


GLOBAL SYMBOLS: SORTED BY Symbol Address 

address   name                          
-------   ----                          
00000000  __TI_static_base__            
00000000  g_pfnVectors                  
00000200  __STACK_SIZE                  
0000026d  SYSTICK_handler               
0000056d  APP_sendToPc                  
00000601  IncrementCounter              
00000771  SPI_masterInit                
000007d9  SPI_slaveInit                 
00000841  SPI_masterSend                
00000941  GPIOPadConfigSet              
00000aad  SysCtlClockGet                
00000bc5  SysCtlClockSet                
00000cb9  LED_blueOn                    
00000cc7  LED_blueOff                   
00000cd5  LED_greenOn                   
00000ce3  LED_greenOff                  
00000cf1  LED_redOn                     
00000cff  LED_redOff                    
00000d0d  LED_whiteOn                   
00000d2f  LED_whiteOff                  
00000d51  LED_initPortF                 
00000d63  LED_redBlink                  
00000d89  UART0_init                    
00000e0d  UART0_sendMessage             
00000e51  EEPROMProgram                 
00000f15  BUTTONS_rightButton           
00000f2f  BUTTONS_leftButton            
00000f49  PortF_Init                    
00000f8b  BUTTONS_initPortF             
00000fd1  __aeabi_memcpy                
00000fd1  __aeabi_memcpy4               
00000fd1  __aeabi_memcpy8               
00000fd1  memcpy                        
0000106d  TIMER0_init                   
00001089  TIMER0_delayMs                
000010dd  __TI_decompress_lzss          
00001145  TimerConfigure                
000011a5  INITIALIZATION_MCAL           
000011c3  INITIALIZATION_buttons        
000011cb  SPI_send                      
000011d7  UART0_send                    
000011e3  TIMER1_clearInt               
000011ef  INITIALIZATION_leds           
00001201  SysCtlPeripheralReset         
00001251  GPIOPinConfigure              
0000129d  UARTConfigSetExpClk           
000012e5  __TI_auto_init_nobinit_nopinit
00001329  EEPROMInit                    
00001369  SSIConfigSetExpClk            
000013e1  EEPROMRead                    
00001419  SysCtlPeripheralReady         
00001451  IntRegister                   
00001485  SysCtlPeripheralEnable        
000014ed  _c_int00_noargs               
00001521  GPIODirModeSet                
0000154d  SYSTICK_init                  
00001571  UARTDisable                   
00001591  SysTickIntRegister            
000015ad  __TI_zero_init_nomemset       
000015c9  GPIOPinTypeGPIOOutput         
000015e5  TimerDisable                  
000015fd  GPIOPinTypeGPIOInput          
00001613  GPIOPinTypeSSI                
00001629  GPIOPinTypeUART               
00001641  SysTickEnable                 
00001655  SysTickIntEnable              
00001669  UARTEnable                    
0000167d  SSIDataGetNonBlocking         
0000168f  TimerLoadSet                  
000016a1  SysTickPeriodSet              
000016c1  main                          
000016d1  TimerEnable                   
000016df  __TI_decompress_none          
000016ed  ResetISR                      
000016f9  SSIDataPut                    
00001703  SSIEnable                     
0000170d  TimerIntStatus                
00001717  UARTCharPut                   
00001721  SSIBusy                       
00001729  GPIOPinRead                   
0000172f  GPIOPinWrite                  
00001735  SysCtlDelay                   
0000173b  TimerIntClear                 
0000173f  _system_pre_init              
00001743  C$$EXIT                       
00001743  abort                         
00001858  __TI_Handler_Table_Base       
00001864  __TI_Handler_Table_Limit      
00001878  __TI_CINIT_Base               
00001890  __TI_CINIT_Limit              
20000000  __start___llvm_prf_cnts       
20000000  __stop___llvm_prf_cnts        
20000000  g_pfnRAMVectors               
20000270  __stack                       
20000470  __STACK_END                   
20000470  __STACK_TOP                   
20000470  last_sw1_state                
20000471  last_sw2_state                
20000474  UartCurrentState              
20000478  counter                       
2000047c  counter_EE                    
2000048c  UartState                     
20000490  g_ui32SysTickCount            
20000494  receivedAck                   
20000498  SlaveButtonsFlag              
20000499  commcheck                     
2000049a  holdButtonFlag                
2000049b  initialMessageSent            
2000049c  recievedFlag                  
2000049d  sw1                           
2000049e  sw2                           
2000049f  unidentifiedFlag              
200004a0  whiteFlag                     
ffffffff  __TI_pprof_out_hndl           
ffffffff  __TI_prof_data_size           
ffffffff  __TI_prof_data_start          
ffffffff  __binit__                     
ffffffff  __c_args__                    
ffffffff  binit                         
UNDEFED   __mpu_init                    
UNDEFED   _system_post_cinit            

[121 symbols]
