******************************************************************************
                  TI ARM Linker PC v20.2.7                     
******************************************************************************
>> Linked Sun Jan 26 13:31:01 2025

OUTPUT FILE NAME:   <Slave_.out>
ENTRY POINT SYMBOL: "_c_int00_noargs"  address: 00002681


MEMORY CONFIGURATION

         name            origin    length      used     unused   attr    fill
----------------------  --------  ---------  --------  --------  ----  --------
  FLASH                 00000000   00040000  00002ad0  0003d530  R  X
  SRAM                  20000000   00008000  00000db9  00007247  RW X


SEGMENT ALLOCATION MAP

run origin  load origin   length   init length attrs members
----------  ----------- ---------- ----------- ----- -------
00000000    00000000    00002ad8   00002ad8    r-x
  00000000    00000000    0000026c   0000026c    r-- .intvecs
  0000026c    0000026c    000026ee   000026ee    r-x .text
  0000295c    0000295c    0000011e   0000011e    r-- .const
  00002a80    00002a80    00000058   00000058    r-- .cinit
20000000    20000000    00000dbd   00000000    rw-
  20000000    20000000    0000026c   00000000    rw- .vtable
  2000026c    2000026c    00000838   00000000    rw- .data
  20000aa8    20000aa8    00000200   00000000    rw- .stack
  20000ca8    20000ca8    00000115   00000000    rw- .bss


SECTION ALLOCATION MAP

 output                                  attributes/
section   page    origin      length       input sections
--------  ----  ----------  ----------   ----------------
.intvecs   0    00000000    0000026c     
                  00000000    0000026c     tm4c123gh6pm_startup_ccs.obj (.intvecs)

.text      0    0000026c    000026ee     
                  0000026c    000007b4     scheduler.obj (.text)
                  00000a20    0000032c     NVM.obj (.text)
                  00000d4c    00000214     uart.obj (.text)
                  00000f60    00000210     ADC.obj (.text)
                  00001170    000001d8     led.obj (.text)
                  00001348    000001c0     can.obj (.text)
                  00001508    000001b6     rtsv7M4_T_le_v4SPD16_eabi.lib : fd_add_t2.asm.obj (.text)
                  000016be    00000002     --HOLE-- [fill = 0]
                  000016c0    0000016c     driverlib.lib : gpio.obj (.text:GPIOPadConfigSet)
                  0000182c    00000136     rtsv7M4_T_le_v4SPD16_eabi.lib : fd_div_t2.asm.obj (.text)
                  00001962    00000130     driverlib.lib : can.obj (.text:CANMessageSet)
                  00001a92    00000002     --HOLE-- [fill = 0]
                  00001a94    00000118                   : sysctl.obj (.text:SysCtlClockGet)
                  00001bac    00000116                   : can.obj (.text:CANMessageGet)
                  00001cc2    00000002     --HOLE-- [fill = 0]
                  00001cc4    000000fc     button.obj (.text)
                  00001dc0    000000fc     rtsv7M4_T_le_v4SPD16_eabi.lib : fd_mul_t2.asm.obj (.text)
                  00001ebc    000000f4     driverlib.lib : sysctl.obj (.text:SysCtlClockSet)
                  00001fb0    000000c4                   : eeprom.obj (.text:EEPROMProgram)
                  00002074    0000009c     rtsv7M4_T_le_v4SPD16_eabi.lib : memcpy_t2.asm.obj (.text)
                  00002110    0000007a     driverlib.lib : adc.obj (.text:ADCSequenceStepConfigure)
                  0000218a    0000006e     rtsv7M4_T_le_v4SPD16_eabi.lib : fd_tos_t2.asm.obj (.text)
                  000021f8    0000006c     driverlib.lib : can.obj (.text:CANBitRateSet)
                  00002264    00000068     rtsv7M4_T_le_v4SPD16_eabi.lib : copy_decompress_lzss.c.obj (.text:decompress:lzss:__TI_decompress_lzss)
                  000022cc    00000050     driverlib.lib : sysctl.obj (.text:SysCtlPeripheralReset)
                  0000231c    0000004e                   : adc.obj (.text:ADCSequenceConfigure)
                  0000236a    00000002     --HOLE-- [fill = 0]
                  0000236c    0000004c                   : gpio.obj (.text:GPIOPinConfigure)
                  000023b8    00000046                   : uart.obj (.text:UARTConfigSetExpClk)
                  000023fe    00000002     --HOLE-- [fill = 0]
                  00002400    00000044     rtsv7M4_T_le_v4SPD16_eabi.lib : autoinit.c.obj (.text:__TI_auto_init_nobinit_nopinit:__TI_auto_init_nobinit_nopinit)
                  00002444    00000040     driverlib.lib : can.obj (.text:CANStatusGet)
                  00002484    00000040                   : eeprom.obj (.text:EEPROMInit)
                  000024c4    0000003c                   : eeprom.obj (.text:_EEPROMSectorMaskSet)
                  00002500    0000003a                   : can.obj (.text:CANInit)
                  0000253a    00000002     --HOLE-- [fill = 0]
                  0000253c    00000038                   : eeprom.obj (.text:EEPROMRead)
                  00002574    00000038                   : sysctl.obj (.text:SysCtlPeripheralReady)
                  000025ac    00000038     rtsv7M4_T_le_v4SPD16_eabi.lib : fs_tod_t2.asm.obj (.text)
                  000025e4    00000034     driverlib.lib : interrupt.obj (.text:IntRegister)
                  00002618    00000034                   : sysctl.obj (.text:SysCtlPeripheralEnable)
                  0000264c    00000034                   : eeprom.obj (.text:_EEPROMSectorMaskClear)
                  00002680    00000034     rtsv7M4_T_le_v4SPD16_eabi.lib : boot_cortex_m.c.obj (.text:_c_int00_noargs:_c_int00_noargs)
                  000026b4    0000002e     driverlib.lib : adc.obj (.text:ADCIntStatus)
                  000026e2    0000002c                   : gpio.obj (.text:GPIODirModeSet)
                  0000270e    0000002a                   : can.obj (.text:_CANDataRegRead)
                  00002738    00000028     systickTimer.obj (.text)
                  00002760    00000024     driverlib.lib : can.obj (.text:_CANDataRegWrite)
                  00002784    00000020                   : uart.obj (.text:UARTDisable)
                  000027a4    0000001e                   : adc.obj (.text:ADCSequenceDataGet)
                  000027c2    00000002     --HOLE-- [fill = 0]
                  000027c4    0000001c                   : systick.obj (.text:SysTickIntRegister)
                  000027e0    0000001c     rtsv7M4_T_le_v4SPD16_eabi.lib : copy_zero_init.c.obj (.text:decompress:ZI:__TI_zero_init_nomemset:__TI_zero_init_nomemset)
                  000027fc    0000001a     driverlib.lib : gpio.obj (.text:GPIOPinTypeGPIOOutput)
                  00002816    00000018                   : adc.obj (.text:ADCProcessorTrigger)
                  0000282e    00000016                   : gpio.obj (.text:GPIOPinTypeADC)
                  00002844    00000016                   : gpio.obj (.text:GPIOPinTypeCAN)
                  0000285a    00000016                   : gpio.obj (.text:GPIOPinTypeGPIOInput)
                  00002870    00000016                   : gpio.obj (.text:GPIOPinTypeUART)
                  00002886    00000002     --HOLE-- [fill = 0]
                  00002888    00000014                   : systick.obj (.text:SysTickEnable)
                  0000289c    00000014                   : systick.obj (.text:SysTickIntEnable)
                  000028b0    00000014                   : uart.obj (.text:UARTEnable)
                  000028c4    00000010                   : systick.obj (.text:SysTickPeriodSet)
                  000028d4    00000010                   : eeprom.obj (.text:_EEPROMWaitForDone)
                  000028e4    0000000e                   : adc.obj (.text:ADCSequenceDisable)
                  000028f2    0000000e                   : adc.obj (.text:ADCSequenceEnable)
                  00002900    0000000e     rtsv7M4_T_le_v4SPD16_eabi.lib : copy_decompress_none.c.obj (.text:decompress:none:__TI_decompress_none)
                  0000290e    0000000c     tm4c123gh6pm_startup_ccs.obj (.text)
                  0000291a    0000000a     driverlib.lib : adc.obj (.text:ADCIntClear)
                  00002924    0000000a                   : can.obj (.text:CANEnable)
                  0000292e    0000000a                   : uart.obj (.text:UARTCharPut)
                  00002938    00000008     main.obj (.text)
                  00002940    00000006     driverlib.lib : gpio.obj (.text:GPIOPinRead)
                  00002946    00000006                   : gpio.obj (.text:GPIOPinWrite)
                  0000294c    00000006                   : sysctl.obj (.text:SysCtlDelay)
                  00002952    00000004     rtsv7M4_T_le_v4SPD16_eabi.lib : pre_init.c.obj (.text:_system_pre_init)
                  00002956    00000004                                   : exit.c.obj (.text:abort:abort)

.const     0    0000295c    0000011e     
                  0000295c    00000090     driverlib.lib : gpio.obj (.const:g_pui32GPIOBaseAddrs)
                  000029ec    0000006c                   : sysctl.obj (.const:g_pui32Xtals)
                  00002a58    00000020                   : can.obj (.const:g_ui16CANBitValues)
                  00002a78    00000001     scheduler.obj (.const:.string:$P$T0$1)
                  00002a79    00000001     scheduler.obj (.const:.string:$P$T1$4)

.cinit     0    00002a80    00000058     
                  00002a80    00000024     (.cinit..data.load) [load image, compression = lzss]
                  00002aa4    0000000c     (__TI_handler_table)
                  00002ab0    00000008     (.cinit..bss.load) [load image, compression = zero_init]
                  00002ab8    00000008     (.cinit..vtable.load) [load image, compression = zero_init]
                  00002ac0    00000018     (__TI_cinit_table)

.init_array 
*          0    00000000    00000000     UNINITIALIZED

.vtable    0    20000000    0000026c     UNINITIALIZED
                  20000000    0000026c     driverlib.lib : interrupt.obj (.vtable)

.data      0    2000026c    00000838     UNINITIALIZED
                  2000026c    000007d0     scheduler.obj (.data:temperature_readings$6)
                  20000a3c    00000049     scheduler.obj (.data)
                  20000a85    00000002     scheduler.obj (.data:KnownVoltage$3)
                  20000a87    00000001     --HOLE--
                  20000a88    00000016     NVM.obj (.data)
                  20000a9e    00000002     scheduler.obj (.data:KnownVoltage$5)
                  20000aa0    00000004     led.obj (.data)

.bss       0    20000ca8    00000115     UNINITIALIZED
                  20000ca8    00000100     (.common:taskList)
                  20000da8    00000008     scheduler.obj (.bss:avg_temperature$9)
                  20000db0    00000008     scheduler.obj (.bss:g_ui8ReceivedData$10)
                  20000db8    00000004     (.common:g_ui32SysTickCount)
                  20000dbc    00000001     (.common:initialMessageSent)

.stack     0    20000aa8    00000200     UNINITIALIZED
                  20000aa8    00000004     rtsv7M4_T_le_v4SPD16_eabi.lib : boot_cortex_m.c.obj (.stack)
                  20000aac    000001fc     --HOLE--

__llvm_prf_cnts 
*          0    20000000    00000000     UNINITIALIZED

MODULE SUMMARY

       Module                         code   ro data   rw data
       ------                         ----   -------   -------
    .\
       tm4c123gh6pm_startup_ccs.obj   12     620       0      
    +--+------------------------------+------+---------+---------+
       Total:                         12     620       0      
                                                              
    .\APP\
       main.obj                       8      0         261    
    +--+------------------------------+------+---------+---------+
       Total:                         8      0         261    
                                                              
    .\HAL\
       led.obj                        472    0         4      
       button.obj                     252    0         0      
    +--+------------------------------+------+---------+---------+
       Total:                         724    0         4      
                                                              
    .\MCAL\ADC\
       ADC.obj                        528    0         0      
    +--+------------------------------+------+---------+---------+
       Total:                         528    0         0      
                                                              
    .\MCAL\CAN\
       can.obj                        448    0         0      
    +--+------------------------------+------+---------+---------+
       Total:                         448    0         0      
                                                              
    .\MCAL\NVM\
       NVM.obj                        812    0         22     
    +--+------------------------------+------+---------+---------+
       Total:                         812    0         22     
                                                              
    .\MCAL\Timers\SYSTICK_TIMER\
       systickTimer.obj               40     0         0      
    +--+------------------------------+------+---------+---------+
       Total:                         40     0         0      
                                                              
    .\MCAL\UART\
       uart.obj                       532    0         0      
    +--+------------------------------+------+---------+---------+
       Total:                         532    0         0      
                                                              
    .\OS\
       scheduler.obj                  1972   2         2093   
    +--+------------------------------+------+---------+---------+
       Total:                         1972   2         2093   
                                                              
    C:/ti/TivaWare_C_Series-2.2.0.295/driverlib/ccs/Debug/driverlib.lib
       can.obj                        900    32        0      
       sysctl.obj                     718    108       0      
       gpio.obj                       610    144       0      
       interrupt.obj                  52     0         620    
       eeprom.obj                     444    0         0      
       adc.obj                        338    0         0      
       uart.obj                       132    0         0      
       systick.obj                    84     0         0      
    +--+------------------------------+------+---------+---------+
       Total:                         3278   284       620    
                                                              
    C:\ti\ccs1220\ccs\tools\compiler\ti-cgt-arm_20.2.7.LTS\lib\rtsv7M4_T_le_v4SPD16_eabi.lib
       fd_add_t2.asm.obj              438    0         0      
       fd_div_t2.asm.obj              310    0         0      
       fd_mul_t2.asm.obj              252    0         0      
       memcpy_t2.asm.obj              156    0         0      
       fd_tos_t2.asm.obj              110    0         0      
       copy_decompress_lzss.c.obj     104    0         0      
       autoinit.c.obj                 68     0         0      
       fs_tod_t2.asm.obj              56     0         0      
       boot_cortex_m.c.obj            52     0         0      
       copy_zero_init.c.obj           28     0         0      
       copy_decompress_none.c.obj     14     0         0      
       exit.c.obj                     4      0         0      
       pre_init.c.obj                 4      0         0      
    +--+------------------------------+------+---------+---------+
       Total:                         1596   0         0      
                                                              
       Stack:                         0      0         512    
       Linker Generated:              0      88        0      
    +--+------------------------------+------+---------+---------+
       Grand Total:                   9950   994       3512   


LINKER GENERATED COPY TABLES

__TI_cinit_table @ 00002ac0 records: 3, size/record: 8, table size: 24
	.data: load addr=00002a80, load size=00000024 bytes, run addr=2000026c, run size=00000838 bytes, compression=lzss
	.bss: load addr=00002ab0, load size=00000008 bytes, run addr=20000ca8, run size=00000115 bytes, compression=zero_init
	.vtable: load addr=00002ab8, load size=00000008 bytes, run addr=20000000, run size=0000026c bytes, compression=zero_init


LINKER GENERATED HANDLER TABLE

__TI_handler_table @ 00002aa4 records: 3, size/record: 4, table size: 12
	index: 0, handler: __TI_zero_init
	index: 1, handler: __TI_decompress_lzss
	index: 2, handler: __TI_decompress_none


GLOBAL SYMBOLS: SORTED ALPHABETICALLY BY Name 

address   name                                    
-------   ----                                    
0000291b  ADCIntClear                             
000026b5  ADCIntStatus                            
00002817  ADCProcessorTrigger                     
0000231d  ADCSequenceConfigure                    
000027a5  ADCSequenceDataGet                      
000028e5  ADCSequenceDisable                      
000028f3  ADCSequenceEnable                       
00002111  ADCSequenceStepConfigure                
20000a40  APP_uint32CurrentStateIndex             
20000a44  APP_uint32checkcounter                  
20000a48  APP_uint32i                             
00000595  APP_voidOS                              
00001d79  BUTTONS_initPortF                       
00001cdf  BUTTONS_leftButton                      
00001cc5  BUTTONS_rightButton                     
00002957  C$$EXIT                                 
000021f9  CANBitRateSet                           
00002925  CANEnable                               
00002501  CANInit                                 
00001bad  CANMessageGet                           
00001963  CANMessageSet                           
00002445  CANStatusGet                            
00001439  CAN_ConfigureReceiveObjects             
000014bb  CAN_ConfigureRemoteFrameHandler         
00001349  CAN_Init                                
00001413  CAN_ReceiveInit                         
000007c5  CAN_ReceiveMessage                      
0000139b  CAN_Send                                
000013cf  CAN_SendMessage                         
00002485  EEPROMInit                              
00001fb1  EEPROMProgram                           
0000253d  EEPROMRead                              
000026e3  GPIODirModeSet                          
000016c1  GPIOPadConfigSet                        
0000236d  GPIOPinConfigure                        
00002941  GPIOPinRead                             
0000282f  GPIOPinTypeADC                          
00002845  GPIOPinTypeCAN                          
0000285b  GPIOPinTypeGPIOInput                    
000027fd  GPIOPinTypeGPIOOutput                   
00002871  GPIOPinTypeUART                         
00002947  GPIOPinWrite                            
00001cf9  HAL_voidButtons                         
00001283  HAL_voidLedBlink                        
0000124f  HAL_voidLedOff                          
0000121b  HAL_voidLedOn                           
000009d9  INITIALIZATION_buttons                  
000009e1  INITIALIZATION_leds                     
000025e5  IntRegister                             
0000117f  LED_blueOff                             
00001171  LED_blueOn                              
0000119b  LED_greenOff                            
0000118d  LED_greenOn                             
00001209  LED_initPortF                           
000011b7  LED_redOff                              
000011a9  LED_redOn                               
000011e7  LED_whiteOff                            
000011c5  LED_whiteOn                             
00000b67  NVM_CommRet                             
00000bad  NVM_StateReminder                       
00000afb  NVM_voidIncrementCommunicationDTCCounter
00000a95  NVM_voidIncrementDTCCounter             
20000a7b  OS_boolBlinkBlueFlag                    
20000a7a  OS_boolBlinkWhiteFlag                   
20000a9c  OS_boolCommunicationDTCFlag             
20000a79  OS_boolCommunicationLostFlag            
20000a99  OS_boolDTCFlag                          
20000a9b  OS_boolFaultStateFlag                   
20000a7c  OS_boolIncrementCommFlag                
20000a9a  OS_boolVoltageFlag                      
20000a4c  OS_delayCount                           
000006ab  OS_floatCalculateAverageTemperature     
0000077d  OS_ui16ECU2ReadTemperature              
00000783  OS_ui16SendTemperature                  
20000a68  OS_ui32AvgTimer                         
20000a64  OS_ui32BlinkBlueTimer                   
20000a60  OS_ui32BlinkWhiteTimer                  
20000a70  OS_ui32CommLostTimer                    
20000a6c  OS_ui32SumOfReadings                    
20000a50  OS_ui32time1                            
20000a54  OS_ui32time2                            
20000a58  OS_ui32time3                            
20000a5c  OS_ui32time4                            
000002af  OS_voidAddTask                          
000007ed  OS_voidCANHandleReceivedMessages        
00000509  OS_voidCheckCANCommunication            
000005e1  OS_voidCheckDTC                         
00000911  OS_voidCheckOverheat                    
00000723  OS_voidCheckRXOK                        
00000885  OS_voidCheckState                       
00000601  OS_voidCheckVoltageAndRemote            
0000073d  OS_voidECU2HandleRemoteFrame            
00000637  OS_voidECU2RespondToRemoteFrame         
000009cd  OS_voidHALInit                          
00000969  OS_voidHeartbeatError                   
000009c1  OS_voidInit                             
000004f1  OS_voidInitTasks                        
000005b1  OS_voidMCALInit                         
000003dd  OS_voidScheduler                        
00000575  OS_voidSendKeepAlive                    
0000032f  OS_voidSortTasksByPriority              
00001d37  PortF_Init                              
20000a3c  PrevState                               
0000290f  ResetISR                                
0000026d  SYSTICK_handler                         
00002739  SYSTICK_init                            
00001a95  SysCtlClockGet                          
00001ebd  SysCtlClockSet                          
0000294d  SysCtlDelay                             
00002619  SysCtlPeripheralEnable                  
00002575  SysCtlPeripheralReady                   
000022cd  SysCtlPeripheralReset                   
00002889  SysTickEnable                           
0000289d  SysTickIntEnable                        
000027c5  SysTickIntRegister                      
000028c5  SysTickPeriodSet                        
00000dbf  UART0_init                              
00000e63  UART0_sendMessage                       
0000292f  UARTCharPut                             
000023b9  UARTConfigSetExpClk                     
00002785  UARTDisable                             
000028b1  UARTEnable                              
00000d4d  UART_Init                               
00000e43  UART_SendMessage                        
00000e83  UART_SendNumber                         
20000a7d  UNIDENTIFIED                            
20000ca8  __STACK_END                             
00000200  __STACK_SIZE                            
20000ca8  __STACK_TOP                             
00002ac0  __TI_CINIT_Base                         
00002ad8  __TI_CINIT_Limit                        
00002aa4  __TI_Handler_Table_Base                 
00002ab0  __TI_Handler_Table_Limit                
00002401  __TI_auto_init_nobinit_nopinit          
00002265  __TI_decompress_lzss                    
00002901  __TI_decompress_none                    
ffffffff  __TI_pprof_out_hndl                     
ffffffff  __TI_prof_data_size                     
ffffffff  __TI_prof_data_start                    
00000000  __TI_static_base__                      
000027e1  __TI_zero_init_nomemset                 
0000218b  __aeabi_d2f                             
00001513  __aeabi_dadd                            
0000182d  __aeabi_ddiv                            
00001dc1  __aeabi_dmul                            
00001509  __aeabi_dsub                            
000025ad  __aeabi_f2d                             
00002075  __aeabi_memcpy                          
00002075  __aeabi_memcpy4                         
00002075  __aeabi_memcpy8                         
ffffffff  __binit__                               
ffffffff  __c_args__                              
UNDEFED   __mpu_init                              
20000aa8  __stack                                 
20000000  __start___llvm_prf_cnts                 
20000000  __stop___llvm_prf_cnts                  
00002681  _c_int00_noargs                         
UNDEFED   _system_post_cinit                      
00002953  _system_pre_init                        
00002957  abort                                   
ffffffff  binit                                   
20000a78  boolReturnAvgFlag                       
00000a55  checkButtonPresses                      
00000bc9  checkFaultFlag                          
00000c8d  clearDTC                                
00000a79  failSafeState                           
20000a98  g_Fault_Flag                            
20000000  g_pfnRAMVectors                         
00000000  g_pfnVectors                            
20000db8  g_ui32SysTickCount                      
00001007  getTemperature                          
00001065  getVoltage                              
00000f61  initADC                                 
000010c3  initADC1                                
20000dbc  initialMessageSent                      
00000bef  initializeEEPROM                        
00002939  main                                    
00000fcf  mapADCToTemperature                     
00002075  memcpy                                  
0000110b  readADC1Value                           
00000fa1  readADCValue                            
00000c63  readDTC                                 
00000a21  resetButtonPressCounter                 
00000297  scheduler                               
20000ca8  taskList                                
20000a7e  ui8taskCount                            


GLOBAL SYMBOLS: SORTED BY Symbol Address 

address   name                                    
-------   ----                                    
00000000  __TI_static_base__                      
00000000  g_pfnVectors                            
00000200  __STACK_SIZE                            
0000026d  SYSTICK_handler                         
00000297  scheduler                               
000002af  OS_voidAddTask                          
0000032f  OS_voidSortTasksByPriority              
000003dd  OS_voidScheduler                        
000004f1  OS_voidInitTasks                        
00000509  OS_voidCheckCANCommunication            
00000575  OS_voidSendKeepAlive                    
00000595  APP_voidOS                              
000005b1  OS_voidMCALInit                         
000005e1  OS_voidCheckDTC                         
00000601  OS_voidCheckVoltageAndRemote            
00000637  OS_voidECU2RespondToRemoteFrame         
000006ab  OS_floatCalculateAverageTemperature     
00000723  OS_voidCheckRXOK                        
0000073d  OS_voidECU2HandleRemoteFrame            
0000077d  OS_ui16ECU2ReadTemperature              
00000783  OS_ui16SendTemperature                  
000007c5  CAN_ReceiveMessage                      
000007ed  OS_voidCANHandleReceivedMessages        
00000885  OS_voidCheckState                       
00000911  OS_voidCheckOverheat                    
00000969  OS_voidHeartbeatError                   
000009c1  OS_voidInit                             
000009cd  OS_voidHALInit                          
000009d9  INITIALIZATION_buttons                  
000009e1  INITIALIZATION_leds                     
00000a21  resetButtonPressCounter                 
00000a55  checkButtonPresses                      
00000a79  failSafeState                           
00000a95  NVM_voidIncrementDTCCounter             
00000afb  NVM_voidIncrementCommunicationDTCCounter
00000b67  NVM_CommRet                             
00000bad  NVM_StateReminder                       
00000bc9  checkFaultFlag                          
00000bef  initializeEEPROM                        
00000c63  readDTC                                 
00000c8d  clearDTC                                
00000d4d  UART_Init                               
00000dbf  UART0_init                              
00000e43  UART_SendMessage                        
00000e63  UART0_sendMessage                       
00000e83  UART_SendNumber                         
00000f61  initADC                                 
00000fa1  readADCValue                            
00000fcf  mapADCToTemperature                     
00001007  getTemperature                          
00001065  getVoltage                              
000010c3  initADC1                                
0000110b  readADC1Value                           
00001171  LED_blueOn                              
0000117f  LED_blueOff                             
0000118d  LED_greenOn                             
0000119b  LED_greenOff                            
000011a9  LED_redOn                               
000011b7  LED_redOff                              
000011c5  LED_whiteOn                             
000011e7  LED_whiteOff                            
00001209  LED_initPortF                           
0000121b  HAL_voidLedOn                           
0000124f  HAL_voidLedOff                          
00001283  HAL_voidLedBlink                        
00001349  CAN_Init                                
0000139b  CAN_Send                                
000013cf  CAN_SendMessage                         
00001413  CAN_ReceiveInit                         
00001439  CAN_ConfigureReceiveObjects             
000014bb  CAN_ConfigureRemoteFrameHandler         
00001509  __aeabi_dsub                            
00001513  __aeabi_dadd                            
000016c1  GPIOPadConfigSet                        
0000182d  __aeabi_ddiv                            
00001963  CANMessageSet                           
00001a95  SysCtlClockGet                          
00001bad  CANMessageGet                           
00001cc5  BUTTONS_rightButton                     
00001cdf  BUTTONS_leftButton                      
00001cf9  HAL_voidButtons                         
00001d37  PortF_Init                              
00001d79  BUTTONS_initPortF                       
00001dc1  __aeabi_dmul                            
00001ebd  SysCtlClockSet                          
00001fb1  EEPROMProgram                           
00002075  __aeabi_memcpy                          
00002075  __aeabi_memcpy4                         
00002075  __aeabi_memcpy8                         
00002075  memcpy                                  
00002111  ADCSequenceStepConfigure                
0000218b  __aeabi_d2f                             
000021f9  CANBitRateSet                           
00002265  __TI_decompress_lzss                    
000022cd  SysCtlPeripheralReset                   
0000231d  ADCSequenceConfigure                    
0000236d  GPIOPinConfigure                        
000023b9  UARTConfigSetExpClk                     
00002401  __TI_auto_init_nobinit_nopinit          
00002445  CANStatusGet                            
00002485  EEPROMInit                              
00002501  CANInit                                 
0000253d  EEPROMRead                              
00002575  SysCtlPeripheralReady                   
000025ad  __aeabi_f2d                             
000025e5  IntRegister                             
00002619  SysCtlPeripheralEnable                  
00002681  _c_int00_noargs                         
000026b5  ADCIntStatus                            
000026e3  GPIODirModeSet                          
00002739  SYSTICK_init                            
00002785  UARTDisable                             
000027a5  ADCSequenceDataGet                      
000027c5  SysTickIntRegister                      
000027e1  __TI_zero_init_nomemset                 
000027fd  GPIOPinTypeGPIOOutput                   
00002817  ADCProcessorTrigger                     
0000282f  GPIOPinTypeADC                          
00002845  GPIOPinTypeCAN                          
0000285b  GPIOPinTypeGPIOInput                    
00002871  GPIOPinTypeUART                         
00002889  SysTickEnable                           
0000289d  SysTickIntEnable                        
000028b1  UARTEnable                              
000028c5  SysTickPeriodSet                        
000028e5  ADCSequenceDisable                      
000028f3  ADCSequenceEnable                       
00002901  __TI_decompress_none                    
0000290f  ResetISR                                
0000291b  ADCIntClear                             
00002925  CANEnable                               
0000292f  UARTCharPut                             
00002939  main                                    
00002941  GPIOPinRead                             
00002947  GPIOPinWrite                            
0000294d  SysCtlDelay                             
00002953  _system_pre_init                        
00002957  C$$EXIT                                 
00002957  abort                                   
00002aa4  __TI_Handler_Table_Base                 
00002ab0  __TI_Handler_Table_Limit                
00002ac0  __TI_CINIT_Base                         
00002ad8  __TI_CINIT_Limit                        
20000000  __start___llvm_prf_cnts                 
20000000  __stop___llvm_prf_cnts                  
20000000  g_pfnRAMVectors                         
20000a3c  PrevState                               
20000a40  APP_uint32CurrentStateIndex             
20000a44  APP_uint32checkcounter                  
20000a48  APP_uint32i                             
20000a4c  OS_delayCount                           
20000a50  OS_ui32time1                            
20000a54  OS_ui32time2                            
20000a58  OS_ui32time3                            
20000a5c  OS_ui32time4                            
20000a60  OS_ui32BlinkWhiteTimer                  
20000a64  OS_ui32BlinkBlueTimer                   
20000a68  OS_ui32AvgTimer                         
20000a6c  OS_ui32SumOfReadings                    
20000a70  OS_ui32CommLostTimer                    
20000a78  boolReturnAvgFlag                       
20000a79  OS_boolCommunicationLostFlag            
20000a7a  OS_boolBlinkWhiteFlag                   
20000a7b  OS_boolBlinkBlueFlag                    
20000a7c  OS_boolIncrementCommFlag                
20000a7d  UNIDENTIFIED                            
20000a7e  ui8taskCount                            
20000a98  g_Fault_Flag                            
20000a99  OS_boolDTCFlag                          
20000a9a  OS_boolVoltageFlag                      
20000a9b  OS_boolFaultStateFlag                   
20000a9c  OS_boolCommunicationDTCFlag             
20000aa8  __stack                                 
20000ca8  __STACK_END                             
20000ca8  __STACK_TOP                             
20000ca8  taskList                                
20000db8  g_ui32SysTickCount                      
20000dbc  initialMessageSent                      
ffffffff  __TI_pprof_out_hndl                     
ffffffff  __TI_prof_data_size                     
ffffffff  __TI_prof_data_start                    
ffffffff  __binit__                               
ffffffff  __c_args__                              
ffffffff  binit                                   
UNDEFED   __mpu_init                              
UNDEFED   _system_post_cinit                      

[186 symbols]
