<?xml version="1.0" encoding="ISO-8859-1" ?>
<link_info>
   <banner>TI ARM Linker PC v20.2.7.LTS</banner>
   <copyright>Copyright (c) 1996-2018 Texas Instruments Incorporated</copyright>
   <link_time>0x6796344e</link_time>
   <link_errors>0x0</link_errors>
   <output_file>Master_.out</output_file>
   <entry_point>
      <name>_c_int00_noargs</name>
      <address>0x2809</address>
   </entry_point>
   <input_file_list>
      <input_file id="fl-2">
         <path>.\</path>
         <kind>object</kind>
         <file>tm4c123gh6pm_startup_ccs.obj</file>
         <name>tm4c123gh6pm_startup_ccs.obj</name>
      </input_file>
      <input_file id="fl-3">
         <path>.\APP\</path>
         <kind>object</kind>
         <file>main.obj</file>
         <name>main.obj</name>
      </input_file>
      <input_file id="fl-4">
         <path>.\HAL\</path>
         <kind>object</kind>
         <file>button.obj</file>
         <name>button.obj</name>
      </input_file>
      <input_file id="fl-5">
         <path>.\HAL\</path>
         <kind>object</kind>
         <file>led.obj</file>
         <name>led.obj</name>
      </input_file>
      <input_file id="fl-6">
         <path>.\MCAL\ADC\</path>
         <kind>object</kind>
         <file>ADC.obj</file>
         <name>ADC.obj</name>
      </input_file>
      <input_file id="fl-7">
         <path>.\MCAL\CAN\</path>
         <kind>object</kind>
         <file>can.obj</file>
         <name>can.obj</name>
      </input_file>
      <input_file id="fl-8">
         <path>.\MCAL\EEPROM\</path>
         <kind>object</kind>
         <file>EEPROM.obj</file>
         <name>EEPROM.obj</name>
      </input_file>
      <input_file id="fl-9">
         <path>.\MCAL\NVM\</path>
         <kind>object</kind>
         <file>NVM.obj</file>
         <name>NVM.obj</name>
      </input_file>
      <input_file id="fl-a">
         <path>.\MCAL\NVM\</path>
         <kind>object</kind>
         <file>dtc.obj</file>
         <name>dtc.obj</name>
      </input_file>
      <input_file id="fl-b">
         <path>.\MCAL\SPI\</path>
         <kind>object</kind>
         <file>spi.obj</file>
         <name>spi.obj</name>
      </input_file>
      <input_file id="fl-c">
         <path>.\MCAL\Timers\SYSTICK_TIMER\</path>
         <kind>object</kind>
         <file>systickTimer.obj</file>
         <name>systickTimer.obj</name>
      </input_file>
      <input_file id="fl-d">
         <path>.\MCAL\Timers\TIMER0\</path>
         <kind>object</kind>
         <file>timer0.obj</file>
         <name>timer0.obj</name>
      </input_file>
      <input_file id="fl-e">
         <path>.\MCAL\Timers\TIMER1\</path>
         <kind>object</kind>
         <file>timer1.obj</file>
         <name>timer1.obj</name>
      </input_file>
      <input_file id="fl-f">
         <path>.\MCAL\UART\</path>
         <kind>object</kind>
         <file>uart.obj</file>
         <name>uart.obj</name>
      </input_file>
      <input_file id="fl-10">
         <path>.\OS\</path>
         <kind>object</kind>
         <file>scheduler.obj</file>
         <name>scheduler.obj</name>
      </input_file>
      <input_file id="fl-15">
         <kind>object</kind>
         <file>&lt;internal&gt;</file>
         <name>&lt;internal&gt;</name>
      </input_file>
      <input_file id="fl-16">
         <path>C:\ti\TivaWare_C_Series-2.2.0.295\driverlib\ccs\Debug\</path>
         <kind>archive</kind>
         <file>driverlib.lib</file>
         <name>adc.obj</name>
      </input_file>
      <input_file id="fl-17">
         <path>C:\ti\TivaWare_C_Series-2.2.0.295\driverlib\ccs\Debug\</path>
         <kind>archive</kind>
         <file>driverlib.lib</file>
         <name>can.obj</name>
      </input_file>
      <input_file id="fl-18">
         <path>C:\ti\TivaWare_C_Series-2.2.0.295\driverlib\ccs\Debug\</path>
         <kind>archive</kind>
         <file>driverlib.lib</file>
         <name>eeprom.obj</name>
      </input_file>
      <input_file id="fl-19">
         <path>C:\ti\TivaWare_C_Series-2.2.0.295\driverlib\ccs\Debug\</path>
         <kind>archive</kind>
         <file>driverlib.lib</file>
         <name>gpio.obj</name>
      </input_file>
      <input_file id="fl-1a">
         <path>C:\ti\TivaWare_C_Series-2.2.0.295\driverlib\ccs\Debug\</path>
         <kind>archive</kind>
         <file>driverlib.lib</file>
         <name>interrupt.obj</name>
      </input_file>
      <input_file id="fl-1b">
         <path>C:\ti\TivaWare_C_Series-2.2.0.295\driverlib\ccs\Debug\</path>
         <kind>archive</kind>
         <file>driverlib.lib</file>
         <name>ssi.obj</name>
      </input_file>
      <input_file id="fl-1c">
         <path>C:\ti\TivaWare_C_Series-2.2.0.295\driverlib\ccs\Debug\</path>
         <kind>archive</kind>
         <file>driverlib.lib</file>
         <name>sysctl.obj</name>
      </input_file>
      <input_file id="fl-1d">
         <path>C:\ti\TivaWare_C_Series-2.2.0.295\driverlib\ccs\Debug\</path>
         <kind>archive</kind>
         <file>driverlib.lib</file>
         <name>systick.obj</name>
      </input_file>
      <input_file id="fl-1e">
         <path>C:\ti\TivaWare_C_Series-2.2.0.295\driverlib\ccs\Debug\</path>
         <kind>archive</kind>
         <file>driverlib.lib</file>
         <name>timer.obj</name>
      </input_file>
      <input_file id="fl-1f">
         <path>C:\ti\TivaWare_C_Series-2.2.0.295\driverlib\ccs\Debug\</path>
         <kind>archive</kind>
         <file>driverlib.lib</file>
         <name>uart.obj</name>
      </input_file>
      <input_file id="fl-20">
         <path>C:\ti\TivaWare_C_Series-2.2.0.295\driverlib\ccs\Debug\</path>
         <kind>archive</kind>
         <file>driverlib.lib</file>
         <name>cpu.obj</name>
      </input_file>
      <input_file id="fl-d6">
         <path>C:\ti\ccs1220\ccs\tools\compiler\ti-cgt-arm_20.2.7.LTS\lib\</path>
         <kind>archive</kind>
         <file>rtsv7M4_T_le_v4SPD16_eabi.lib</file>
         <name>fd_add_t2.asm.obj</name>
      </input_file>
      <input_file id="fl-d7">
         <path>C:\ti\ccs1220\ccs\tools\compiler\ti-cgt-arm_20.2.7.LTS\lib\</path>
         <kind>archive</kind>
         <file>rtsv7M4_T_le_v4SPD16_eabi.lib</file>
         <name>fd_div_t2.asm.obj</name>
      </input_file>
      <input_file id="fl-d8">
         <path>C:\ti\ccs1220\ccs\tools\compiler\ti-cgt-arm_20.2.7.LTS\lib\</path>
         <kind>archive</kind>
         <file>rtsv7M4_T_le_v4SPD16_eabi.lib</file>
         <name>fd_mul_t2.asm.obj</name>
      </input_file>
      <input_file id="fl-d9">
         <path>C:\ti\ccs1220\ccs\tools\compiler\ti-cgt-arm_20.2.7.LTS\lib\</path>
         <kind>archive</kind>
         <file>rtsv7M4_T_le_v4SPD16_eabi.lib</file>
         <name>fd_tos_t2.asm.obj</name>
      </input_file>
      <input_file id="fl-da">
         <path>C:\ti\ccs1220\ccs\tools\compiler\ti-cgt-arm_20.2.7.LTS\lib\</path>
         <kind>archive</kind>
         <file>rtsv7M4_T_le_v4SPD16_eabi.lib</file>
         <name>fs_tod_t2.asm.obj</name>
      </input_file>
      <input_file id="fl-db">
         <path>C:\ti\ccs1220\ccs\tools\compiler\ti-cgt-arm_20.2.7.LTS\lib\</path>
         <kind>archive</kind>
         <file>rtsv7M4_T_le_v4SPD16_eabi.lib</file>
         <name>copy_zero_init.c.obj</name>
      </input_file>
      <input_file id="fl-dc">
         <path>C:\ti\ccs1220\ccs\tools\compiler\ti-cgt-arm_20.2.7.LTS\lib\</path>
         <kind>archive</kind>
         <file>rtsv7M4_T_le_v4SPD16_eabi.lib</file>
         <name>copy_decompress_none.c.obj</name>
      </input_file>
      <input_file id="fl-dd">
         <path>C:\ti\ccs1220\ccs\tools\compiler\ti-cgt-arm_20.2.7.LTS\lib\</path>
         <kind>archive</kind>
         <file>rtsv7M4_T_le_v4SPD16_eabi.lib</file>
         <name>copy_decompress_lzss.c.obj</name>
      </input_file>
      <input_file id="fl-de">
         <path>C:\ti\ccs1220\ccs\tools\compiler\ti-cgt-arm_20.2.7.LTS\lib\</path>
         <kind>archive</kind>
         <file>rtsv7M4_T_le_v4SPD16_eabi.lib</file>
         <name>boot_cortex_m.c.obj</name>
      </input_file>
      <input_file id="fl-df">
         <path>C:\ti\ccs1220\ccs\tools\compiler\ti-cgt-arm_20.2.7.LTS\lib\</path>
         <kind>archive</kind>
         <file>rtsv7M4_T_le_v4SPD16_eabi.lib</file>
         <name>memcpy_t2.asm.obj</name>
      </input_file>
      <input_file id="fl-e0">
         <path>C:\ti\ccs1220\ccs\tools\compiler\ti-cgt-arm_20.2.7.LTS\lib\</path>
         <kind>archive</kind>
         <file>rtsv7M4_T_le_v4SPD16_eabi.lib</file>
         <name>memset_t2.asm.obj</name>
      </input_file>
      <input_file id="fl-e1">
         <path>C:\ti\ccs1220\ccs\tools\compiler\ti-cgt-arm_20.2.7.LTS\lib\</path>
         <kind>archive</kind>
         <file>rtsv7M4_T_le_v4SPD16_eabi.lib</file>
         <name>autoinit.c.obj</name>
      </input_file>
      <input_file id="fl-e2">
         <path>C:\ti\ccs1220\ccs\tools\compiler\ti-cgt-arm_20.2.7.LTS\lib\</path>
         <kind>archive</kind>
         <file>rtsv7M4_T_le_v4SPD16_eabi.lib</file>
         <name>pre_init.c.obj</name>
      </input_file>
      <input_file id="fl-e3">
         <path>C:\ti\ccs1220\ccs\tools\compiler\ti-cgt-arm_20.2.7.LTS\lib\</path>
         <kind>archive</kind>
         <file>rtsv7M4_T_le_v4SPD16_eabi.lib</file>
         <name>cpy_tbl.c.obj</name>
      </input_file>
      <input_file id="fl-e4">
         <path>C:\ti\ccs1220\ccs\tools\compiler\ti-cgt-arm_20.2.7.LTS\lib\</path>
         <kind>archive</kind>
         <file>rtsv7M4_T_le_v4SPD16_eabi.lib</file>
         <name>exit.c.obj</name>
      </input_file>
      <input_file id="fl-e5">
         <path>C:\ti\ccs1220\ccs\tools\compiler\ti-cgt-arm_20.2.7.LTS\lib\</path>
         <kind>archive</kind>
         <file>rtsv7M4_T_le_v4SPD16_eabi.lib</file>
         <name>_lock.c.obj</name>
      </input_file>
      <input_file id="fl-e6">
         <path>C:\ti\ccs1220\ccs\tools\compiler\ti-cgt-arm_20.2.7.LTS\lib\</path>
         <kind>archive</kind>
         <file>rtsv7M4_T_le_v4SPD16_eabi.lib</file>
         <name>args_main.c.obj</name>
      </input_file>
   </input_file_list>
   <object_component_list>
      <object_component id="oc-12">
         <name>.intvecs</name>
         <load_address>0x0</load_address>
         <run_address>0x0</run_address>
         <size>0x26c</size>
         <input_file_ref idref="fl-2"/>
      </object_component>
      <object_component id="oc-c2">
         <name>.text</name>
         <load_address>0x26c</load_address>
         <run_address>0x26c</run_address>
         <size>0xe48</size>
         <input_file_ref idref="fl-10"/>
      </object_component>
      <object_component id="oc-12a">
         <name>.text</name>
         <load_address>0x10b4</load_address>
         <run_address>0x10b4</run_address>
         <size>0x328</size>
         <input_file_ref idref="fl-9"/>
      </object_component>
      <object_component id="oc-112">
         <name>.text</name>
         <load_address>0x13dc</load_address>
         <run_address>0x13dc</run_address>
         <size>0x214</size>
         <input_file_ref idref="fl-f"/>
      </object_component>
      <object_component id="oc-136">
         <name>.text</name>
         <load_address>0x15f0</load_address>
         <run_address>0x15f0</run_address>
         <size>0x1e4</size>
         <input_file_ref idref="fl-5"/>
      </object_component>
      <object_component id="oc-17e">
         <name>.text</name>
         <load_address>0x17d4</load_address>
         <run_address>0x17d4</run_address>
         <size>0x1d0</size>
         <input_file_ref idref="fl-b"/>
      </object_component>
      <object_component id="oc-1e2">
         <name>.text:GPIOPadConfigSet</name>
         <load_address>0x19a4</load_address>
         <run_address>0x19a4</run_address>
         <size>0x16c</size>
         <input_file_ref idref="fl-19"/>
      </object_component>
      <object_component id="oc-124">
         <name>.text</name>
         <load_address>0x1b10</load_address>
         <run_address>0x1b10</run_address>
         <size>0x13c</size>
         <input_file_ref idref="fl-7"/>
      </object_component>
      <object_component id="oc-118">
         <name>.text:CANMessageSet</name>
         <load_address>0x1c4c</load_address>
         <run_address>0x1c4c</run_address>
         <size>0x130</size>
         <input_file_ref idref="fl-17"/>
      </object_component>
      <object_component id="oc-1fb">
         <name>.text:SysCtlClockGet</name>
         <load_address>0x1d7c</load_address>
         <run_address>0x1d7c</run_address>
         <size>0x118</size>
         <input_file_ref idref="fl-1c"/>
      </object_component>
      <object_component id="oc-11e">
         <name>.text:CANMessageGet</name>
         <load_address>0x1e94</load_address>
         <run_address>0x1e94</run_address>
         <size>0x116</size>
         <input_file_ref idref="fl-17"/>
      </object_component>
      <object_component id="oc-10c">
         <name>.text</name>
         <load_address>0x1fac</load_address>
         <run_address>0x1fac</run_address>
         <size>0xfc</size>
         <input_file_ref idref="fl-4"/>
      </object_component>
      <object_component id="oc-1d0">
         <name>.text:SysCtlClockSet</name>
         <load_address>0x20a8</load_address>
         <run_address>0x20a8</run_address>
         <size>0xf4</size>
         <input_file_ref idref="fl-1c"/>
      </object_component>
      <object_component id="oc-130">
         <name>.text:EEPROMProgram</name>
         <load_address>0x219c</load_address>
         <run_address>0x219c</run_address>
         <size>0xc4</size>
         <input_file_ref idref="fl-18"/>
      </object_component>
      <object_component id="oc-3b">
         <name>.text</name>
         <load_address>0x2260</load_address>
         <run_address>0x2260</run_address>
         <size>0x9c</size>
         <input_file_ref idref="fl-df"/>
      </object_component>
      <object_component id="oc-18a">
         <name>.text</name>
         <load_address>0x22fc</load_address>
         <run_address>0x22fc</run_address>
         <size>0x70</size>
         <input_file_ref idref="fl-d"/>
      </object_component>
      <object_component id="oc-23c">
         <name>.text:CANBitRateSet</name>
         <load_address>0x236c</load_address>
         <run_address>0x236c</run_address>
         <size>0x6c</size>
         <input_file_ref idref="fl-17"/>
      </object_component>
      <object_component id="oc-15">
         <name>.text:decompress:lzss:__TI_decompress_lzss</name>
         <load_address>0x23d8</load_address>
         <run_address>0x23d8</run_address>
         <size>0x68</size>
         <input_file_ref idref="fl-dd"/>
      </object_component>
      <object_component id="oc-2c0">
         <name>.text:TimerConfigure</name>
         <load_address>0x2440</load_address>
         <run_address>0x2440</run_address>
         <size>0x60</size>
         <input_file_ref idref="fl-1e"/>
      </object_component>
      <object_component id="oc-34e">
         <name>.text:SysCtlPeripheralReset</name>
         <load_address>0x24a0</load_address>
         <run_address>0x24a0</run_address>
         <size>0x50</size>
         <input_file_ref idref="fl-1c"/>
      </object_component>
      <object_component id="oc-1ef">
         <name>.text:GPIOPinConfigure</name>
         <load_address>0x24f0</load_address>
         <run_address>0x24f0</run_address>
         <size>0x4c</size>
         <input_file_ref idref="fl-19"/>
      </object_component>
      <object_component id="oc-201">
         <name>.text:UARTConfigSetExpClk</name>
         <load_address>0x253c</load_address>
         <run_address>0x253c</run_address>
         <size>0x46</size>
         <input_file_ref idref="fl-1f"/>
      </object_component>
      <object_component id="oc-da">
         <name>.text:__TI_auto_init_nobinit_nopinit:__TI_auto_init_nobinit_nopinit</name>
         <load_address>0x2584</load_address>
         <run_address>0x2584</run_address>
         <size>0x44</size>
         <input_file_ref idref="fl-e1"/>
      </object_component>
      <object_component id="oc-177">
         <name>.text:CANStatusGet</name>
         <load_address>0x25c8</load_address>
         <run_address>0x25c8</run_address>
         <size>0x40</size>
         <input_file_ref idref="fl-17"/>
      </object_component>
      <object_component id="oc-24b">
         <name>.text:EEPROMInit</name>
         <load_address>0x2608</load_address>
         <run_address>0x2608</run_address>
         <size>0x40</size>
         <input_file_ref idref="fl-18"/>
      </object_component>
      <object_component id="oc-284">
         <name>.text:SSIConfigSetExpClk</name>
         <load_address>0x2648</load_address>
         <run_address>0x2648</run_address>
         <size>0x3c</size>
         <input_file_ref idref="fl-1b"/>
      </object_component>
      <object_component id="oc-258">
         <name>.text:_EEPROMSectorMaskSet</name>
         <load_address>0x2684</load_address>
         <run_address>0x2684</run_address>
         <size>0x3c</size>
         <input_file_ref idref="fl-18"/>
      </object_component>
      <object_component id="oc-236">
         <name>.text:CANInit</name>
         <load_address>0x26c0</load_address>
         <run_address>0x26c0</run_address>
         <size>0x3a</size>
         <input_file_ref idref="fl-17"/>
      </object_component>
      <object_component id="oc-245">
         <name>.text:EEPROMRead</name>
         <load_address>0x26fc</load_address>
         <run_address>0x26fc</run_address>
         <size>0x38</size>
         <input_file_ref idref="fl-18"/>
      </object_component>
      <object_component id="oc-1e9">
         <name>.text:SysCtlPeripheralReady</name>
         <load_address>0x2734</load_address>
         <run_address>0x2734</run_address>
         <size>0x38</size>
         <input_file_ref idref="fl-1c"/>
      </object_component>
      <object_component id="oc-364">
         <name>.text:IntRegister</name>
         <load_address>0x276c</load_address>
         <run_address>0x276c</run_address>
         <size>0x34</size>
         <input_file_ref idref="fl-1a"/>
      </object_component>
      <object_component id="oc-1ca">
         <name>.text:SysCtlPeripheralEnable</name>
         <load_address>0x27a0</load_address>
         <run_address>0x27a0</run_address>
         <size>0x34</size>
         <input_file_ref idref="fl-1c"/>
      </object_component>
      <object_component id="oc-252">
         <name>.text:_EEPROMSectorMaskClear</name>
         <load_address>0x27d4</load_address>
         <run_address>0x27d4</run_address>
         <size>0x34</size>
         <input_file_ref idref="fl-18"/>
      </object_component>
      <object_component id="oc-59">
         <name>.text:_c_int00_noargs:_c_int00_noargs</name>
         <load_address>0x2808</load_address>
         <run_address>0x2808</run_address>
         <size>0x34</size>
         <input_file_ref idref="fl-de"/>
      </object_component>
      <object_component id="oc-30f">
         <name>.text:GPIODirModeSet</name>
         <load_address>0x283c</load_address>
         <run_address>0x283c</run_address>
         <size>0x2c</size>
         <input_file_ref idref="fl-19"/>
      </object_component>
      <object_component id="oc-229">
         <name>.text:_CANDataRegRead</name>
         <load_address>0x2868</load_address>
         <run_address>0x2868</run_address>
         <size>0x2a</size>
         <input_file_ref idref="fl-17"/>
      </object_component>
      <object_component id="oc-184">
         <name>.text</name>
         <load_address>0x2894</load_address>
         <run_address>0x2894</run_address>
         <size>0x28</size>
         <input_file_ref idref="fl-c"/>
      </object_component>
      <object_component id="oc-21c">
         <name>.text:_CANDataRegWrite</name>
         <load_address>0x28bc</load_address>
         <run_address>0x28bc</run_address>
         <size>0x24</size>
         <input_file_ref idref="fl-17"/>
      </object_component>
      <object_component id="oc-322">
         <name>.text:UARTDisable</name>
         <load_address>0x28e0</load_address>
         <run_address>0x28e0</run_address>
         <size>0x20</size>
         <input_file_ref idref="fl-1f"/>
      </object_component>
      <object_component id="oc-2ad">
         <name>.text:SysTickIntRegister</name>
         <load_address>0x2900</load_address>
         <run_address>0x2900</run_address>
         <size>0x1c</size>
         <input_file_ref idref="fl-1d"/>
      </object_component>
      <object_component id="oc-47">
         <name>.text:decompress:ZI:__TI_zero_init_nomemset:__TI_zero_init_nomemset</name>
         <load_address>0x291c</load_address>
         <run_address>0x291c</run_address>
         <size>0x1c</size>
         <input_file_ref idref="fl-db"/>
      </object_component>
      <object_component id="oc-1d6">
         <name>.text:GPIOPinTypeGPIOOutput</name>
         <load_address>0x2938</load_address>
         <run_address>0x2938</run_address>
         <size>0x1a</size>
         <input_file_ref idref="fl-19"/>
      </object_component>
      <object_component id="oc-2de">
         <name>.text:TimerDisable</name>
         <load_address>0x2954</load_address>
         <run_address>0x2954</run_address>
         <size>0x18</size>
         <input_file_ref idref="fl-1e"/>
      </object_component>
      <object_component id="oc-230">
         <name>.text:GPIOPinTypeCAN</name>
         <load_address>0x296c</load_address>
         <run_address>0x296c</run_address>
         <size>0x16</size>
         <input_file_ref idref="fl-19"/>
      </object_component>
      <object_component id="oc-1dc">
         <name>.text:GPIOPinTypeGPIOInput</name>
         <load_address>0x2982</load_address>
         <run_address>0x2982</run_address>
         <size>0x16</size>
         <input_file_ref idref="fl-19"/>
      </object_component>
      <object_component id="oc-27e">
         <name>.text:GPIOPinTypeSSI</name>
         <load_address>0x2998</load_address>
         <run_address>0x2998</run_address>
         <size>0x16</size>
         <input_file_ref idref="fl-19"/>
      </object_component>
      <object_component id="oc-1f5">
         <name>.text:GPIOPinTypeUART</name>
         <load_address>0x29ae</load_address>
         <run_address>0x29ae</run_address>
         <size>0x16</size>
         <input_file_ref idref="fl-19"/>
      </object_component>
      <object_component id="oc-2b9">
         <name>.text:SysTickEnable</name>
         <load_address>0x29c4</load_address>
         <run_address>0x29c4</run_address>
         <size>0x14</size>
         <input_file_ref idref="fl-1d"/>
      </object_component>
      <object_component id="oc-2b3">
         <name>.text:SysTickIntEnable</name>
         <load_address>0x29d8</load_address>
         <run_address>0x29d8</run_address>
         <size>0x14</size>
         <input_file_ref idref="fl-1d"/>
      </object_component>
      <object_component id="oc-207">
         <name>.text:UARTEnable</name>
         <load_address>0x29ec</load_address>
         <run_address>0x29ec</run_address>
         <size>0x14</size>
         <input_file_ref idref="fl-1f"/>
      </object_component>
      <object_component id="oc-29c">
         <name>.text:SSIDataGetNonBlocking</name>
         <load_address>0x2a00</load_address>
         <run_address>0x2a00</run_address>
         <size>0x12</size>
         <input_file_ref idref="fl-1b"/>
      </object_component>
      <object_component id="oc-2c6">
         <name>.text:TimerLoadSet</name>
         <load_address>0x2a12</load_address>
         <run_address>0x2a12</run_address>
         <size>0x12</size>
         <input_file_ref idref="fl-1e"/>
      </object_component>
      <object_component id="oc-2a7">
         <name>.text:SysTickPeriodSet</name>
         <load_address>0x2a24</load_address>
         <run_address>0x2a24</run_address>
         <size>0x10</size>
         <input_file_ref idref="fl-1d"/>
      </object_component>
      <object_component id="oc-348">
         <name>.text:_EEPROMWaitForDone</name>
         <load_address>0x2a34</load_address>
         <run_address>0x2a34</run_address>
         <size>0x10</size>
         <input_file_ref idref="fl-18"/>
      </object_component>
      <object_component id="oc-2d2">
         <name>.text:TimerEnable</name>
         <load_address>0x2a44</load_address>
         <run_address>0x2a44</run_address>
         <size>0xe</size>
         <input_file_ref idref="fl-1e"/>
      </object_component>
      <object_component id="oc-168">
         <name>.text:UARTCharsAvail</name>
         <load_address>0x2a52</load_address>
         <run_address>0x2a52</run_address>
         <size>0xe</size>
         <input_file_ref idref="fl-1f"/>
      </object_component>
      <object_component id="oc-1b">
         <name>.text:decompress:none:__TI_decompress_none</name>
         <load_address>0x2a60</load_address>
         <run_address>0x2a60</run_address>
         <size>0xe</size>
         <input_file_ref idref="fl-dc"/>
      </object_component>
      <object_component id="oc-27">
         <name>.text</name>
         <load_address>0x2a6e</load_address>
         <run_address>0x2a6e</run_address>
         <size>0xc</size>
         <input_file_ref idref="fl-2"/>
      </object_component>
      <object_component id="oc-14a">
         <name>.text:CANDisable</name>
         <load_address>0x2a7a</load_address>
         <run_address>0x2a7a</run_address>
         <size>0xa</size>
         <input_file_ref idref="fl-17"/>
      </object_component>
      <object_component id="oc-150">
         <name>.text:CANEnable</name>
         <load_address>0x2a84</load_address>
         <run_address>0x2a84</run_address>
         <size>0xa</size>
         <input_file_ref idref="fl-17"/>
      </object_component>
      <object_component id="oc-290">
         <name>.text:SSIDataPut</name>
         <load_address>0x2a8e</load_address>
         <run_address>0x2a8e</run_address>
         <size>0xa</size>
         <input_file_ref idref="fl-1b"/>
      </object_component>
      <object_component id="oc-28a">
         <name>.text:SSIEnable</name>
         <load_address>0x2a98</load_address>
         <run_address>0x2a98</run_address>
         <size>0xa</size>
         <input_file_ref idref="fl-1b"/>
      </object_component>
      <object_component id="oc-2d8">
         <name>.text:TimerIntStatus</name>
         <load_address>0x2aa2</load_address>
         <run_address>0x2aa2</run_address>
         <size>0xa</size>
         <input_file_ref idref="fl-1e"/>
      </object_component>
      <object_component id="oc-16e">
         <name>.text:UARTCharGet</name>
         <load_address>0x2aac</load_address>
         <run_address>0x2aac</run_address>
         <size>0xa</size>
         <input_file_ref idref="fl-1f"/>
      </object_component>
      <object_component id="oc-214">
         <name>.text:UARTCharPut</name>
         <load_address>0x2ab6</load_address>
         <run_address>0x2ab6</run_address>
         <size>0xa</size>
         <input_file_ref idref="fl-1f"/>
      </object_component>
      <object_component id="oc-296">
         <name>.text:SSIBusy</name>
         <load_address>0x2ac0</load_address>
         <run_address>0x2ac0</run_address>
         <size>0x8</size>
         <input_file_ref idref="fl-1b"/>
      </object_component>
      <object_component id="oc-9b">
         <name>.text</name>
         <load_address>0x2ac8</load_address>
         <run_address>0x2ac8</run_address>
         <size>0x8</size>
         <input_file_ref idref="fl-3"/>
      </object_component>
      <object_component id="oc-1c4">
         <name>.text:GPIOPinRead</name>
         <load_address>0x2ad0</load_address>
         <run_address>0x2ad0</run_address>
         <size>0x6</size>
         <input_file_ref idref="fl-19"/>
      </object_component>
      <object_component id="oc-20d">
         <name>.text:GPIOPinWrite</name>
         <load_address>0x2ad6</load_address>
         <run_address>0x2ad6</run_address>
         <size>0x6</size>
         <input_file_ref idref="fl-19"/>
      </object_component>
      <object_component id="oc-213">
         <name>.text:SysCtlDelay</name>
         <load_address>0x2adc</load_address>
         <run_address>0x2adc</run_address>
         <size>0x6</size>
         <input_file_ref idref="fl-1c"/>
      </object_component>
      <object_component id="oc-2cc">
         <name>.text:TimerIntClear</name>
         <load_address>0x2ae2</load_address>
         <run_address>0x2ae2</run_address>
         <size>0x4</size>
         <input_file_ref idref="fl-1e"/>
      </object_component>
      <object_component id="oc-95">
         <name>.text:_system_pre_init</name>
         <load_address>0x2ae6</load_address>
         <run_address>0x2ae6</run_address>
         <size>0x4</size>
         <input_file_ref idref="fl-e2"/>
      </object_component>
      <object_component id="oc-ce">
         <name>.text:abort:abort</name>
         <load_address>0x2aea</load_address>
         <run_address>0x2aea</run_address>
         <size>0x4</size>
         <input_file_ref idref="fl-e4"/>
      </object_component>
      <object_component id="oc-319">
         <name>.const:g_pui32GPIOBaseAddrs</name>
         <load_address>0x2af0</load_address>
         <run_address>0x2af0</run_address>
         <size>0x90</size>
         <input_file_ref idref="fl-19"/>
      </object_component>
      <object_component id="oc-31e">
         <name>.const:g_pui32Xtals</name>
         <load_address>0x2b80</load_address>
         <run_address>0x2b80</run_address>
         <size>0x6c</size>
         <input_file_ref idref="fl-1c"/>
      </object_component>
      <object_component id="oc-341">
         <name>.const:g_ui16CANBitValues</name>
         <load_address>0x2bec</load_address>
         <run_address>0x2bec</run_address>
         <size>0x20</size>
         <input_file_ref idref="fl-17"/>
      </object_component>
      <object_component id="oc-174">
         <name>.const:.string:$P$T0$13</name>
         <load_address>0x2c0c</load_address>
         <run_address>0x2c0c</run_address>
         <size>0x1</size>
         <input_file_ref idref="fl-10"/>
      </object_component>
      <object_component id="oc-192">
         <name>.const:.string:$P$T1$19</name>
         <load_address>0x2c0d</load_address>
         <run_address>0x2c0d</run_address>
         <size>0x1</size>
         <input_file_ref idref="fl-10"/>
      </object_component>
      <object_component id="oc-3d8">
         <name>.cinit..data.load</name>
         <load_address>0x2c10</load_address>
         <run_address>0x2c10</run_address>
         <size>0x21</size>
      </object_component>
      <object_component id="oc-3d5">
         <name>__TI_handler_table</name>
         <load_address>0x2c34</load_address>
         <run_address>0x2c34</run_address>
         <size>0xc</size>
      </object_component>
      <object_component id="oc-3d9">
         <name>.cinit..bss.load</name>
         <load_address>0x2c40</load_address>
         <run_address>0x2c40</run_address>
         <size>0x8</size>
      </object_component>
      <object_component id="oc-3d7">
         <name>.cinit..vtable.load</name>
         <load_address>0x2c48</load_address>
         <run_address>0x2c48</run_address>
         <size>0x8</size>
      </object_component>
      <object_component id="oc-3d6">
         <name>__TI_cinit_table</name>
         <load_address>0x2c50</load_address>
         <run_address>0x2c50</run_address>
         <size>0x18</size>
      </object_component>
      <object_component id="oc-39f">
         <name>.vtable</name>
         <uninitialized>true</uninitialized>
         <run_address>0x20000000</run_address>
         <size>0x26c</size>
         <input_file_ref idref="fl-1a"/>
      </object_component>
      <object_component id="oc-260">
         <name>.data</name>
         <load_address>0x20000590</load_address>
         <run_address>0x20000590</run_address>
         <size>0x4</size>
         <input_file_ref idref="fl-5"/>
      </object_component>
      <object_component id="oc-161">
         <name>.data</name>
         <load_address>0x20000574</load_address>
         <run_address>0x20000574</run_address>
         <size>0x11</size>
         <input_file_ref idref="fl-9"/>
      </object_component>
      <object_component id="oc-147">
         <name>.data</name>
         <load_address>0x2000052c</load_address>
         <run_address>0x2000052c</run_address>
         <size>0x45</size>
         <input_file_ref idref="fl-10"/>
      </object_component>
      <object_component id="oc-195">
         <name>.data:g_ui8ReceivedData</name>
         <load_address>0x20000585</load_address>
         <run_address>0x20000585</run_address>
         <size>0x8</size>
         <input_file_ref idref="fl-10"/>
      </object_component>
      <object_component id="oc-159">
         <name>.data:Overheat$3</name>
         <load_address>0x2000058e</load_address>
         <run_address>0x2000058e</run_address>
         <size>0x1</size>
         <input_file_ref idref="fl-10"/>
      </object_component>
      <object_component id="oc-15f">
         <name>.data:NormalCondition$4</name>
         <load_address>0x20000573</load_address>
         <run_address>0x20000573</run_address>
         <size>0x1</size>
         <input_file_ref idref="fl-10"/>
      </object_component>
      <object_component id="oc-160">
         <name>.data:Overheat$5</name>
         <load_address>0x2000058f</load_address>
         <run_address>0x2000058f</run_address>
         <size>0x1</size>
         <input_file_ref idref="fl-10"/>
      </object_component>
      <object_component id="oc-164">
         <name>.data:NormalCondition$6</name>
         <load_address>0x2000058d</load_address>
         <run_address>0x2000058d</run_address>
         <size>0x1</size>
         <input_file_ref idref="fl-10"/>
      </object_component>
      <object_component id="oc-165">
         <name>.data:FaultState$7</name>
         <load_address>0x20000572</load_address>
         <run_address>0x20000572</run_address>
         <size>0x1</size>
         <input_file_ref idref="fl-10"/>
      </object_component>
      <object_component id="oc-166">
         <name>.data:UnexpectedVoltage$8</name>
         <load_address>0x20000594</load_address>
         <run_address>0x20000594</run_address>
         <size>0x1</size>
         <input_file_ref idref="fl-10"/>
      </object_component>
      <object_component id="oc-167">
         <name>.data:CommunicationLost$9</name>
         <load_address>0x20000571</load_address>
         <run_address>0x20000571</run_address>
         <size>0x1</size>
         <input_file_ref idref="fl-10"/>
      </object_component>
      <object_component id="oc-17d">
         <name>.data:keepAliveData$16</name>
         <load_address>0x20000595</load_address>
         <run_address>0x20000595</run_address>
         <size>0x1</size>
         <input_file_ref idref="fl-10"/>
      </object_component>
      <object_component id="oc-156">
         <name>.bss</name>
         <uninitialized>true</uninitialized>
         <run_address>0x20000510</run_address>
         <size>0x5</size>
         <input_file_ref idref="fl-10"/>
      </object_component>
      <object_component id="oc-190">
         <name>.bss:responseData$18</name>
         <uninitialized>true</uninitialized>
         <run_address>0x20000515</run_address>
         <size>0x4</size>
         <input_file_ref idref="fl-10"/>
      </object_component>
      <object_component id="oc-13c">
         <name>.common:g_ui32SysTickCount</name>
         <uninitialized>true</uninitialized>
         <run_address>0x20000520</run_address>
         <size>0x4</size>
      </object_component>
      <object_component id="oc-21a">
         <name>.common:initialMessageSent</name>
         <uninitialized>true</uninitialized>
         <run_address>0x2000051b</run_address>
         <size>0x1</size>
      </object_component>
      <object_component id="oc-15a">
         <name>.common:UartState</name>
         <uninitialized>true</uninitialized>
         <run_address>0x2000051c</run_address>
         <size>0x4</size>
      </object_component>
      <object_component id="oc-2a5">
         <name>.common:receivedAck</name>
         <uninitialized>true</uninitialized>
         <run_address>0x20000524</run_address>
         <size>0x4</size>
      </object_component>
      <object_component id="oc-198">
         <name>.common:commcheck</name>
         <uninitialized>true</uninitialized>
         <run_address>0x2000051a</run_address>
         <size>0x1</size>
      </object_component>
      <object_component id="oc-2a2">
         <name>.common:unidentifiedFlag</name>
         <uninitialized>true</uninitialized>
         <run_address>0x20000528</run_address>
         <size>0x1</size>
      </object_component>
      <object_component id="oc-2a3">
         <name>.common:SlaveButtonsFlag</name>
         <uninitialized>true</uninitialized>
         <run_address>0x20000519</run_address>
         <size>0x1</size>
      </object_component>
      <object_component id="oc-2a4">
         <name>.common:whiteFlag</name>
         <uninitialized>true</uninitialized>
         <run_address>0x20000529</run_address>
         <size>0x1</size>
      </object_component>
      <object_component id="oc-191">
         <name>.common:taskList</name>
         <uninitialized>true</uninitialized>
         <run_address>0x20000470</run_address>
         <size>0xa0</size>
      </object_component>
      <object_component id="oc-24">
         <name>.stack</name>
         <uninitialized>true</uninitialized>
         <run_address>0x20000270</run_address>
         <size>0x4</size>
         <input_file_ref idref="fl-de"/>
      </object_component>
      <object_component id="oc-3db">
         <name>.stack</name>
         <uninitialized>true</uninitialized>
         <run_address>0x20000270</run_address>
         <size>0x0</size>
      </object_component>
      <object_component id="oc-2f">
         <name>.debug_info</name>
         <load_address>0x0</load_address>
         <run_address>0x0</run_address>
         <size>0x297</size>
         <input_file_ref idref="fl-2"/>
      </object_component>
      <object_component id="oc-13">
         <name>.debug_info</name>
         <load_address>0x297</load_address>
         <run_address>0x297</run_address>
         <size>0xd6</size>
         <input_file_ref idref="fl-2"/>
      </object_component>
      <object_component id="oc-28">
         <name>.debug_info</name>
         <load_address>0x36d</load_address>
         <run_address>0x36d</run_address>
         <size>0x252</size>
         <input_file_ref idref="fl-2"/>
      </object_component>
      <object_component id="oc-70">
         <name>.debug_info</name>
         <load_address>0x5bf</load_address>
         <run_address>0x5bf</run_address>
         <size>0x26b</size>
         <input_file_ref idref="fl-2"/>
      </object_component>
      <object_component id="oc-36">
         <name>.debug_info</name>
         <load_address>0x82a</load_address>
         <run_address>0x82a</run_address>
         <size>0x84</size>
         <input_file_ref idref="fl-2"/>
      </object_component>
      <object_component id="oc-ad">
         <name>.debug_info</name>
         <load_address>0x8ae</load_address>
         <run_address>0x8ae</run_address>
         <size>0x2a4</size>
         <input_file_ref idref="fl-2"/>
      </object_component>
      <object_component id="oc-75">
         <name>.debug_info</name>
         <load_address>0xb52</load_address>
         <run_address>0xb52</run_address>
         <size>0xbb</size>
         <input_file_ref idref="fl-2"/>
      </object_component>
      <object_component id="oc-13d">
         <name>.debug_info</name>
         <load_address>0xc0d</load_address>
         <run_address>0xc0d</run_address>
         <size>0x4fc</size>
         <input_file_ref idref="fl-3"/>
      </object_component>
      <object_component id="oc-9d">
         <name>.debug_info</name>
         <load_address>0x1109</load_address>
         <run_address>0x1109</run_address>
         <size>0xf7</size>
         <input_file_ref idref="fl-3"/>
      </object_component>
      <object_component id="oc-19f">
         <name>.debug_info</name>
         <load_address>0x1200</load_address>
         <run_address>0x1200</run_address>
         <size>0xe0</size>
         <input_file_ref idref="fl-3"/>
      </object_component>
      <object_component id="oc-19a">
         <name>.debug_info</name>
         <load_address>0x12e0</load_address>
         <run_address>0x12e0</run_address>
         <size>0x1b3</size>
         <input_file_ref idref="fl-3"/>
      </object_component>
      <object_component id="oc-c9">
         <name>.debug_info</name>
         <load_address>0x1493</load_address>
         <run_address>0x1493</run_address>
         <size>0x8b</size>
         <input_file_ref idref="fl-3"/>
      </object_component>
      <object_component id="oc-10d">
         <name>.debug_info</name>
         <load_address>0x151e</load_address>
         <run_address>0x151e</run_address>
         <size>0x3c5</size>
         <input_file_ref idref="fl-4"/>
      </object_component>
      <object_component id="oc-13f">
         <name>.debug_info</name>
         <load_address>0x18e3</load_address>
         <run_address>0x18e3</run_address>
         <size>0x5c4</size>
         <input_file_ref idref="fl-5"/>
      </object_component>
      <object_component id="oc-13a">
         <name>.debug_info</name>
         <load_address>0x1ea7</load_address>
         <run_address>0x1ea7</run_address>
         <size>0x81b</size>
         <input_file_ref idref="fl-5"/>
      </object_component>
      <object_component id="oc-243">
         <name>.debug_info</name>
         <load_address>0x26c2</load_address>
         <run_address>0x26c2</run_address>
         <size>0x45c</size>
         <input_file_ref idref="fl-7"/>
      </object_component>
      <object_component id="oc-128">
         <name>.debug_info</name>
         <load_address>0x2b1e</load_address>
         <run_address>0x2b1e</run_address>
         <size>0x4cf</size>
         <input_file_ref idref="fl-7"/>
      </object_component>
      <object_component id="oc-141">
         <name>.debug_info</name>
         <load_address>0x2fed</load_address>
         <run_address>0x2fed</run_address>
         <size>0x768</size>
         <input_file_ref idref="fl-9"/>
      </object_component>
      <object_component id="oc-162">
         <name>.debug_info</name>
         <load_address>0x3755</load_address>
         <run_address>0x3755</run_address>
         <size>0x21d</size>
         <input_file_ref idref="fl-9"/>
      </object_component>
      <object_component id="oc-12b">
         <name>.debug_info</name>
         <load_address>0x3972</load_address>
         <run_address>0x3972</run_address>
         <size>0x859</size>
         <input_file_ref idref="fl-9"/>
      </object_component>
      <object_component id="oc-15b">
         <name>.debug_info</name>
         <load_address>0x41cb</load_address>
         <run_address>0x41cb</run_address>
         <size>0x634</size>
         <input_file_ref idref="fl-b"/>
      </object_component>
      <object_component id="oc-17f">
         <name>.debug_info</name>
         <load_address>0x47ff</load_address>
         <run_address>0x47ff</run_address>
         <size>0x4e0</size>
         <input_file_ref idref="fl-b"/>
      </object_component>
      <object_component id="oc-143">
         <name>.debug_info</name>
         <load_address>0x4cdf</load_address>
         <run_address>0x4cdf</run_address>
         <size>0x3aa</size>
         <input_file_ref idref="fl-c"/>
      </object_component>
      <object_component id="oc-187">
         <name>.debug_info</name>
         <load_address>0x5089</load_address>
         <run_address>0x5089</run_address>
         <size>0x1c2</size>
         <input_file_ref idref="fl-c"/>
      </object_component>
      <object_component id="oc-18b">
         <name>.debug_info</name>
         <load_address>0x524b</load_address>
         <run_address>0x524b</run_address>
         <size>0x2f9</size>
         <input_file_ref idref="fl-d"/>
      </object_component>
      <object_component id="oc-15d">
         <name>.debug_info</name>
         <load_address>0x5544</load_address>
         <run_address>0x5544</run_address>
         <size>0x550</size>
         <input_file_ref idref="fl-f"/>
      </object_component>
      <object_component id="oc-113">
         <name>.debug_info</name>
         <load_address>0x5a94</load_address>
         <run_address>0x5a94</run_address>
         <size>0x636</size>
         <input_file_ref idref="fl-f"/>
      </object_component>
      <object_component id="oc-145">
         <name>.debug_info</name>
         <load_address>0x60ca</load_address>
         <run_address>0x60ca</run_address>
         <size>0xb05</size>
         <input_file_ref idref="fl-10"/>
      </object_component>
      <object_component id="oc-157">
         <name>.debug_info</name>
         <load_address>0x6bcf</load_address>
         <run_address>0x6bcf</run_address>
         <size>0xbb</size>
         <input_file_ref idref="fl-10"/>
      </object_component>
      <object_component id="oc-148">
         <name>.debug_info</name>
         <load_address>0x6c8a</load_address>
         <run_address>0x6c8a</run_address>
         <size>0x4fe</size>
         <input_file_ref idref="fl-10"/>
      </object_component>
      <object_component id="oc-196">
         <name>.debug_info</name>
         <load_address>0x7188</load_address>
         <run_address>0x7188</run_address>
         <size>0xd3</size>
         <input_file_ref idref="fl-10"/>
      </object_component>
      <object_component id="oc-175">
         <name>.debug_info</name>
         <load_address>0x725b</load_address>
         <run_address>0x725b</run_address>
         <size>0xc2</size>
         <input_file_ref idref="fl-10"/>
      </object_component>
      <object_component id="oc-193">
         <name>.debug_info</name>
         <load_address>0x731d</load_address>
         <run_address>0x731d</run_address>
         <size>0xc2</size>
         <input_file_ref idref="fl-10"/>
      </object_component>
      <object_component id="oc-c6">
         <name>.debug_info</name>
         <load_address>0x73df</load_address>
         <run_address>0x73df</run_address>
         <size>0x237e</size>
         <input_file_ref idref="fl-10"/>
      </object_component>
      <object_component id="oc-396">
         <name>.debug_info</name>
         <load_address>0x975d</load_address>
         <run_address>0x975d</run_address>
         <size>0x3ba</size>
         <input_file_ref idref="fl-16"/>
      </object_component>
      <object_component id="oc-339">
         <name>.debug_info</name>
         <load_address>0x9b17</load_address>
         <run_address>0x9b17</run_address>
         <size>0x26b</size>
         <input_file_ref idref="fl-16"/>
      </object_component>
      <object_component id="oc-32d">
         <name>.debug_info</name>
         <load_address>0x9d82</load_address>
         <run_address>0x9d82</run_address>
         <size>0x297</size>
         <input_file_ref idref="fl-16"/>
      </object_component>
      <object_component id="oc-38b">
         <name>.debug_info</name>
         <load_address>0xa019</load_address>
         <run_address>0xa019</run_address>
         <size>0xef</size>
         <input_file_ref idref="fl-16"/>
      </object_component>
      <object_component id="oc-223">
         <name>.debug_info</name>
         <load_address>0xa108</load_address>
         <run_address>0xa108</run_address>
         <size>0xbb</size>
         <input_file_ref idref="fl-16"/>
      </object_component>
      <object_component id="oc-228">
         <name>.debug_info</name>
         <load_address>0xa1c3</load_address>
         <run_address>0xa1c3</run_address>
         <size>0x3d0</size>
         <input_file_ref idref="fl-17"/>
      </object_component>
      <object_component id="oc-342">
         <name>.debug_info</name>
         <load_address>0xa593</load_address>
         <run_address>0xa593</run_address>
         <size>0x15f</size>
         <input_file_ref idref="fl-17"/>
      </object_component>
      <object_component id="oc-178">
         <name>.debug_info</name>
         <load_address>0xa6f2</load_address>
         <run_address>0xa6f2</run_address>
         <size>0x28f</size>
         <input_file_ref idref="fl-17"/>
      </object_component>
      <object_component id="oc-21d">
         <name>.debug_info</name>
         <load_address>0xa981</load_address>
         <run_address>0xa981</run_address>
         <size>0x2e6</size>
         <input_file_ref idref="fl-17"/>
      </object_component>
      <object_component id="oc-119">
         <name>.debug_info</name>
         <load_address>0xac67</load_address>
         <run_address>0xac67</run_address>
         <size>0x41c</size>
         <input_file_ref idref="fl-17"/>
      </object_component>
      <object_component id="oc-22a">
         <name>.debug_info</name>
         <load_address>0xb083</load_address>
         <run_address>0xb083</run_address>
         <size>0x2e7</size>
         <input_file_ref idref="fl-17"/>
      </object_component>
      <object_component id="oc-11f">
         <name>.debug_info</name>
         <load_address>0xb36a</load_address>
         <run_address>0xb36a</run_address>
         <size>0x3f1</size>
         <input_file_ref idref="fl-17"/>
      </object_component>
      <object_component id="oc-237">
         <name>.debug_info</name>
         <load_address>0xb75b</load_address>
         <run_address>0xb75b</run_address>
         <size>0x275</size>
         <input_file_ref idref="fl-17"/>
      </object_component>
      <object_component id="oc-151">
         <name>.debug_info</name>
         <load_address>0xb9d0</load_address>
         <run_address>0xb9d0</run_address>
         <size>0x24b</size>
         <input_file_ref idref="fl-17"/>
      </object_component>
      <object_component id="oc-14c">
         <name>.debug_info</name>
         <load_address>0xbc1b</load_address>
         <run_address>0xbc1b</run_address>
         <size>0x24d</size>
         <input_file_ref idref="fl-17"/>
      </object_component>
      <object_component id="oc-23d">
         <name>.debug_info</name>
         <load_address>0xbe68</load_address>
         <run_address>0xbe68</run_address>
         <size>0x369</size>
         <input_file_ref idref="fl-17"/>
      </object_component>
      <object_component id="oc-334">
         <name>.debug_info</name>
         <load_address>0xc1d1</load_address>
         <run_address>0xc1d1</run_address>
         <size>0x1b3</size>
         <input_file_ref idref="fl-17"/>
      </object_component>
      <object_component id="oc-25f">
         <name>.debug_info</name>
         <load_address>0xc384</load_address>
         <run_address>0xc384</run_address>
         <size>0x350</size>
         <input_file_ref idref="fl-18"/>
      </object_component>
      <object_component id="oc-247">
         <name>.debug_info</name>
         <load_address>0xc6d4</load_address>
         <run_address>0xc6d4</run_address>
         <size>0x2ce</size>
         <input_file_ref idref="fl-18"/>
      </object_component>
      <object_component id="oc-25a">
         <name>.debug_info</name>
         <load_address>0xc9a2</load_address>
         <run_address>0xc9a2</run_address>
         <size>0x2ba</size>
         <input_file_ref idref="fl-18"/>
      </object_component>
      <object_component id="oc-254">
         <name>.debug_info</name>
         <load_address>0xcc5c</load_address>
         <run_address>0xcc5c</run_address>
         <size>0x280</size>
         <input_file_ref idref="fl-18"/>
      </object_component>
      <object_component id="oc-132">
         <name>.debug_info</name>
         <load_address>0xcedc</load_address>
         <run_address>0xcedc</run_address>
         <size>0x37f</size>
         <input_file_ref idref="fl-18"/>
      </object_component>
      <object_component id="oc-34a">
         <name>.debug_info</name>
         <load_address>0xd25b</load_address>
         <run_address>0xd25b</run_address>
         <size>0x230</size>
         <input_file_ref idref="fl-18"/>
      </object_component>
      <object_component id="oc-24e">
         <name>.debug_info</name>
         <load_address>0xd48b</load_address>
         <run_address>0xd48b</run_address>
         <size>0x2d1</size>
         <input_file_ref idref="fl-18"/>
      </object_component>
      <object_component id="oc-30b">
         <name>.debug_info</name>
         <load_address>0xd75c</load_address>
         <run_address>0xd75c</run_address>
         <size>0x3e4</size>
         <input_file_ref idref="fl-19"/>
      </object_component>
      <object_component id="oc-31a">
         <name>.debug_info</name>
         <load_address>0xdb40</load_address>
         <run_address>0xdb40</run_address>
         <size>0x164</size>
         <input_file_ref idref="fl-19"/>
      </object_component>
      <object_component id="oc-20e">
         <name>.debug_info</name>
         <load_address>0xdca4</load_address>
         <run_address>0xdca4</run_address>
         <size>0x2ac</size>
         <input_file_ref idref="fl-19"/>
      </object_component>
      <object_component id="oc-310">
         <name>.debug_info</name>
         <load_address>0xdf50</load_address>
         <run_address>0xdf50</run_address>
         <size>0x2bc</size>
         <input_file_ref idref="fl-19"/>
      </object_component>
      <object_component id="oc-1e3">
         <name>.debug_info</name>
         <load_address>0xe20c</load_address>
         <run_address>0xe20c</run_address>
         <size>0x31f</size>
         <input_file_ref idref="fl-19"/>
      </object_component>
      <object_component id="oc-1f6">
         <name>.debug_info</name>
         <load_address>0xe52b</load_address>
         <run_address>0xe52b</run_address>
         <size>0x29b</size>
         <input_file_ref idref="fl-19"/>
      </object_component>
      <object_component id="oc-27f">
         <name>.debug_info</name>
         <load_address>0xe7c6</load_address>
         <run_address>0xe7c6</run_address>
         <size>0x299</size>
         <input_file_ref idref="fl-19"/>
      </object_component>
      <object_component id="oc-1d8">
         <name>.debug_info</name>
         <load_address>0xea5f</load_address>
         <run_address>0xea5f</run_address>
         <size>0x2c0</size>
         <input_file_ref idref="fl-19"/>
      </object_component>
      <object_component id="oc-1de">
         <name>.debug_info</name>
         <load_address>0xed1f</load_address>
         <run_address>0xed1f</run_address>
         <size>0x2a5</size>
         <input_file_ref idref="fl-19"/>
      </object_component>
      <object_component id="oc-232">
         <name>.debug_info</name>
         <load_address>0xefc4</load_address>
         <run_address>0xefc4</run_address>
         <size>0x299</size>
         <input_file_ref idref="fl-19"/>
      </object_component>
      <object_component id="oc-1c6">
         <name>.debug_info</name>
         <load_address>0xf25d</load_address>
         <run_address>0xf25d</run_address>
         <size>0x284</size>
         <input_file_ref idref="fl-19"/>
      </object_component>
      <object_component id="oc-1f1">
         <name>.debug_info</name>
         <load_address>0xf4e1</load_address>
         <run_address>0xf4e1</run_address>
         <size>0x289</size>
         <input_file_ref idref="fl-19"/>
      </object_component>
      <object_component id="oc-3a3">
         <name>.debug_info</name>
         <load_address>0xf76a</load_address>
         <run_address>0xf76a</run_address>
         <size>0x3b7</size>
         <input_file_ref idref="fl-1a"/>
      </object_component>
      <object_component id="oc-3a0">
         <name>.debug_info</name>
         <load_address>0xfb21</load_address>
         <run_address>0xfb21</run_address>
         <size>0x160</size>
         <input_file_ref idref="fl-1a"/>
      </object_component>
      <object_component id="oc-365">
         <name>.debug_info</name>
         <load_address>0xfc81</load_address>
         <run_address>0xfc81</run_address>
         <size>0x2ca</size>
         <input_file_ref idref="fl-1a"/>
      </object_component>
      <object_component id="oc-35d">
         <name>.debug_info</name>
         <load_address>0xff4b</load_address>
         <run_address>0xff4b</run_address>
         <size>0x3c0</size>
         <input_file_ref idref="fl-1b"/>
      </object_component>
      <object_component id="oc-28c">
         <name>.debug_info</name>
         <load_address>0x1030b</load_address>
         <run_address>0x1030b</run_address>
         <size>0x24b</size>
         <input_file_ref idref="fl-1b"/>
      </object_component>
      <object_component id="oc-292">
         <name>.debug_info</name>
         <load_address>0x10556</load_address>
         <run_address>0x10556</run_address>
         <size>0x27f</size>
         <input_file_ref idref="fl-1b"/>
      </object_component>
      <object_component id="oc-29d">
         <name>.debug_info</name>
         <load_address>0x107d5</load_address>
         <run_address>0x107d5</run_address>
         <size>0x2a3</size>
         <input_file_ref idref="fl-1b"/>
      </object_component>
      <object_component id="oc-285">
         <name>.debug_info</name>
         <load_address>0x10a78</load_address>
         <run_address>0x10a78</run_address>
         <size>0x3e2</size>
         <input_file_ref idref="fl-1b"/>
      </object_component>
      <object_component id="oc-297">
         <name>.debug_info</name>
         <load_address>0x10e5a</load_address>
         <run_address>0x10e5a</run_address>
         <size>0x24b</size>
         <input_file_ref idref="fl-1b"/>
      </object_component>
      <object_component id="oc-30d">
         <name>.debug_info</name>
         <load_address>0x110a5</load_address>
         <run_address>0x110a5</run_address>
         <size>0x441</size>
         <input_file_ref idref="fl-1c"/>
      </object_component>
      <object_component id="oc-31f">
         <name>.debug_info</name>
         <load_address>0x114e6</load_address>
         <run_address>0x114e6</run_address>
         <size>0x156</size>
         <input_file_ref idref="fl-1c"/>
      </object_component>
      <object_component id="oc-350">
         <name>.debug_info</name>
         <load_address>0x1163c</load_address>
         <run_address>0x1163c</run_address>
         <size>0x29e</size>
         <input_file_ref idref="fl-1c"/>
      </object_component>
      <object_component id="oc-1eb">
         <name>.debug_info</name>
         <load_address>0x118da</load_address>
         <run_address>0x118da</run_address>
         <size>0x288</size>
         <input_file_ref idref="fl-1c"/>
      </object_component>
      <object_component id="oc-1cc">
         <name>.debug_info</name>
         <load_address>0x11b62</load_address>
         <run_address>0x11b62</run_address>
         <size>0x286</size>
         <input_file_ref idref="fl-1c"/>
      </object_component>
      <object_component id="oc-1d1">
         <name>.debug_info</name>
         <load_address>0x11de8</load_address>
         <run_address>0x11de8</run_address>
         <size>0x2e4</size>
         <input_file_ref idref="fl-1c"/>
      </object_component>
      <object_component id="oc-1fc">
         <name>.debug_info</name>
         <load_address>0x120cc</load_address>
         <run_address>0x120cc</run_address>
         <size>0x2be</size>
         <input_file_ref idref="fl-1c"/>
      </object_component>
      <object_component id="oc-387">
         <name>.debug_info</name>
         <load_address>0x1238a</load_address>
         <run_address>0x1238a</run_address>
         <size>0x51</size>
         <input_file_ref idref="fl-1c"/>
      </object_component>
      <object_component id="oc-363">
         <name>.debug_info</name>
         <load_address>0x123db</load_address>
         <run_address>0x123db</run_address>
         <size>0x346</size>
         <input_file_ref idref="fl-1d"/>
      </object_component>
      <object_component id="oc-2a8">
         <name>.debug_info</name>
         <load_address>0x12721</load_address>
         <run_address>0x12721</run_address>
         <size>0x26a</size>
         <input_file_ref idref="fl-1d"/>
      </object_component>
      <object_component id="oc-2ae">
         <name>.debug_info</name>
         <load_address>0x1298b</load_address>
         <run_address>0x1298b</run_address>
         <size>0x280</size>
         <input_file_ref idref="fl-1d"/>
      </object_component>
      <object_component id="oc-2b4">
         <name>.debug_info</name>
         <load_address>0x12c0b</load_address>
         <run_address>0x12c0b</run_address>
         <size>0x230</size>
         <input_file_ref idref="fl-1d"/>
      </object_component>
      <object_component id="oc-2ba">
         <name>.debug_info</name>
         <load_address>0x12e3b</load_address>
         <run_address>0x12e3b</run_address>
         <size>0x22a</size>
         <input_file_ref idref="fl-1d"/>
      </object_component>
      <object_component id="oc-36e">
         <name>.debug_info</name>
         <load_address>0x13065</load_address>
         <run_address>0x13065</run_address>
         <size>0x3c7</size>
         <input_file_ref idref="fl-1e"/>
      </object_component>
      <object_component id="oc-2c8">
         <name>.debug_info</name>
         <load_address>0x1342c</load_address>
         <run_address>0x1342c</run_address>
         <size>0x2c3</size>
         <input_file_ref idref="fl-1e"/>
      </object_component>
      <object_component id="oc-2da">
         <name>.debug_info</name>
         <load_address>0x136ef</load_address>
         <run_address>0x136ef</run_address>
         <size>0x28d</size>
         <input_file_ref idref="fl-1e"/>
      </object_component>
      <object_component id="oc-2ce">
         <name>.debug_info</name>
         <load_address>0x1397c</load_address>
         <run_address>0x1397c</run_address>
         <size>0x29b</size>
         <input_file_ref idref="fl-1e"/>
      </object_component>
      <object_component id="oc-2d4">
         <name>.debug_info</name>
         <load_address>0x13c17</load_address>
         <run_address>0x13c17</run_address>
         <size>0x288</size>
         <input_file_ref idref="fl-1e"/>
      </object_component>
      <object_component id="oc-2e0">
         <name>.debug_info</name>
         <load_address>0x13e9f</load_address>
         <run_address>0x13e9f</run_address>
         <size>0x28a</size>
         <input_file_ref idref="fl-1e"/>
      </object_component>
      <object_component id="oc-2c2">
         <name>.debug_info</name>
         <load_address>0x14129</load_address>
         <run_address>0x14129</run_address>
         <size>0x295</size>
         <input_file_ref idref="fl-1e"/>
      </object_component>
      <object_component id="oc-279">
         <name>.debug_info</name>
         <load_address>0x143be</load_address>
         <run_address>0x143be</run_address>
         <size>0x3cb</size>
         <input_file_ref idref="fl-1f"/>
      </object_component>
      <object_component id="oc-208">
         <name>.debug_info</name>
         <load_address>0x14789</load_address>
         <run_address>0x14789</run_address>
         <size>0x250</size>
         <input_file_ref idref="fl-1f"/>
      </object_component>
      <object_component id="oc-323">
         <name>.debug_info</name>
         <load_address>0x149d9</load_address>
         <run_address>0x149d9</run_address>
         <size>0x252</size>
         <input_file_ref idref="fl-1f"/>
      </object_component>
      <object_component id="oc-202">
         <name>.debug_info</name>
         <load_address>0x14c2b</load_address>
         <run_address>0x14c2b</run_address>
         <size>0x32f</size>
         <input_file_ref idref="fl-1f"/>
      </object_component>
      <object_component id="oc-169">
         <name>.debug_info</name>
         <load_address>0x14f5a</load_address>
         <run_address>0x14f5a</run_address>
         <size>0x25c</size>
         <input_file_ref idref="fl-1f"/>
      </object_component>
      <object_component id="oc-215">
         <name>.debug_info</name>
         <load_address>0x151b6</load_address>
         <run_address>0x151b6</run_address>
         <size>0x27c</size>
         <input_file_ref idref="fl-1f"/>
      </object_component>
      <object_component id="oc-16f">
         <name>.debug_info</name>
         <load_address>0x15432</load_address>
         <run_address>0x15432</run_address>
         <size>0x256</size>
         <input_file_ref idref="fl-1f"/>
      </object_component>
      <object_component id="oc-8e">
         <name>.debug_info</name>
         <load_address>0x15688</load_address>
         <run_address>0x15688</run_address>
         <size>0x2d4</size>
         <input_file_ref idref="fl-db"/>
      </object_component>
      <object_component id="oc-4a">
         <name>.debug_info</name>
         <load_address>0x1595c</load_address>
         <run_address>0x1595c</run_address>
         <size>0x1d2</size>
         <input_file_ref idref="fl-db"/>
      </object_component>
      <object_component id="oc-89">
         <name>.debug_info</name>
         <load_address>0x15b2e</load_address>
         <run_address>0x15b2e</run_address>
         <size>0x46</size>
         <input_file_ref idref="fl-db"/>
      </object_component>
      <object_component id="oc-b9">
         <name>.debug_info</name>
         <load_address>0x15b74</load_address>
         <run_address>0x15b74</run_address>
         <size>0x2c</size>
         <input_file_ref idref="fl-db"/>
      </object_component>
      <object_component id="oc-46">
         <name>.debug_info</name>
         <load_address>0x15ba0</load_address>
         <run_address>0x15ba0</run_address>
         <size>0x2a8</size>
         <input_file_ref idref="fl-dc"/>
      </object_component>
      <object_component id="oc-1c">
         <name>.debug_info</name>
         <load_address>0x15e48</load_address>
         <run_address>0x15e48</run_address>
         <size>0x1ea</size>
         <input_file_ref idref="fl-dc"/>
      </object_component>
      <object_component id="oc-41">
         <name>.debug_info</name>
         <load_address>0x16032</load_address>
         <run_address>0x16032</run_address>
         <size>0x46</size>
         <input_file_ref idref="fl-dc"/>
      </object_component>
      <object_component id="oc-81">
         <name>.debug_info</name>
         <load_address>0x16078</load_address>
         <run_address>0x16078</run_address>
         <size>0x2c</size>
         <input_file_ref idref="fl-dc"/>
      </object_component>
      <object_component id="oc-7f">
         <name>.debug_info</name>
         <load_address>0x160a4</load_address>
         <run_address>0x160a4</run_address>
         <size>0x29e</size>
         <input_file_ref idref="fl-dd"/>
      </object_component>
      <object_component id="oc-16">
         <name>.debug_info</name>
         <load_address>0x16342</load_address>
         <run_address>0x16342</run_address>
         <size>0x250</size>
         <input_file_ref idref="fl-dd"/>
      </object_component>
      <object_component id="oc-31">
         <name>.debug_info</name>
         <load_address>0x16592</load_address>
         <run_address>0x16592</run_address>
         <size>0x60</size>
         <input_file_ref idref="fl-dd"/>
      </object_component>
      <object_component id="oc-b2">
         <name>.debug_info</name>
         <load_address>0x165f2</load_address>
         <run_address>0x165f2</run_address>
         <size>0x46</size>
         <input_file_ref idref="fl-dd"/>
      </object_component>
      <object_component id="oc-7a">
         <name>.debug_info</name>
         <load_address>0x16638</load_address>
         <run_address>0x16638</run_address>
         <size>0x39</size>
         <input_file_ref idref="fl-dd"/>
      </object_component>
      <object_component id="oc-25">
         <name>.debug_info</name>
         <load_address>0x16671</load_address>
         <run_address>0x16671</run_address>
         <size>0x10b</size>
         <input_file_ref idref="fl-de"/>
      </object_component>
      <object_component id="oc-5a">
         <name>.debug_info</name>
         <load_address>0x1677c</load_address>
         <run_address>0x1677c</run_address>
         <size>0x1a9</size>
         <input_file_ref idref="fl-de"/>
      </object_component>
      <object_component id="oc-3c">
         <name>.debug_info</name>
         <load_address>0x16925</load_address>
         <run_address>0x16925</run_address>
         <size>0x119</size>
         <input_file_ref idref="fl-df"/>
      </object_component>
      <object_component id="oc-1af">
         <name>.debug_info</name>
         <load_address>0x16a3e</load_address>
         <run_address>0x16a3e</run_address>
         <size>0x4b3</size>
         <input_file_ref idref="fl-e1"/>
      </object_component>
      <object_component id="oc-db">
         <name>.debug_info</name>
         <load_address>0x16ef1</load_address>
         <run_address>0x16ef1</run_address>
         <size>0x1a6</size>
         <input_file_ref idref="fl-e1"/>
      </object_component>
      <object_component id="oc-2f9">
         <name>.debug_info</name>
         <load_address>0x17097</load_address>
         <run_address>0x17097</run_address>
         <size>0x39</size>
         <input_file_ref idref="fl-e1"/>
      </object_component>
      <object_component id="oc-377">
         <name>.debug_info</name>
         <load_address>0x170d0</load_address>
         <run_address>0x170d0</run_address>
         <size>0x39</size>
         <input_file_ref idref="fl-e1"/>
      </object_component>
      <object_component id="oc-2fe">
         <name>.debug_info</name>
         <load_address>0x17109</load_address>
         <run_address>0x17109</run_address>
         <size>0x39</size>
         <input_file_ref idref="fl-e1"/>
      </object_component>
      <object_component id="oc-303">
         <name>.debug_info</name>
         <load_address>0x17142</load_address>
         <run_address>0x17142</run_address>
         <size>0xcd</size>
         <input_file_ref idref="fl-e1"/>
      </object_component>
      <object_component id="oc-96">
         <name>.debug_info</name>
         <load_address>0x1720f</load_address>
         <run_address>0x1720f</run_address>
         <size>0x153</size>
         <input_file_ref idref="fl-e2"/>
      </object_component>
      <object_component id="oc-cf">
         <name>.debug_info</name>
         <load_address>0x17362</load_address>
         <run_address>0x17362</run_address>
         <size>0x122</size>
         <input_file_ref idref="fl-e4"/>
      </object_component>
      <object_component id="oc-3dc">
         <name>.debug_info</name>
         <load_address>0x17484</load_address>
         <run_address>0x17484</run_address>
         <size>0x89</size>
      </object_component>
      <object_component id="oc-6f">
         <name>.debug_line</name>
         <load_address>0x0</load_address>
         <run_address>0x0</run_address>
         <size>0x41</size>
         <input_file_ref idref="fl-2"/>
      </object_component>
      <object_component id="oc-2e">
         <name>.debug_line</name>
         <load_address>0x41</load_address>
         <run_address>0x41</run_address>
         <size>0x41</size>
         <input_file_ref idref="fl-2"/>
      </object_component>
      <object_component id="oc-2b">
         <name>.debug_line</name>
         <load_address>0x82</load_address>
         <run_address>0x82</run_address>
         <size>0xa1</size>
         <input_file_ref idref="fl-2"/>
      </object_component>
      <object_component id="oc-73">
         <name>.debug_line</name>
         <load_address>0x123</load_address>
         <run_address>0x123</run_address>
         <size>0x6f</size>
         <input_file_ref idref="fl-2"/>
      </object_component>
      <object_component id="oc-39">
         <name>.debug_line</name>
         <load_address>0x192</load_address>
         <run_address>0x192</run_address>
         <size>0x20</size>
         <input_file_ref idref="fl-2"/>
      </object_component>
      <object_component id="oc-b0">
         <name>.debug_line</name>
         <load_address>0x1b2</load_address>
         <run_address>0x1b2</run_address>
         <size>0x73</size>
         <input_file_ref idref="fl-2"/>
      </object_component>
      <object_component id="oc-78">
         <name>.debug_line</name>
         <load_address>0x225</load_address>
         <run_address>0x225</run_address>
         <size>0x70</size>
         <input_file_ref idref="fl-2"/>
      </object_component>
      <object_component id="oc-263">
         <name>.debug_line</name>
         <load_address>0x295</load_address>
         <run_address>0x295</run_address>
         <size>0x133</size>
         <input_file_ref idref="fl-3"/>
      </object_component>
      <object_component id="oc-9c">
         <name>.debug_line</name>
         <load_address>0x3c8</load_address>
         <run_address>0x3c8</run_address>
         <size>0x49</size>
         <input_file_ref idref="fl-3"/>
      </object_component>
      <object_component id="oc-1a2">
         <name>.debug_line</name>
         <load_address>0x411</load_address>
         <run_address>0x411</run_address>
         <size>0x47</size>
         <input_file_ref idref="fl-3"/>
      </object_component>
      <object_component id="oc-19d">
         <name>.debug_line</name>
         <load_address>0x458</load_address>
         <run_address>0x458</run_address>
         <size>0x55</size>
         <input_file_ref idref="fl-3"/>
      </object_component>
      <object_component id="oc-cc">
         <name>.debug_line</name>
         <load_address>0x4ad</load_address>
         <run_address>0x4ad</run_address>
         <size>0x20</size>
         <input_file_ref idref="fl-3"/>
      </object_component>
      <object_component id="oc-110">
         <name>.debug_line</name>
         <load_address>0x4cd</load_address>
         <run_address>0x4cd</run_address>
         <size>0xd3</size>
         <input_file_ref idref="fl-4"/>
      </object_component>
      <object_component id="oc-265">
         <name>.debug_line</name>
         <load_address>0x5a0</load_address>
         <run_address>0x5a0</run_address>
         <size>0x1a1</size>
         <input_file_ref idref="fl-5"/>
      </object_component>
      <object_component id="oc-137">
         <name>.debug_line</name>
         <load_address>0x741</load_address>
         <run_address>0x741</run_address>
         <size>0x1e2</size>
         <input_file_ref idref="fl-5"/>
      </object_component>
      <object_component id="oc-346">
         <name>.debug_line</name>
         <load_address>0x923</load_address>
         <run_address>0x923</run_address>
         <size>0xf7</size>
         <input_file_ref idref="fl-7"/>
      </object_component>
      <object_component id="oc-127">
         <name>.debug_line</name>
         <load_address>0xa1a</load_address>
         <run_address>0xa1a</run_address>
         <size>0xc9</size>
         <input_file_ref idref="fl-7"/>
      </object_component>
      <object_component id="oc-267">
         <name>.debug_line</name>
         <load_address>0xae3</load_address>
         <run_address>0xae3</run_address>
         <size>0x1eb</size>
         <input_file_ref idref="fl-9"/>
      </object_component>
      <object_component id="oc-277">
         <name>.debug_line</name>
         <load_address>0xcce</load_address>
         <run_address>0xcce</run_address>
         <size>0x35</size>
         <input_file_ref idref="fl-9"/>
      </object_component>
      <object_component id="oc-12e">
         <name>.debug_line</name>
         <load_address>0xd03</load_address>
         <run_address>0xd03</run_address>
         <size>0x18f</size>
         <input_file_ref idref="fl-9"/>
      </object_component>
      <object_component id="oc-273">
         <name>.debug_line</name>
         <load_address>0xe92</load_address>
         <run_address>0xe92</run_address>
         <size>0x101</size>
         <input_file_ref idref="fl-b"/>
      </object_component>
      <object_component id="oc-182">
         <name>.debug_line</name>
         <load_address>0xf93</load_address>
         <run_address>0xf93</run_address>
         <size>0xcd</size>
         <input_file_ref idref="fl-b"/>
      </object_component>
      <object_component id="oc-269">
         <name>.debug_line</name>
         <load_address>0x1060</load_address>
         <run_address>0x1060</run_address>
         <size>0xd2</size>
         <input_file_ref idref="fl-c"/>
      </object_component>
      <object_component id="oc-186">
         <name>.debug_line</name>
         <load_address>0x1132</load_address>
         <run_address>0x1132</run_address>
         <size>0x69</size>
         <input_file_ref idref="fl-c"/>
      </object_component>
      <object_component id="oc-18e">
         <name>.debug_line</name>
         <load_address>0x119b</load_address>
         <run_address>0x119b</run_address>
         <size>0x89</size>
         <input_file_ref idref="fl-d"/>
      </object_component>
      <object_component id="oc-275">
         <name>.debug_line</name>
         <load_address>0x1224</load_address>
         <run_address>0x1224</run_address>
         <size>0xed</size>
         <input_file_ref idref="fl-f"/>
      </object_component>
      <object_component id="oc-117">
         <name>.debug_line</name>
         <load_address>0x1311</load_address>
         <run_address>0x1311</run_address>
         <size>0x123</size>
         <input_file_ref idref="fl-f"/>
      </object_component>
      <object_component id="oc-26b">
         <name>.debug_line</name>
         <load_address>0x1434</load_address>
         <run_address>0x1434</run_address>
         <size>0x26c</size>
         <input_file_ref idref="fl-10"/>
      </object_component>
      <object_component id="oc-271">
         <name>.debug_line</name>
         <load_address>0x16a0</load_address>
         <run_address>0x16a0</run_address>
         <size>0x47</size>
         <input_file_ref idref="fl-10"/>
      </object_component>
      <object_component id="oc-26d">
         <name>.debug_line</name>
         <load_address>0x16e7</load_address>
         <run_address>0x16e7</run_address>
         <size>0x35</size>
         <input_file_ref idref="fl-10"/>
      </object_component>
      <object_component id="oc-2e8">
         <name>.debug_line</name>
         <load_address>0x171c</load_address>
         <run_address>0x171c</run_address>
         <size>0x35</size>
         <input_file_ref idref="fl-10"/>
      </object_component>
      <object_component id="oc-27c">
         <name>.debug_line</name>
         <load_address>0x1751</load_address>
         <run_address>0x1751</run_address>
         <size>0x35</size>
         <input_file_ref idref="fl-10"/>
      </object_component>
      <object_component id="oc-2e6">
         <name>.debug_line</name>
         <load_address>0x1786</load_address>
         <run_address>0x1786</run_address>
         <size>0x35</size>
         <input_file_ref idref="fl-10"/>
      </object_component>
      <object_component id="oc-c5">
         <name>.debug_line</name>
         <load_address>0x17bb</load_address>
         <run_address>0x17bb</run_address>
         <size>0x664</size>
         <input_file_ref idref="fl-10"/>
      </object_component>
      <object_component id="oc-3a7">
         <name>.debug_line</name>
         <load_address>0x1e1f</load_address>
         <run_address>0x1e1f</run_address>
         <size>0x82</size>
[...]
         <object_component_ref idref="oc-112"/>
      </symbol>
      <symbol id="sm-1cd">
         <name>UART0_init</name>
         <value>0x144f</value>
         <object_component_ref idref="oc-112"/>
      </symbol>
      <symbol id="sm-1ce">
         <name>UART_SendNumber</name>
         <value>0x1513</value>
         <object_component_ref idref="oc-112"/>
      </symbol>
      <symbol id="sm-1cf">
         <name>UART_SendMessage</name>
         <value>0x14d3</value>
         <object_component_ref idref="oc-112"/>
      </symbol>
      <symbol id="sm-1d0">
         <name>UART_Init</name>
         <value>0x13dd</value>
         <object_component_ref idref="oc-112"/>
      </symbol>
      <symbol id="sm-32d">
         <name>APP_voidCheckCommunication</name>
         <value>0xf41</value>
         <object_component_ref idref="oc-c2"/>
      </symbol>
      <symbol id="sm-32e">
         <name>ui8taskCount</name>
         <value>0x20000531</value>
         <object_component_ref idref="oc-147"/>
      </symbol>
      <symbol id="sm-32f">
         <name>OS_voidECU1SendRemoteFrame</name>
         <value>0x2ff</value>
         <object_component_ref idref="oc-c2"/>
      </symbol>
      <symbol id="sm-330">
         <name>OS_boolBlinkBlueFlag</name>
         <value>0x20000567</value>
         <object_component_ref idref="oc-147"/>
      </symbol>
      <symbol id="sm-331">
         <name>OS_voidDebugMessageObjects</name>
         <value>0xde9</value>
         <object_component_ref idref="oc-c2"/>
      </symbol>
      <symbol id="sm-332">
         <name>OS_voidCANReceiveMessage</name>
         <value>0xeaf</value>
         <object_component_ref idref="oc-c2"/>
      </symbol>
      <symbol id="sm-333">
         <name>APP_ui32counter</name>
         <value>0x20000530</value>
         <object_component_ref idref="oc-147"/>
      </symbol>
      <symbol id="sm-334">
         <name>OS_voidCheckKnownVoltage</name>
         <value>0x39b</value>
         <object_component_ref idref="oc-c2"/>
      </symbol>
      <symbol id="sm-335">
         <name>OS_boolIncrementCommFlag</name>
         <value>0x20000568</value>
         <object_component_ref idref="oc-147"/>
      </symbol>
      <symbol id="sm-336">
         <name>OS_voidTesterMode</name>
         <value>0x2e3</value>
         <object_component_ref idref="oc-c2"/>
      </symbol>
      <symbol id="sm-337">
         <name>OS_ui32CommLostTimer</name>
         <value>0x20000550</value>
         <object_component_ref idref="oc-147"/>
      </symbol>
      <symbol id="sm-338">
         <name>OS_voidInit</name>
         <value>0x8b1</value>
         <object_component_ref idref="oc-c2"/>
      </symbol>
      <symbol id="sm-339">
         <name>APP_voidUartControl</name>
         <value>0xed1</value>
         <object_component_ref idref="oc-c2"/>
      </symbol>
      <symbol id="sm-33a">
         <name>OS_voidMCALInit</name>
         <value>0x8c5</value>
         <object_component_ref idref="oc-c2"/>
      </symbol>
      <symbol id="sm-33b">
         <name>OS_voidTempData</name>
         <value>0x47f</value>
         <object_component_ref idref="oc-c2"/>
      </symbol>
      <symbol id="sm-33c">
         <name>OS_ui32PrevError</name>
         <value>0x2000053c</value>
         <object_component_ref idref="oc-147"/>
      </symbol>
      <symbol id="sm-33d">
         <name>OS_ui32BlinkBlueTimer</name>
         <value>0x20000554</value>
         <object_component_ref idref="oc-147"/>
      </symbol>
      <symbol id="sm-33e">
         <name>scheduler</name>
         <value>0x2c3</value>
         <object_component_ref idref="oc-c2"/>
      </symbol>
      <symbol id="sm-33f">
         <name>APP_ui32UartCurrentState</name>
         <value>0x2000052c</value>
         <object_component_ref idref="oc-147"/>
      </symbol>
      <symbol id="sm-340">
         <name>INITIALIZATION_buttons</name>
         <value>0xf91</value>
         <object_component_ref idref="oc-c2"/>
      </symbol>
      <symbol id="sm-341">
         <name>processTesterCommand</name>
         <value>0x625</value>
         <object_component_ref idref="oc-c2"/>
      </symbol>
      <symbol id="sm-342">
         <name>OS_voidSortTasksByPriority</name>
         <value>0xc1b</value>
         <object_component_ref idref="oc-c2"/>
      </symbol>
      <symbol id="sm-343">
         <name>APP_voidOS</name>
         <value>0x2a7</value>
         <object_component_ref idref="oc-c2"/>
      </symbol>
      <symbol id="sm-344">
         <name>OS_voidEnterTesterMode</name>
         <value>0x6ed</value>
         <object_component_ref idref="oc-c2"/>
      </symbol>
      <symbol id="sm-345">
         <name>SYSTICK_handler</name>
         <value>0x26d</value>
         <object_component_ref idref="oc-c2"/>
      </symbol>
      <symbol id="sm-346">
         <name>INITIALIZATION_leds</name>
         <value>0xfb1</value>
         <object_component_ref idref="oc-c2"/>
      </symbol>
      <symbol id="sm-347">
         <name>OS_voidCanSend</name>
         <value>0xead</value>
         <object_component_ref idref="oc-c2"/>
      </symbol>
      <symbol id="sm-348">
         <name>OS_ui32CurrentError</name>
         <value>0x20000538</value>
         <object_component_ref idref="oc-147"/>
      </symbol>
      <symbol id="sm-349">
         <name>OS_voidAddTask</name>
         <value>0xbb1</value>
         <object_component_ref idref="oc-c2"/>
      </symbol>
      <symbol id="sm-34a">
         <name>APP_ui32idleCounter</name>
         <value>0x20000534</value>
         <object_component_ref idref="oc-147"/>
      </symbol>
      <symbol id="sm-34b">
         <name>OS_boolBlinkWhiteFlag</name>
         <value>0x20000566</value>
         <object_component_ref idref="oc-147"/>
      </symbol>
      <symbol id="sm-34c">
         <name>OS_voidCheckNormalCondition</name>
         <value>0x3f1</value>
         <object_component_ref idref="oc-c2"/>
      </symbol>
      <symbol id="sm-34d">
         <name>APP_voidSendToPc</name>
         <value>0xe59</value>
         <object_component_ref idref="oc-c2"/>
      </symbol>
      <symbol id="sm-34e">
         <name>OS_boolReadSensorFlag</name>
         <value>0x20000569</value>
         <object_component_ref idref="oc-147"/>
      </symbol>
      <symbol id="sm-34f">
         <name>OS_ui32TesterTimer</name>
         <value>0x2000054c</value>
         <object_component_ref idref="oc-147"/>
      </symbol>
      <symbol id="sm-350">
         <name>OS_voidCheckRXOK</name>
         <value>0x865</value>
         <object_component_ref idref="oc-c2"/>
      </symbol>
      <symbol id="sm-351">
         <name>APP_voidScheduler</name>
         <value>0xadd</value>
         <object_component_ref idref="oc-c2"/>
      </symbol>
      <symbol id="sm-352">
         <name>OS_ui32DTCTimer</name>
         <value>0x20000544</value>
         <object_component_ref idref="oc-147"/>
      </symbol>
      <symbol id="sm-353">
         <name>UART_send</name>
         <value>0xf9d</value>
         <object_component_ref idref="oc-c2"/>
      </symbol>
      <symbol id="sm-354">
         <name>OS_voidCheckCANCommunication</name>
         <value>0xef1</value>
         <object_component_ref idref="oc-c2"/>
      </symbol>
      <symbol id="sm-355">
         <name>OS_voidECU1ReceiveVoltageResponse</name>
         <value>0x87d</value>
         <object_component_ref idref="oc-c2"/>
      </symbol>
      <symbol id="sm-356">
         <name>OS_voidblinkWhiteLedTwice</name>
         <value>0x7f5</value>
         <object_component_ref idref="oc-c2"/>
      </symbol>
      <symbol id="sm-357">
         <name>OS_boolidleFlag</name>
         <value>0x20000565</value>
         <object_component_ref idref="oc-147"/>
      </symbol>
      <symbol id="sm-358">
         <name>OS_ui32BlinkTimer</name>
         <value>0x20000548</value>
         <object_component_ref idref="oc-147"/>
      </symbol>
      <symbol id="sm-359">
         <name>OS_voidECU1SendKeepAlive</name>
         <value>0xd17</value>
         <object_component_ref idref="oc-c2"/>
      </symbol>
      <symbol id="sm-35a">
         <name>OS_ui32index</name>
         <value>0x20000540</value>
         <object_component_ref idref="oc-147"/>
      </symbol>
      <symbol id="sm-35b">
         <name>OS_voidHALInit</name>
         <value>0x8e9</value>
         <object_component_ref idref="oc-c2"/>
      </symbol>
      <symbol id="sm-35c">
         <name>OS_voidInitTasks</name>
         <value>0xcc9</value>
         <object_component_ref idref="oc-c2"/>
      </symbol>
      <symbol id="sm-35d">
         <name>OS_ui32CommFailure</name>
         <value>0x20000558</value>
         <object_component_ref idref="oc-147"/>
      </symbol>
      <symbol id="sm-35e">
         <name>APP_boolStateInit</name>
         <value>0x20000564</value>
         <object_component_ref idref="oc-147"/>
      </symbol>
      <symbol id="sm-35f">
         <name>OS_voidCANHandleReceivedMessages</name>
         <value>0x327</value>
         <object_component_ref idref="oc-c2"/>
      </symbol>
      <symbol id="sm-360">
         <name>OS_voidCheckOverheat</name>
         <value>0x41f</value>
         <object_component_ref idref="oc-c2"/>
      </symbol>
      <symbol id="sm-361">
         <name>OS_voidHeartbeatError</name>
         <value>0xd53</value>
         <object_component_ref idref="oc-c2"/>
      </symbol>
      <symbol id="sm-362">
         <name>OS_voidReceiveTesterMode</name>
         <value>0x7b5</value>
         <object_component_ref idref="oc-c2"/>
      </symbol>
      <symbol id="sm-363">
         <name>OS_voidCheckDTC</name>
         <value>0x4f1</value>
         <object_component_ref idref="oc-c2"/>
      </symbol>
      <symbol id="sm-408">
         <name>CANMessageGet</name>
         <value>0x1e95</value>
         <object_component_ref idref="oc-11e"/>
      </symbol>
      <symbol id="sm-409">
         <name>CANBitRateSet</name>
         <value>0x236d</value>
         <object_component_ref idref="oc-23c"/>
      </symbol>
      <symbol id="sm-40a">
         <name>CANEnable</name>
         <value>0x2a85</value>
         <object_component_ref idref="oc-150"/>
      </symbol>
      <symbol id="sm-40b">
         <name>CANStatusGet</name>
         <value>0x25c9</value>
         <object_component_ref idref="oc-177"/>
      </symbol>
      <symbol id="sm-40c">
         <name>CANMessageSet</name>
         <value>0x1c4d</value>
         <object_component_ref idref="oc-118"/>
      </symbol>
      <symbol id="sm-40d">
         <name>CANDisable</name>
         <value>0x2a7b</value>
         <object_component_ref idref="oc-14a"/>
      </symbol>
      <symbol id="sm-40e">
         <name>CANInit</name>
         <value>0x26c1</value>
         <object_component_ref idref="oc-236"/>
      </symbol>
      <symbol id="sm-469">
         <name>EEPROMRead</name>
         <value>0x26fd</value>
         <object_component_ref idref="oc-245"/>
      </symbol>
      <symbol id="sm-46a">
         <name>EEPROMProgram</name>
         <value>0x219d</value>
         <object_component_ref idref="oc-130"/>
      </symbol>
      <symbol id="sm-46b">
         <name>EEPROMInit</name>
         <value>0x2609</value>
         <object_component_ref idref="oc-24b"/>
      </symbol>
      <symbol id="sm-4d5">
         <name>GPIOPinConfigure</name>
         <value>0x24f1</value>
         <object_component_ref idref="oc-1ef"/>
      </symbol>
      <symbol id="sm-4d6">
         <name>GPIOPinTypeGPIOInput</name>
         <value>0x2983</value>
         <object_component_ref idref="oc-1dc"/>
      </symbol>
      <symbol id="sm-4d7">
         <name>GPIOPinTypeUART</name>
         <value>0x29af</value>
         <object_component_ref idref="oc-1f5"/>
      </symbol>
      <symbol id="sm-4d8">
         <name>GPIOPinTypeGPIOOutput</name>
         <value>0x2939</value>
         <object_component_ref idref="oc-1d6"/>
      </symbol>
      <symbol id="sm-4d9">
         <name>GPIOPinRead</name>
         <value>0x2ad1</value>
         <object_component_ref idref="oc-1c4"/>
      </symbol>
      <symbol id="sm-4da">
         <name>GPIODirModeSet</name>
         <value>0x283d</value>
         <object_component_ref idref="oc-30f"/>
      </symbol>
      <symbol id="sm-4db">
         <name>GPIOPinWrite</name>
         <value>0x2ad7</value>
         <object_component_ref idref="oc-20d"/>
      </symbol>
      <symbol id="sm-4dc">
         <name>GPIOPadConfigSet</name>
         <value>0x19a5</value>
         <object_component_ref idref="oc-1e2"/>
      </symbol>
      <symbol id="sm-4dd">
         <name>GPIOPinTypeSSI</name>
         <value>0x2999</value>
         <object_component_ref idref="oc-27e"/>
      </symbol>
      <symbol id="sm-4de">
         <name>GPIOPinTypeCAN</name>
         <value>0x296d</value>
         <object_component_ref idref="oc-230"/>
      </symbol>
      <symbol id="sm-4f5">
         <name>IntRegister</name>
         <value>0x276d</value>
         <object_component_ref idref="oc-364"/>
      </symbol>
      <symbol id="sm-4f6">
         <name>g_pfnRAMVectors</name>
         <value>0x20000000</value>
         <object_component_ref idref="oc-39f"/>
      </symbol>
      <symbol id="sm-526">
         <name>SSIDataPut</name>
         <value>0x2a8f</value>
         <object_component_ref idref="oc-290"/>
      </symbol>
      <symbol id="sm-527">
         <name>SSIDataGetNonBlocking</name>
         <value>0x2a01</value>
         <object_component_ref idref="oc-29c"/>
      </symbol>
      <symbol id="sm-528">
         <name>SSIConfigSetExpClk</name>
         <value>0x2649</value>
         <object_component_ref idref="oc-284"/>
      </symbol>
      <symbol id="sm-529">
         <name>SSIEnable</name>
         <value>0x2a99</value>
         <object_component_ref idref="oc-28a"/>
      </symbol>
      <symbol id="sm-52a">
         <name>SSIBusy</name>
         <value>0x2ac1</value>
         <object_component_ref idref="oc-296"/>
      </symbol>
      <symbol id="sm-594">
         <name>SysCtlClockSet</name>
         <value>0x20a9</value>
         <object_component_ref idref="oc-1d0"/>
      </symbol>
      <symbol id="sm-595">
         <name>SysCtlDelay</name>
         <value>0x2add</value>
         <object_component_ref idref="oc-213"/>
      </symbol>
      <symbol id="sm-596">
         <name>SysCtlPeripheralEnable</name>
         <value>0x27a1</value>
         <object_component_ref idref="oc-1ca"/>
      </symbol>
      <symbol id="sm-597">
         <name>SysCtlClockGet</name>
         <value>0x1d7d</value>
         <object_component_ref idref="oc-1fb"/>
      </symbol>
      <symbol id="sm-598">
         <name>SysCtlPeripheralReady</name>
         <value>0x2735</value>
         <object_component_ref idref="oc-1e9"/>
      </symbol>
      <symbol id="sm-599">
         <name>SysCtlPeripheralReset</name>
         <value>0x24a1</value>
         <object_component_ref idref="oc-34e"/>
      </symbol>
      <symbol id="sm-5c6">
         <name>SysTickEnable</name>
         <value>0x29c5</value>
         <object_component_ref idref="oc-2b9"/>
      </symbol>
      <symbol id="sm-5c7">
         <name>SysTickIntRegister</name>
         <value>0x2901</value>
         <object_component_ref idref="oc-2ad"/>
      </symbol>
      <symbol id="sm-5c8">
         <name>SysTickIntEnable</name>
         <value>0x29d9</value>
         <object_component_ref idref="oc-2b3"/>
      </symbol>
      <symbol id="sm-5c9">
         <name>SysTickPeriodSet</name>
         <value>0x2a25</value>
         <object_component_ref idref="oc-2a7"/>
      </symbol>
      <symbol id="sm-607">
         <name>TimerLoadSet</name>
         <value>0x2a13</value>
         <object_component_ref idref="oc-2c6"/>
      </symbol>
      <symbol id="sm-608">
         <name>TimerDisable</name>
         <value>0x2955</value>
         <object_component_ref idref="oc-2de"/>
      </symbol>
      <symbol id="sm-609">
         <name>TimerEnable</name>
         <value>0x2a45</value>
         <object_component_ref idref="oc-2d2"/>
      </symbol>
      <symbol id="sm-60a">
         <name>TimerIntStatus</name>
         <value>0x2aa3</value>
         <object_component_ref idref="oc-2d8"/>
      </symbol>
      <symbol id="sm-60b">
         <name>TimerConfigure</name>
         <value>0x2441</value>
         <object_component_ref idref="oc-2c0"/>
      </symbol>
      <symbol id="sm-60c">
         <name>TimerIntClear</name>
         <value>0x2ae3</value>
         <object_component_ref idref="oc-2cc"/>
      </symbol>
      <symbol id="sm-647">
         <name>UARTConfigSetExpClk</name>
         <value>0x253d</value>
         <object_component_ref idref="oc-201"/>
      </symbol>
      <symbol id="sm-648">
         <name>UARTDisable</name>
         <value>0x28e1</value>
         <object_component_ref idref="oc-322"/>
      </symbol>
      <symbol id="sm-649">
         <name>UARTCharsAvail</name>
         <value>0x2a53</value>
         <object_component_ref idref="oc-168"/>
      </symbol>
      <symbol id="sm-64a">
         <name>UARTCharPut</name>
         <value>0x2ab7</value>
         <object_component_ref idref="oc-214"/>
      </symbol>
      <symbol id="sm-64b">
         <name>UARTEnable</name>
         <value>0x29ed</value>
         <object_component_ref idref="oc-207"/>
      </symbol>
      <symbol id="sm-64c">
         <name>UARTCharGet</name>
         <value>0x2aad</value>
         <object_component_ref idref="oc-16e"/>
      </symbol>
      <symbol id="sm-66b">
         <name>__TI_zero_init_nomemset</name>
         <value>0x291d</value>
         <object_component_ref idref="oc-47"/>
      </symbol>
      <symbol id="sm-682">
         <name>__TI_decompress_none</name>
         <value>0x2a61</value>
         <object_component_ref idref="oc-1b"/>
      </symbol>
      <symbol id="sm-6a5">
         <name>__TI_decompress_lzss</name>
         <value>0x23d9</value>
         <object_component_ref idref="oc-15"/>
      </symbol>
      <symbol id="sm-6b8">
         <name>__stack</name>
         <value>0x20000270</value>
         <object_component_ref idref="oc-24"/>
      </symbol>
      <symbol id="sm-6b9">
         <name>_c_int00_noargs</name>
         <value>0x2809</value>
         <object_component_ref idref="oc-59"/>
      </symbol>
      <symbol id="sm-6d4">
         <name>memcpy</name>
         <value>0x2261</value>
         <object_component_ref idref="oc-3b"/>
      </symbol>
      <symbol id="sm-6d5">
         <name>__aeabi_memcpy</name>
         <value>0x2261</value>
         <object_component_ref idref="oc-3b"/>
      </symbol>
      <symbol id="sm-6d6">
         <name>__aeabi_memcpy8</name>
         <value>0x2261</value>
         <object_component_ref idref="oc-3b"/>
      </symbol>
      <symbol id="sm-6d7">
         <name>__aeabi_memcpy4</name>
         <value>0x2261</value>
         <object_component_ref idref="oc-3b"/>
      </symbol>
      <symbol id="sm-700">
         <name>__TI_auto_init_nobinit_nopinit</name>
         <value>0x2585</value>
         <object_component_ref idref="oc-da"/>
      </symbol>
      <symbol id="sm-70a">
         <name>_system_pre_init</name>
         <value>0x2ae7</value>
         <object_component_ref idref="oc-95"/>
      </symbol>
      <symbol id="sm-716">
         <name>C$$EXIT</name>
         <value>0x2aeb</value>
         <object_component_ref idref="oc-ce"/>
      </symbol>
      <symbol id="sm-717">
         <name>abort</name>
         <value>0x2aeb</value>
         <object_component_ref idref="oc-ce"/>
      </symbol>
      <symbol id="sm-71a">
         <name>__TI_static_base__</name>
         <value>0x0</value>
      </symbol>
      <symbol id="sm-71d">
         <name>__mpu_init</name>
         <value>0x0</value>
      </symbol>
      <symbol id="sm-71e">
         <name>_system_post_cinit</name>
         <value>0x0</value>
      </symbol>
   </symbol_table>
   <title>Link successful</title>
</link_info>
