<?xml version="1.0" encoding="ISO-8859-1" ?>
<link_info>
   <banner>TI ARM Linker PC v20.2.7.LTS</banner>
   <copyright>Copyright (c) 1996-2018 Texas Instruments Incorporated</copyright>
   <link_time>0x67673db7</link_time>
   <link_errors>0x0</link_errors>
   <output_file>Slave.out</output_file>
   <entry_point>
      <name>_c_int00_noargs</name>
      <address>0x1801</address>
   </entry_point>
   <input_file_list>
      <input_file id="fl-2">
         <path>.\</path>
         <kind>object</kind>
         <file>tm4c123gh6pm_startup_ccs.obj</file>
         <name>tm4c123gh6pm_startup_ccs.obj</name>
      </input_file>
      <input_file id="fl-3">
         <path>.\APP\</path>
         <kind>object</kind>
         <file>main.obj</file>
         <name>main.obj</name>
      </input_file>
      <input_file id="fl-4">
         <path>.\HAL\</path>
         <kind>object</kind>
         <file>button.obj</file>
         <name>button.obj</name>
      </input_file>
      <input_file id="fl-5">
         <path>.\HAL\</path>
         <kind>object</kind>
         <file>led.obj</file>
         <name>led.obj</name>
      </input_file>
      <input_file id="fl-6">
         <path>.\MCAL\CAN\</path>
         <kind>object</kind>
         <file>can.obj</file>
         <name>can.obj</name>
      </input_file>
      <input_file id="fl-7">
         <path>.\MCAL\SPI\</path>
         <kind>object</kind>
         <file>spi.obj</file>
         <name>spi.obj</name>
      </input_file>
      <input_file id="fl-8">
         <path>.\MCAL\Timers\SYSTICK_TIMER\</path>
         <kind>object</kind>
         <file>systickTimer.obj</file>
         <name>systickTimer.obj</name>
      </input_file>
      <input_file id="fl-9">
         <path>.\MCAL\Timers\TIMER0\</path>
         <kind>object</kind>
         <file>timer0.obj</file>
         <name>timer0.obj</name>
      </input_file>
      <input_file id="fl-a">
         <path>.\MCAL\Timers\TIMER1\</path>
         <kind>object</kind>
         <file>timer1.obj</file>
         <name>timer1.obj</name>
      </input_file>
      <input_file id="fl-b">
         <path>.\MCAL\UART\</path>
         <kind>object</kind>
         <file>uart.obj</file>
         <name>uart.obj</name>
      </input_file>
      <input_file id="fl-c">
         <path>.\OS\</path>
         <kind>object</kind>
         <file>scheduler.obj</file>
         <name>scheduler.obj</name>
      </input_file>
      <input_file id="fl-11">
         <kind>object</kind>
         <file>&lt;internal&gt;</file>
         <name>&lt;internal&gt;</name>
      </input_file>
      <input_file id="fl-12">
         <path>C:\ti\TivaWare_C_Series-2.1.4.178\driverlib\ccs\Debug\</path>
         <kind>archive</kind>
         <file>driverlib.lib</file>
         <name>can.obj</name>
      </input_file>
      <input_file id="fl-13">
         <path>C:\ti\TivaWare_C_Series-2.1.4.178\driverlib\ccs\Debug\</path>
         <kind>archive</kind>
         <file>driverlib.lib</file>
         <name>gpio.obj</name>
      </input_file>
      <input_file id="fl-14">
         <path>C:\ti\TivaWare_C_Series-2.1.4.178\driverlib\ccs\Debug\</path>
         <kind>archive</kind>
         <file>driverlib.lib</file>
         <name>interrupt.obj</name>
      </input_file>
      <input_file id="fl-15">
         <path>C:\ti\TivaWare_C_Series-2.1.4.178\driverlib\ccs\Debug\</path>
         <kind>archive</kind>
         <file>driverlib.lib</file>
         <name>ssi.obj</name>
      </input_file>
      <input_file id="fl-16">
         <path>C:\ti\TivaWare_C_Series-2.1.4.178\driverlib\ccs\Debug\</path>
         <kind>archive</kind>
         <file>driverlib.lib</file>
         <name>sysctl.obj</name>
      </input_file>
      <input_file id="fl-17">
         <path>C:\ti\TivaWare_C_Series-2.1.4.178\driverlib\ccs\Debug\</path>
         <kind>archive</kind>
         <file>driverlib.lib</file>
         <name>systick.obj</name>
      </input_file>
      <input_file id="fl-18">
         <path>C:\ti\TivaWare_C_Series-2.1.4.178\driverlib\ccs\Debug\</path>
         <kind>archive</kind>
         <file>driverlib.lib</file>
         <name>timer.obj</name>
      </input_file>
      <input_file id="fl-19">
         <path>C:\ti\TivaWare_C_Series-2.1.4.178\driverlib\ccs\Debug\</path>
         <kind>archive</kind>
         <file>driverlib.lib</file>
         <name>uart.obj</name>
      </input_file>
      <input_file id="fl-1a">
         <path>C:\ti\TivaWare_C_Series-2.1.4.178\driverlib\ccs\Debug\</path>
         <kind>archive</kind>
         <file>driverlib.lib</file>
         <name>cpu.obj</name>
      </input_file>
      <input_file id="fl-d0">
         <path>C:\ti\ccs\tools\compiler\ti-cgt-arm_20.2.7.LTS\lib\</path>
         <kind>archive</kind>
         <file>rtsv7M4_T_le_v4SPD16_eabi.lib</file>
         <name>copy_zero_init.c.obj</name>
      </input_file>
      <input_file id="fl-d1">
         <path>C:\ti\ccs\tools\compiler\ti-cgt-arm_20.2.7.LTS\lib\</path>
         <kind>archive</kind>
         <file>rtsv7M4_T_le_v4SPD16_eabi.lib</file>
         <name>copy_decompress_none.c.obj</name>
      </input_file>
      <input_file id="fl-d2">
         <path>C:\ti\ccs\tools\compiler\ti-cgt-arm_20.2.7.LTS\lib\</path>
         <kind>archive</kind>
         <file>rtsv7M4_T_le_v4SPD16_eabi.lib</file>
         <name>copy_decompress_lzss.c.obj</name>
      </input_file>
      <input_file id="fl-d3">
         <path>C:\ti\ccs\tools\compiler\ti-cgt-arm_20.2.7.LTS\lib\</path>
         <kind>archive</kind>
         <file>rtsv7M4_T_le_v4SPD16_eabi.lib</file>
         <name>boot_cortex_m.c.obj</name>
      </input_file>
      <input_file id="fl-d4">
         <path>C:\ti\ccs\tools\compiler\ti-cgt-arm_20.2.7.LTS\lib\</path>
         <kind>archive</kind>
         <file>rtsv7M4_T_le_v4SPD16_eabi.lib</file>
         <name>memcpy_t2.asm.obj</name>
      </input_file>
      <input_file id="fl-d5">
         <path>C:\ti\ccs\tools\compiler\ti-cgt-arm_20.2.7.LTS\lib\</path>
         <kind>archive</kind>
         <file>rtsv7M4_T_le_v4SPD16_eabi.lib</file>
         <name>memset_t2.asm.obj</name>
      </input_file>
      <input_file id="fl-d6">
         <path>C:\ti\ccs\tools\compiler\ti-cgt-arm_20.2.7.LTS\lib\</path>
         <kind>archive</kind>
         <file>rtsv7M4_T_le_v4SPD16_eabi.lib</file>
         <name>autoinit.c.obj</name>
      </input_file>
      <input_file id="fl-d7">
         <path>C:\ti\ccs\tools\compiler\ti-cgt-arm_20.2.7.LTS\lib\</path>
         <kind>archive</kind>
         <file>rtsv7M4_T_le_v4SPD16_eabi.lib</file>
         <name>pre_init.c.obj</name>
      </input_file>
      <input_file id="fl-d8">
         <path>C:\ti\ccs\tools\compiler\ti-cgt-arm_20.2.7.LTS\lib\</path>
         <kind>archive</kind>
         <file>rtsv7M4_T_le_v4SPD16_eabi.lib</file>
         <name>cpy_tbl.c.obj</name>
      </input_file>
      <input_file id="fl-d9">
         <path>C:\ti\ccs\tools\compiler\ti-cgt-arm_20.2.7.LTS\lib\</path>
         <kind>archive</kind>
         <file>rtsv7M4_T_le_v4SPD16_eabi.lib</file>
         <name>exit.c.obj</name>
      </input_file>
      <input_file id="fl-da">
         <path>C:\ti\ccs\tools\compiler\ti-cgt-arm_20.2.7.LTS\lib\</path>
         <kind>archive</kind>
         <file>rtsv7M4_T_le_v4SPD16_eabi.lib</file>
         <name>_lock.c.obj</name>
      </input_file>
      <input_file id="fl-db">
         <path>C:\ti\ccs\tools\compiler\ti-cgt-arm_20.2.7.LTS\lib\</path>
         <kind>archive</kind>
         <file>rtsv7M4_T_le_v4SPD16_eabi.lib</file>
         <name>args_main.c.obj</name>
      </input_file>
   </input_file_list>
   <object_component_list>
      <object_component id="oc-12">
         <name>.intvecs</name>
         <load_address>0x0</load_address>
         <run_address>0x0</run_address>
         <size>0x268</size>
         <input_file_ref idref="fl-2"/>
      </object_component>
      <object_component id="oc-c2">
         <name>.text</name>
         <load_address>0x268</load_address>
         <run_address>0x268</run_address>
         <size>0x75c</size>
         <input_file_ref idref="fl-c"/>
      </object_component>
      <object_component id="oc-130">
         <name>.text</name>
         <load_address>0x9c4</load_address>
         <run_address>0x9c4</run_address>
         <size>0x204</size>
         <input_file_ref idref="fl-b"/>
      </object_component>
      <object_component id="oc-1c7">
         <name>.text:CANMessageSet</name>
         <load_address>0xbc8</load_address>
         <run_address>0xbc8</run_address>
         <size>0x136</size>
         <input_file_ref idref="fl-12"/>
      </object_component>
      <object_component id="oc-18f">
         <name>.text:GPIOPadConfigSet</name>
         <load_address>0xcfe</load_address>
         <run_address>0xcfe</run_address>
         <size>0x132</size>
         <input_file_ref idref="fl-13"/>
      </object_component>
      <object_component id="oc-112">
         <name>.text</name>
         <load_address>0xe30</load_address>
         <run_address>0xe30</run_address>
         <size>0x11c</size>
         <input_file_ref idref="fl-5"/>
      </object_component>
      <object_component id="oc-1b5">
         <name>.text:SysCtlClockGet</name>
         <load_address>0xf4c</load_address>
         <run_address>0xf4c</run_address>
         <size>0x110</size>
         <input_file_ref idref="fl-16"/>
      </object_component>
      <object_component id="oc-13f">
         <name>.text:CANMessageGet</name>
         <load_address>0x105c</load_address>
         <run_address>0x105c</run_address>
         <size>0x10e</size>
         <input_file_ref idref="fl-12"/>
      </object_component>
      <object_component id="oc-10c">
         <name>.text</name>
         <load_address>0x116c</load_address>
         <run_address>0x116c</run_address>
         <size>0xfc</size>
         <input_file_ref idref="fl-4"/>
      </object_component>
      <object_component id="oc-17d">
         <name>.text:SysCtlClockSet</name>
         <load_address>0x1268</load_address>
         <run_address>0x1268</run_address>
         <size>0xf4</size>
         <input_file_ref idref="fl-16"/>
      </object_component>
      <object_component id="oc-118">
         <name>.text</name>
         <load_address>0x135c</load_address>
         <run_address>0x135c</run_address>
         <size>0xc8</size>
         <input_file_ref idref="fl-6"/>
      </object_component>
      <object_component id="oc-3b">
         <name>.text</name>
         <load_address>0x1424</load_address>
         <run_address>0x1424</run_address>
         <size>0x9c</size>
         <input_file_ref idref="fl-d4"/>
      </object_component>
      <object_component id="oc-8f">
         <name>.text</name>
         <load_address>0x14c0</load_address>
         <run_address>0x14c0</run_address>
         <size>0x7a</size>
         <input_file_ref idref="fl-d5"/>
      </object_component>
      <object_component id="oc-1bb">
         <name>.text:CANBitRateSet</name>
         <load_address>0x153c</load_address>
         <run_address>0x153c</run_address>
         <size>0x6c</size>
         <input_file_ref idref="fl-12"/>
      </object_component>
      <object_component id="oc-15">
         <name>.text:decompress:lzss:__TI_decompress_lzss</name>
         <load_address>0x15a8</load_address>
         <run_address>0x15a8</run_address>
         <size>0x68</size>
         <input_file_ref idref="fl-d2"/>
      </object_component>
      <object_component id="oc-1a3">
         <name>.text:GPIOPinConfigure</name>
         <load_address>0x1610</load_address>
         <run_address>0x1610</run_address>
         <size>0x48</size>
         <input_file_ref idref="fl-13"/>
      </object_component>
      <object_component id="oc-1e9">
         <name>.text:UARTConfigSetExpClk</name>
         <load_address>0x1658</load_address>
         <run_address>0x1658</run_address>
         <size>0x46</size>
         <input_file_ref idref="fl-19"/>
      </object_component>
      <object_component id="oc-da">
         <name>.text:__TI_auto_init_nobinit_nopinit:__TI_auto_init_nobinit_nopinit</name>
         <load_address>0x16a0</load_address>
         <run_address>0x16a0</run_address>
         <size>0x44</size>
         <input_file_ref idref="fl-d6"/>
      </object_component>
      <object_component id="oc-12a">
         <name>.text:CANStatusGet</name>
         <load_address>0x16e4</load_address>
         <run_address>0x16e4</run_address>
         <size>0x40</size>
         <input_file_ref idref="fl-12"/>
      </object_component>
      <object_component id="oc-1af">
         <name>.text:CANInit</name>
         <load_address>0x1724</load_address>
         <run_address>0x1724</run_address>
         <size>0x3a</size>
         <input_file_ref idref="fl-12"/>
      </object_component>
      <object_component id="oc-19d">
         <name>.text:SysCtlPeripheralReady</name>
         <load_address>0x1760</load_address>
         <run_address>0x1760</run_address>
         <size>0x38</size>
         <input_file_ref idref="fl-16"/>
      </object_component>
      <object_component id="oc-27a">
         <name>.text:IntRegister</name>
         <load_address>0x1798</load_address>
         <run_address>0x1798</run_address>
         <size>0x34</size>
         <input_file_ref idref="fl-14"/>
      </object_component>
      <object_component id="oc-177">
         <name>.text:SysCtlPeripheralEnable</name>
         <load_address>0x17cc</load_address>
         <run_address>0x17cc</run_address>
         <size>0x34</size>
         <input_file_ref idref="fl-16"/>
      </object_component>
      <object_component id="oc-59">
         <name>.text:_c_int00_noargs:_c_int00_noargs</name>
         <load_address>0x1800</load_address>
         <run_address>0x1800</run_address>
         <size>0x34</size>
         <input_file_ref idref="fl-d3"/>
      </object_component>
      <object_component id="oc-246">
         <name>.text:GPIODirModeSet</name>
         <load_address>0x1834</load_address>
         <run_address>0x1834</run_address>
         <size>0x2a</size>
         <input_file_ref idref="fl-13"/>
      </object_component>
      <object_component id="oc-219">
         <name>.text:_CANDataRegRead</name>
         <load_address>0x185e</load_address>
         <run_address>0x185e</run_address>
         <size>0x2a</size>
         <input_file_ref idref="fl-12"/>
      </object_component>
      <object_component id="oc-136">
         <name>.text</name>
         <load_address>0x1888</load_address>
         <run_address>0x1888</run_address>
         <size>0x28</size>
         <input_file_ref idref="fl-8"/>
      </object_component>
      <object_component id="oc-260">
         <name>.text:_CANDataRegWrite</name>
         <load_address>0x18b0</load_address>
         <run_address>0x18b0</run_address>
         <size>0x24</size>
         <input_file_ref idref="fl-12"/>
      </object_component>
      <object_component id="oc-26c">
         <name>.text:UARTDisable</name>
         <load_address>0x18d4</load_address>
         <run_address>0x18d4</run_address>
         <size>0x20</size>
         <input_file_ref idref="fl-19"/>
      </object_component>
      <object_component id="oc-206">
         <name>.text:SysTickIntRegister</name>
         <load_address>0x18f4</load_address>
         <run_address>0x18f4</run_address>
         <size>0x1c</size>
         <input_file_ref idref="fl-17"/>
      </object_component>
      <object_component id="oc-183">
         <name>.text:GPIOPinTypeGPIOOutput</name>
         <load_address>0x1910</load_address>
         <run_address>0x1910</run_address>
         <size>0x18</size>
         <input_file_ref idref="fl-13"/>
      </object_component>
      <object_component id="oc-212">
         <name>.text:SysTickEnable</name>
         <load_address>0x1928</load_address>
         <run_address>0x1928</run_address>
         <size>0x14</size>
         <input_file_ref idref="fl-17"/>
      </object_component>
      <object_component id="oc-20c">
         <name>.text:SysTickIntEnable</name>
         <load_address>0x193c</load_address>
         <run_address>0x193c</run_address>
         <size>0x14</size>
         <input_file_ref idref="fl-17"/>
      </object_component>
      <object_component id="oc-1ef">
         <name>.text:UARTEnable</name>
         <load_address>0x1950</load_address>
         <run_address>0x1950</run_address>
         <size>0x14</size>
         <input_file_ref idref="fl-19"/>
      </object_component>
      <object_component id="oc-27">
         <name>.text</name>
         <load_address>0x1964</load_address>
         <run_address>0x1964</run_address>
         <size>0x14</size>
         <input_file_ref idref="fl-2"/>
      </object_component>
      <object_component id="oc-1a9">
         <name>.text:GPIOPinTypeCAN</name>
         <load_address>0x1978</load_address>
         <run_address>0x1978</run_address>
         <size>0x12</size>
         <input_file_ref idref="fl-13"/>
      </object_component>
      <object_component id="oc-189">
         <name>.text:GPIOPinTypeGPIOInput</name>
         <load_address>0x198a</load_address>
         <run_address>0x198a</run_address>
         <size>0x12</size>
         <input_file_ref idref="fl-13"/>
      </object_component>
      <object_component id="oc-1e3">
         <name>.text:GPIOPinTypeUART</name>
         <load_address>0x199c</load_address>
         <run_address>0x199c</run_address>
         <size>0x12</size>
         <input_file_ref idref="fl-13"/>
      </object_component>
      <object_component id="oc-200">
         <name>.text:SysTickPeriodSet</name>
         <load_address>0x19b0</load_address>
         <run_address>0x19b0</run_address>
         <size>0x10</size>
         <input_file_ref idref="fl-17"/>
      </object_component>
      <object_component id="oc-1b">
         <name>.text:decompress:none:__TI_decompress_none</name>
         <load_address>0x19c0</load_address>
         <run_address>0x19c0</run_address>
         <size>0xe</size>
         <input_file_ref idref="fl-d1"/>
      </object_component>
      <object_component id="oc-4d">
         <name>.text:decompress:ZI:__TI_zero_init</name>
         <load_address>0x19ce</load_address>
         <run_address>0x19ce</run_address>
         <size>0xc</size>
         <input_file_ref idref="fl-d0"/>
      </object_component>
      <object_component id="oc-1c1">
         <name>.text:CANEnable</name>
         <load_address>0x19da</load_address>
         <run_address>0x19da</run_address>
         <size>0xa</size>
         <input_file_ref idref="fl-12"/>
      </object_component>
      <object_component id="oc-1f6">
         <name>.text:UARTCharPut</name>
         <load_address>0x19e4</load_address>
         <run_address>0x19e4</run_address>
         <size>0xa</size>
         <input_file_ref idref="fl-19"/>
      </object_component>
      <object_component id="oc-9b">
         <name>.text</name>
         <load_address>0x19ee</load_address>
         <run_address>0x19ee</run_address>
         <size>0x8</size>
         <input_file_ref idref="fl-3"/>
      </object_component>
      <object_component id="oc-171">
         <name>.text:GPIOPinRead</name>
         <load_address>0x19f6</load_address>
         <run_address>0x19f6</run_address>
         <size>0x6</size>
         <input_file_ref idref="fl-13"/>
      </object_component>
      <object_component id="oc-196">
         <name>.text:GPIOPinWrite</name>
         <load_address>0x19fc</load_address>
         <run_address>0x19fc</run_address>
         <size>0x6</size>
         <input_file_ref idref="fl-13"/>
      </object_component>
      <object_component id="oc-1f5">
         <name>.text:SysCtlDelay</name>
         <load_address>0x1a02</load_address>
         <run_address>0x1a02</run_address>
         <size>0x6</size>
         <input_file_ref idref="fl-16"/>
      </object_component>
      <object_component id="oc-95">
         <name>.text:_system_pre_init</name>
         <load_address>0x1a08</load_address>
         <run_address>0x1a08</run_address>
         <size>0x4</size>
         <input_file_ref idref="fl-d7"/>
      </object_component>
      <object_component id="oc-ce">
         <name>.text:abort:abort</name>
         <load_address>0x1a0c</load_address>
         <run_address>0x1a0c</run_address>
         <size>0x4</size>
         <input_file_ref idref="fl-d9"/>
      </object_component>
      <object_component id="oc-251">
         <name>.const:g_pui32GPIOBaseAddrs</name>
         <load_address>0x1a10</load_address>
         <run_address>0x1a10</run_address>
         <size>0x90</size>
         <input_file_ref idref="fl-13"/>
      </object_component>
      <object_component id="oc-257">
         <name>.const:g_pui32Xtals</name>
         <load_address>0x1aa0</load_address>
         <run_address>0x1aa0</run_address>
         <size>0x6c</size>
         <input_file_ref idref="fl-16"/>
      </object_component>
      <object_component id="oc-25b">
         <name>.const</name>
         <load_address>0x1b0c</load_address>
         <run_address>0x1b0c</run_address>
         <size>0x20</size>
         <input_file_ref idref="fl-12"/>
      </object_component>
      <object_component id="oc-2de">
         <name>.cinit..data.load</name>
         <load_address>0x1b30</load_address>
         <run_address>0x1b30</run_address>
         <size>0x1b</size>
      </object_component>
      <object_component id="oc-2db">
         <name>__TI_handler_table</name>
         <load_address>0x1b4c</load_address>
         <run_address>0x1b4c</run_address>
         <size>0xc</size>
      </object_component>
      <object_component id="oc-2df">
         <name>.cinit..bss.load</name>
         <load_address>0x1b58</load_address>
         <run_address>0x1b58</run_address>
         <size>0x8</size>
      </object_component>
      <object_component id="oc-2dd">
         <name>.cinit..vtable.load</name>
         <load_address>0x1b60</load_address>
         <run_address>0x1b60</run_address>
         <size>0x8</size>
      </object_component>
      <object_component id="oc-2dc">
         <name>__TI_cinit_table</name>
         <load_address>0x1b68</load_address>
         <run_address>0x1b68</run_address>
         <size>0x18</size>
      </object_component>
      <object_component id="oc-2a9">
         <name>.vtable</name>
         <uninitialized>true</uninitialized>
         <run_address>0x20000000</run_address>
         <size>0x26c</size>
         <input_file_ref idref="fl-14"/>
      </object_component>
      <object_component id="oc-11e">
         <name>.data</name>
         <load_address>0x20000644</load_address>
         <run_address>0x20000644</run_address>
         <size>0x2b</size>
         <input_file_ref idref="fl-c"/>
      </object_component>
      <object_component id="oc-145">
         <name>.bss:g_ui8ReceivedData$2</name>
         <uninitialized>true</uninitialized>
         <run_address>0x20000630</run_address>
         <size>0x8</size>
         <input_file_ref idref="fl-c"/>
      </object_component>
      <object_component id="oc-124">
         <name>.common:g_ui32SysTickCount</name>
         <uninitialized>true</uninitialized>
         <run_address>0x2000063c</run_address>
         <size>0x4</size>
      </object_component>
      <object_component id="oc-1fc">
         <name>.common:initialMessageSent</name>
         <uninitialized>true</uninitialized>
         <run_address>0x20000641</run_address>
         <size>0x1</size>
      </object_component>
      <object_component id="oc-129">
         <name>.common:taskList</name>
         <uninitialized>true</uninitialized>
         <run_address>0x20000470</run_address>
         <size>0x100</size>
      </object_component>
      <object_component id="oc-13c">
         <name>.common:counter</name>
         <uninitialized>true</uninitialized>
         <run_address>0x20000638</run_address>
         <size>0x4</size>
      </object_component>
      <object_component id="oc-13d">
         <name>.common:CurrentState</name>
         <uninitialized>true</uninitialized>
         <run_address>0x20000640</run_address>
         <size>0x1</size>
      </object_component>
      <object_component id="oc-13e">
         <name>.common:StoredValues</name>
         <uninitialized>true</uninitialized>
         <run_address>0x20000570</run_address>
         <size>0xc0</size>
      </object_component>
      <object_component id="oc-121">
         <name>.common:sw1</name>
         <uninitialized>true</uninitialized>
         <run_address>0x20000642</run_address>
         <size>0x1</size>
      </object_component>
      <object_component id="oc-24">
         <name>.stack</name>
         <uninitialized>true</uninitialized>
         <run_address>0x20000270</run_address>
         <size>0x4</size>
         <input_file_ref idref="fl-d3"/>
      </object_component>
      <object_component id="oc-2e1">
         <name>.stack</name>
         <uninitialized>true</uninitialized>
         <run_address>0x20000270</run_address>
         <size>0x0</size>
      </object_component>
      <object_component id="oc-2f">
         <name>.debug_info</name>
         <load_address>0x0</load_address>
         <run_address>0x0</run_address>
         <size>0x2a4</size>
         <input_file_ref idref="fl-2"/>
      </object_component>
      <object_component id="oc-13">
         <name>.debug_info</name>
         <load_address>0x2a4</load_address>
         <run_address>0x2a4</run_address>
         <size>0xe3</size>
         <input_file_ref idref="fl-2"/>
      </object_component>
      <object_component id="oc-2b">
         <name>.debug_info</name>
         <load_address>0x387</load_address>
         <run_address>0x387</run_address>
         <size>0x2e2</size>
         <input_file_ref idref="fl-2"/>
      </object_component>
      <object_component id="oc-70">
         <name>.debug_info</name>
         <load_address>0x669</load_address>
         <run_address>0x669</run_address>
         <size>0x26b</size>
         <input_file_ref idref="fl-2"/>
      </object_component>
      <object_component id="oc-36">
         <name>.debug_info</name>
         <load_address>0x8d4</load_address>
         <run_address>0x8d4</run_address>
         <size>0x84</size>
         <input_file_ref idref="fl-2"/>
      </object_component>
      <object_component id="oc-ad">
         <name>.debug_info</name>
         <load_address>0x958</load_address>
         <run_address>0x958</run_address>
         <size>0x2a4</size>
         <input_file_ref idref="fl-2"/>
      </object_component>
      <object_component id="oc-75">
         <name>.debug_info</name>
         <load_address>0xbfc</load_address>
         <run_address>0xbfc</run_address>
         <size>0xbb</size>
         <input_file_ref idref="fl-2"/>
      </object_component>
      <object_component id="oc-125">
         <name>.debug_info</name>
         <load_address>0xcb7</load_address>
         <run_address>0xcb7</run_address>
         <size>0x436</size>
         <input_file_ref idref="fl-3"/>
      </object_component>
      <object_component id="oc-9e">
         <name>.debug_info</name>
         <load_address>0x10ed</load_address>
         <run_address>0x10ed</run_address>
         <size>0x104</size>
         <input_file_ref idref="fl-3"/>
      </object_component>
      <object_component id="oc-147">
         <name>.debug_info</name>
         <load_address>0x11f1</load_address>
         <run_address>0x11f1</run_address>
         <size>0xe0</size>
         <input_file_ref idref="fl-3"/>
      </object_component>
      <object_component id="oc-14c">
         <name>.debug_info</name>
         <load_address>0x12d1</load_address>
         <run_address>0x12d1</run_address>
         <size>0x1b3</size>
         <input_file_ref idref="fl-3"/>
      </object_component>
      <object_component id="oc-c9">
         <name>.debug_info</name>
         <load_address>0x1484</load_address>
         <run_address>0x1484</run_address>
         <size>0x8b</size>
         <input_file_ref idref="fl-3"/>
      </object_component>
      <object_component id="oc-10d">
         <name>.debug_info</name>
         <load_address>0x150f</load_address>
         <run_address>0x150f</run_address>
         <size>0x3d2</size>
         <input_file_ref idref="fl-4"/>
      </object_component>
      <object_component id="oc-113">
         <name>.debug_info</name>
         <load_address>0x18e1</load_address>
         <run_address>0x18e1</run_address>
         <size>0x631</size>
         <input_file_ref idref="fl-5"/>
      </object_component>
      <object_component id="oc-1ce">
         <name>.debug_info</name>
         <load_address>0x1f12</load_address>
         <run_address>0x1f12</run_address>
         <size>0x431</size>
         <input_file_ref idref="fl-6"/>
      </object_component>
      <object_component id="oc-11b">
         <name>.debug_info</name>
         <load_address>0x2343</load_address>
         <run_address>0x2343</run_address>
         <size>0x3be</size>
         <input_file_ref idref="fl-6"/>
      </object_component>
      <object_component id="oc-127">
         <name>.debug_info</name>
         <load_address>0x2701</load_address>
         <run_address>0x2701</run_address>
         <size>0x3b7</size>
         <input_file_ref idref="fl-8"/>
      </object_component>
      <object_component id="oc-13a">
         <name>.debug_info</name>
         <load_address>0x2ab8</load_address>
         <run_address>0x2ab8</run_address>
         <size>0x1cf</size>
         <input_file_ref idref="fl-8"/>
      </object_component>
      <object_component id="oc-1fd">
         <name>.debug_info</name>
         <load_address>0x2c87</load_address>
         <run_address>0x2c87</run_address>
         <size>0x55d</size>
         <input_file_ref idref="fl-b"/>
      </object_component>
      <object_component id="oc-132">
         <name>.debug_info</name>
         <load_address>0x31e4</load_address>
         <run_address>0x31e4</run_address>
         <size>0x643</size>
         <input_file_ref idref="fl-b"/>
      </object_component>
      <object_component id="oc-122">
         <name>.debug_info</name>
         <load_address>0x3827</load_address>
         <run_address>0x3827</run_address>
         <size>0x6a5</size>
         <input_file_ref idref="fl-c"/>
      </object_component>
      <object_component id="oc-11f">
         <name>.debug_info</name>
         <load_address>0x3ecc</load_address>
         <run_address>0x3ecc</run_address>
         <size>0x373</size>
         <input_file_ref idref="fl-c"/>
      </object_component>
      <object_component id="oc-c4">
         <name>.debug_info</name>
         <load_address>0x423f</load_address>
         <run_address>0x423f</run_address>
         <size>0x12bb</size>
         <input_file_ref idref="fl-c"/>
      </object_component>
      <object_component id="oc-1e2">
         <name>.debug_info</name>
         <load_address>0x54fa</load_address>
         <run_address>0x54fa</run_address>
         <size>0x227</size>
         <input_file_ref idref="fl-12"/>
      </object_component>
      <object_component id="oc-25c">
         <name>.debug_info</name>
         <load_address>0x5721</load_address>
         <run_address>0x5721</run_address>
         <size>0x156</size>
         <input_file_ref idref="fl-12"/>
      </object_component>
      <object_component id="oc-12c">
         <name>.debug_info</name>
         <load_address>0x5877</load_address>
         <run_address>0x5877</run_address>
         <size>0x286</size>
         <input_file_ref idref="fl-12"/>
      </object_component>
      <object_component id="oc-262">
         <name>.debug_info</name>
         <load_address>0x5afd</load_address>
         <run_address>0x5afd</run_address>
         <size>0x2dd</size>
         <input_file_ref idref="fl-12"/>
      </object_component>
      <object_component id="oc-1c9">
         <name>.debug_info</name>
         <load_address>0x5dda</load_address>
         <run_address>0x5dda</run_address>
         <size>0x413</size>
         <input_file_ref idref="fl-12"/>
      </object_component>
      <object_component id="oc-21b">
         <name>.debug_info</name>
         <load_address>0x61ed</load_address>
         <run_address>0x61ed</run_address>
         <size>0x2de</size>
         <input_file_ref idref="fl-12"/>
      </object_component>
      <object_component id="oc-140">
         <name>.debug_info</name>
         <load_address>0x64cb</load_address>
         <run_address>0x64cb</run_address>
         <size>0x3e8</size>
         <input_file_ref idref="fl-12"/>
      </object_component>
      <object_component id="oc-1b0">
         <name>.debug_info</name>
         <load_address>0x68b3</load_address>
         <run_address>0x68b3</run_address>
         <size>0x26c</size>
         <input_file_ref idref="fl-12"/>
      </object_component>
      <object_component id="oc-1c2">
         <name>.debug_info</name>
         <load_address>0x6b1f</load_address>
         <run_address>0x6b1f</run_address>
         <size>0x242</size>
         <input_file_ref idref="fl-12"/>
      </object_component>
      <object_component id="oc-1bc">
         <name>.debug_info</name>
         <load_address>0x6d61</load_address>
         <run_address>0x6d61</run_address>
         <size>0x360</size>
         <input_file_ref idref="fl-12"/>
      </object_component>
      <object_component id="oc-1dd">
         <name>.debug_info</name>
         <load_address>0x70c1</load_address>
         <run_address>0x70c1</run_address>
         <size>0x1b3</size>
         <input_file_ref idref="fl-12"/>
      </object_component>
      <object_component id="oc-1d8">
         <name>.debug_info</name>
         <load_address>0x7274</load_address>
         <run_address>0x7274</run_address>
         <size>0x18b</size>
         <input_file_ref idref="fl-12"/>
      </object_component>
      <object_component id="oc-242">
         <name>.debug_info</name>
         <load_address>0x73ff</load_address>
         <run_address>0x73ff</run_address>
         <size>0x240</size>
         <input_file_ref idref="fl-13"/>
      </object_component>
      <object_component id="oc-252">
         <name>.debug_info</name>
         <load_address>0x763f</load_address>
         <run_address>0x763f</run_address>
         <size>0x15b</size>
         <input_file_ref idref="fl-13"/>
      </object_component>
      <object_component id="oc-197">
         <name>.debug_info</name>
         <load_address>0x779a</load_address>
         <run_address>0x779a</run_address>
         <size>0x2a3</size>
         <input_file_ref idref="fl-13"/>
      </object_component>
      <object_component id="oc-247">
         <name>.debug_info</name>
         <load_address>0x7a3d</load_address>
         <run_address>0x7a3d</run_address>
         <size>0x2b3</size>
         <input_file_ref idref="fl-13"/>
      </object_component>
      <object_component id="oc-190">
         <name>.debug_info</name>
         <load_address>0x7cf0</load_address>
         <run_address>0x7cf0</run_address>
         <size>0x316</size>
         <input_file_ref idref="fl-13"/>
      </object_component>
      <object_component id="oc-1e4">
         <name>.debug_info</name>
         <load_address>0x8006</load_address>
         <run_address>0x8006</run_address>
         <size>0x27b</size>
         <input_file_ref idref="fl-13"/>
      </object_component>
      <object_component id="oc-185">
         <name>.debug_info</name>
         <load_address>0x8281</load_address>
         <run_address>0x8281</run_address>
         <size>0x2b7</size>
         <input_file_ref idref="fl-13"/>
      </object_component>
      <object_component id="oc-18c">
         <name>.debug_info</name>
         <load_address>0x8538</load_address>
         <run_address>0x8538</run_address>
         <size>0x285</size>
         <input_file_ref idref="fl-13"/>
      </object_component>
      <object_component id="oc-1ac">
         <name>.debug_info</name>
         <load_address>0x87bd</load_address>
         <run_address>0x87bd</run_address>
         <size>0x279</size>
         <input_file_ref idref="fl-13"/>
      </object_component>
      <object_component id="oc-174">
         <name>.debug_info</name>
         <load_address>0x8a36</load_address>
         <run_address>0x8a36</run_address>
         <size>0x27b</size>
         <input_file_ref idref="fl-13"/>
      </object_component>
      <object_component id="oc-1a6">
         <name>.debug_info</name>
         <load_address>0x8cb1</load_address>
         <run_address>0x8cb1</run_address>
         <size>0x280</size>
         <input_file_ref idref="fl-13"/>
      </object_component>
      <object_component id="oc-2ad">
         <name>.debug_info</name>
         <load_address>0x8f31</load_address>
         <run_address>0x8f31</run_address>
         <size>0x20e</size>
         <input_file_ref idref="fl-14"/>
      </object_component>
      <object_component id="oc-2aa">
         <name>.debug_info</name>
         <load_address>0x913f</load_address>
         <run_address>0x913f</run_address>
         <size>0x157</size>
         <input_file_ref idref="fl-14"/>
      </object_component>
      <object_component id="oc-27d">
         <name>.debug_info</name>
         <load_address>0x9296</load_address>
         <run_address>0x9296</run_address>
         <size>0x2c1</size>
         <input_file_ref idref="fl-14"/>
      </object_component>
      <object_component id="oc-244">
         <name>.debug_info</name>
         <load_address>0x9557</load_address>
         <run_address>0x9557</run_address>
         <size>0x298</size>
         <input_file_ref idref="fl-16"/>
      </object_component>
      <object_component id="oc-258">
         <name>.debug_info</name>
         <load_address>0x97ef</load_address>
         <run_address>0x97ef</run_address>
         <size>0x14d</size>
         <input_file_ref idref="fl-16"/>
      </object_component>
      <object_component id="oc-19f">
         <name>.debug_info</name>
         <load_address>0x993c</load_address>
         <run_address>0x993c</run_address>
         <size>0x27f</size>
         <input_file_ref idref="fl-16"/>
      </object_component>
      <object_component id="oc-179">
         <name>.debug_info</name>
         <load_address>0x9bbb</load_address>
         <run_address>0x9bbb</run_address>
         <size>0x27d</size>
         <input_file_ref idref="fl-16"/>
      </object_component>
      <object_component id="oc-17e">
         <name>.debug_info</name>
         <load_address>0x9e38</load_address>
         <run_address>0x9e38</run_address>
         <size>0x2db</size>
         <input_file_ref idref="fl-16"/>
      </object_component>
      <object_component id="oc-1b6">
         <name>.debug_info</name>
         <load_address>0xa113</load_address>
         <run_address>0xa113</run_address>
         <size>0x2b5</size>
         <input_file_ref idref="fl-16"/>
      </object_component>
      <object_component id="oc-297">
         <name>.debug_info</name>
         <load_address>0xa3c8</load_address>
         <run_address>0xa3c8</run_address>
         <size>0x5f</size>
         <input_file_ref idref="fl-16"/>
      </object_component>
      <object_component id="oc-279">
         <name>.debug_info</name>
         <load_address>0xa427</load_address>
         <run_address>0xa427</run_address>
         <size>0x19d</size>
         <input_file_ref idref="fl-17"/>
      </object_component>
      <object_component id="oc-202">
         <name>.debug_info</name>
         <load_address>0xa5c4</load_address>
         <run_address>0xa5c4</run_address>
         <size>0x261</size>
         <input_file_ref idref="fl-17"/>
      </object_component>
      <object_component id="oc-207">
         <name>.debug_info</name>
         <load_address>0xa825</load_address>
         <run_address>0xa825</run_address>
         <size>0x277</size>
         <input_file_ref idref="fl-17"/>
      </object_component>
      <object_component id="oc-20d">
         <name>.debug_info</name>
         <load_address>0xaa9c</load_address>
         <run_address>0xaa9c</run_address>
         <size>0x227</size>
         <input_file_ref idref="fl-17"/>
      </object_component>
      <object_component id="oc-214">
         <name>.debug_info</name>
         <load_address>0xacc3</load_address>
         <run_address>0xacc3</run_address>
         <size>0x221</size>
         <input_file_ref idref="fl-17"/>
      </object_component>
      <object_component id="oc-273">
         <name>.debug_info</name>
         <load_address>0xaee4</load_address>
         <run_address>0xaee4</run_address>
         <size>0x227</size>
         <input_file_ref idref="fl-19"/>
      </object_component>
      <object_component id="oc-1f1">
         <name>.debug_info</name>
         <load_address>0xb10b</load_address>
         <run_address>0xb10b</run_address>
         <size>0x247</size>
         <input_file_ref idref="fl-19"/>
      </object_component>
      <object_component id="oc-26e">
         <name>.debug_info</name>
         <load_address>0xb352</load_address>
         <run_address>0xb352</run_address>
         <size>0x249</size>
         <input_file_ref idref="fl-19"/>
      </object_component>
      <object_component id="oc-1eb">
         <name>.debug_info</name>
         <load_address>0xb59b</load_address>
         <run_address>0xb59b</run_address>
         <size>0x326</size>
         <input_file_ref idref="fl-19"/>
      </object_component>
      <object_component id="oc-1f9">
         <name>.debug_info</name>
         <load_address>0xb8c1</load_address>
         <run_address>0xb8c1</run_address>
         <size>0x273</size>
         <input_file_ref idref="fl-19"/>
      </object_component>
      <object_component id="oc-8e">
         <name>.debug_info</name>
         <load_address>0xbb34</load_address>
         <run_address>0xbb34</run_address>
         <size>0x2d4</size>
         <input_file_ref idref="fl-d0"/>
      </object_component>
      <object_component id="oc-4f">
         <name>.debug_info</name>
         <load_address>0xbe08</load_address>
         <run_address>0xbe08</run_address>
         <size>0x1b5</size>
         <input_file_ref idref="fl-d0"/>
      </object_component>
      <object_component id="oc-89">
         <name>.debug_info</name>
         <load_address>0xbfbd</load_address>
         <run_address>0xbfbd</run_address>
         <size>0x46</size>
         <input_file_ref idref="fl-d0"/>
      </object_component>
      <object_component id="oc-b9">
         <name>.debug_info</name>
         <load_address>0xc003</load_address>
         <run_address>0xc003</run_address>
         <size>0x2c</size>
         <input_file_ref idref="fl-d0"/>
      </object_component>
      <object_component id="oc-46">
         <name>.debug_info</name>
         <load_address>0xc02f</load_address>
         <run_address>0xc02f</run_address>
         <size>0x2a8</size>
         <input_file_ref idref="fl-d1"/>
      </object_component>
      <object_component id="oc-1d">
         <name>.debug_info</name>
         <load_address>0xc2d7</load_address>
         <run_address>0xc2d7</run_address>
         <size>0x1ea</size>
         <input_file_ref idref="fl-d1"/>
      </object_component>
      <object_component id="oc-41">
         <name>.debug_info</name>
         <load_address>0xc4c1</load_address>
         <run_address>0xc4c1</run_address>
         <size>0x46</size>
         <input_file_ref idref="fl-d1"/>
      </object_component>
      <object_component id="oc-81">
         <name>.debug_info</name>
         <load_address>0xc507</load_address>
         <run_address>0xc507</run_address>
         <size>0x2c</size>
         <input_file_ref idref="fl-d1"/>
      </object_component>
      <object_component id="oc-7f">
         <name>.debug_info</name>
         <load_address>0xc533</load_address>
         <run_address>0xc533</run_address>
         <size>0x29e</size>
         <input_file_ref idref="fl-d2"/>
      </object_component>
      <object_component id="oc-16">
         <name>.debug_info</name>
         <load_address>0xc7d1</load_address>
         <run_address>0xc7d1</run_address>
         <size>0x250</size>
         <input_file_ref idref="fl-d2"/>
      </object_component>
      <object_component id="oc-31">
         <name>.debug_info</name>
         <load_address>0xca21</load_address>
         <run_address>0xca21</run_address>
         <size>0x60</size>
         <input_file_ref idref="fl-d2"/>
      </object_component>
      <object_component id="oc-b2">
         <name>.debug_info</name>
         <load_address>0xca81</load_address>
         <run_address>0xca81</run_address>
         <size>0x46</size>
         <input_file_ref idref="fl-d2"/>
      </object_component>
      <object_component id="oc-7a">
         <name>.debug_info</name>
         <load_address>0xcac7</load_address>
         <run_address>0xcac7</run_address>
         <size>0x39</size>
         <input_file_ref idref="fl-d2"/>
      </object_component>
      <object_component id="oc-25">
         <name>.debug_info</name>
         <load_address>0xcb00</load_address>
         <run_address>0xcb00</run_address>
         <size>0x10b</size>
         <input_file_ref idref="fl-d3"/>
      </object_component>
      <object_component id="oc-5b">
         <name>.debug_info</name>
         <load_address>0xcc0b</load_address>
         <run_address>0xcc0b</run_address>
         <size>0x1a9</size>
         <input_file_ref idref="fl-d3"/>
      </object_component>
      <object_component id="oc-3c">
         <name>.debug_info</name>
         <load_address>0xcdb4</load_address>
         <run_address>0xcdb4</run_address>
         <size>0x119</size>
         <input_file_ref idref="fl-d4"/>
      </object_component>
      <object_component id="oc-91">
         <name>.debug_info</name>
         <load_address>0xcecd</load_address>
         <run_address>0xcecd</run_address>
         <size>0x147</size>
         <input_file_ref idref="fl-d5"/>
      </object_component>
      <object_component id="oc-15c">
         <name>.debug_info</name>
         <load_address>0xd014</load_address>
         <run_address>0xd014</run_address>
         <size>0x4b3</size>
         <input_file_ref idref="fl-d6"/>
      </object_component>
      <object_component id="oc-dc">
         <name>.debug_info</name>
         <load_address>0xd4c7</load_address>
         <run_address>0xd4c7</run_address>
         <size>0x1a6</size>
         <input_file_ref idref="fl-d6"/>
      </object_component>
      <object_component id="oc-230">
         <name>.debug_info</name>
         <load_address>0xd66d</load_address>
         <run_address>0xd66d</run_address>
         <size>0x39</size>
         <input_file_ref idref="fl-d6"/>
      </object_component>
      <object_component id="oc-287">
         <name>.debug_info</name>
         <load_address>0xd6a6</load_address>
         <run_address>0xd6a6</run_address>
         <size>0x39</size>
         <input_file_ref idref="fl-d6"/>
      </object_component>
      <object_component id="oc-235">
         <name>.debug_info</name>
         <load_address>0xd6df</load_address>
         <run_address>0xd6df</run_address>
         <size>0x39</size>
         <input_file_ref idref="fl-d6"/>
      </object_component>
      <object_component id="oc-23a">
         <name>.debug_info</name>
         <load_address>0xd718</load_address>
         <run_address>0xd718</run_address>
         <size>0xcd</size>
         <input_file_ref idref="fl-d6"/>
      </object_component>
      <object_component id="oc-96">
         <name>.debug_info</name>
         <load_address>0xd7e5</load_address>
         <run_address>0xd7e5</run_address>
         <size>0x153</size>
         <input_file_ref idref="fl-d7"/>
      </object_component>
      <object_component id="oc-d0">
         <name>.debug_info</name>
         <load_address>0xd938</load_address>
         <run_address>0xd938</run_address>
         <size>0x122</size>
         <input_file_ref idref="fl-d9"/>
      </object_component>
      <object_component id="oc-2e2">
         <name>.debug_info</name>
         <load_address>0xda5a</load_address>
         <run_address>0xda5a</run_address>
         <size>0x96</size>
      </object_component>
      <object_component id="oc-6f">
         <name>.debug_line</name>
         <load_address>0x0</load_address>
         <run_address>0x0</run_address>
         <size>0x41</size>
         <input_file_ref idref="fl-2"/>
      </object_component>
      <object_component id="oc-2e">
         <name>.debug_line</name>
         <load_address>0x41</load_address>
         <run_address>0x41</run_address>
         <size>0x41</size>
         <input_file_ref idref="fl-2"/>
      </object_component>
      <object_component id="oc-28">
         <name>.debug_line</name>
         <load_address>0x82</load_address>
         <run_address>0x82</run_address>
         <size>0xbc</size>
         <input_file_ref idref="fl-2"/>
      </object_component>
      <object_component id="oc-73">
         <name>.debug_line</name>
         <load_address>0x13e</load_address>
         <run_address>0x13e</run_address>
         <size>0x67</size>
         <input_file_ref idref="fl-2"/>
      </object_component>
      <object_component id="oc-39">
         <name>.debug_line</name>
         <load_address>0x1a5</load_address>
         <run_address>0x1a5</run_address>
         <size>0x20</size>
         <input_file_ref idref="fl-2"/>
      </object_component>
      <object_component id="oc-b0">
         <name>.debug_line</name>
         <load_address>0x1c5</load_address>
         <run_address>0x1c5</run_address>
         <size>0x6b</size>
         <input_file_ref idref="fl-2"/>
      </object_component>
      <object_component id="oc-78">
         <name>.debug_line</name>
         <load_address>0x230</load_address>
         <run_address>0x230</run_address>
         <size>0x68</size>
         <input_file_ref idref="fl-2"/>
      </object_component>
      <object_component id="oc-1d4">
         <name>.debug_line</name>
         <load_address>0x298</load_address>
         <run_address>0x298</run_address>
         <size>0x181</size>
         <input_file_ref idref="fl-3"/>
      </object_component>
      <object_component id="oc-9d">
         <name>.debug_line</name>
         <load_address>0x419</load_address>
         <run_address>0x419</run_address>
         <size>0x49</size>
         <input_file_ref idref="fl-3"/>
      </object_component>
      <object_component id="oc-14a">
         <name>.debug_line</name>
         <load_address>0x462</load_address>
         <run_address>0x462</run_address>
         <size>0x54</size>
         <input_file_ref idref="fl-3"/>
      </object_component>
      <object_component id="oc-14f">
         <name>.debug_line</name>
         <load_address>0x4b6</load_address>
         <run_address>0x4b6</run_address>
         <size>0x55</size>
         <input_file_ref idref="fl-3"/>
      </object_component>
      <object_component id="oc-cc">
         <name>.debug_line</name>
         <load_address>0x50b</load_address>
         <run_address>0x50b</run_address>
         <size>0x20</size>
         <input_file_ref idref="fl-3"/>
      </object_component>
      <object_component id="oc-110">
         <name>.debug_line</name>
         <load_address>0x52b</load_address>
         <run_address>0x52b</run_address>
         <size>0xd3</size>
         <input_file_ref idref="fl-4"/>
      </object_component>
      <object_component id="oc-116">
         <name>.debug_line</name>
         <load_address>0x5fe</load_address>
         <run_address>0x5fe</run_address>
         <size>0x187</size>
         <input_file_ref idref="fl-5"/>
      </object_component>
      <object_component id="oc-268">
         <name>.debug_line</name>
         <load_address>0x785</load_address>
         <run_address>0x785</run_address>
         <size>0xc3</size>
         <input_file_ref idref="fl-6"/>
      </object_component>
      <object_component id="oc-11d">
         <name>.debug_line</name>
         <load_address>0x848</load_address>
         <run_address>0x848</run_address>
         <size>0x9a</size>
         <input_file_ref idref="fl-6"/>
      </object_component>
      <object_component id="oc-1d6">
         <name>.debug_line</name>
         <load_address>0x8e2</load_address>
         <run_address>0x8e2</run_address>
         <size>0xc0</size>
         <input_file_ref idref="fl-8"/>
      </object_component>
      <object_component id="oc-138">
         <name>.debug_line</name>
         <load_address>0x9a2</load_address>
         <run_address>0x9a2</run_address>
         <size>0x69</size>
         <input_file_ref idref="fl-8"/>
      </object_component>
      <object_component id="oc-277">
         <name>.debug_line</name>
         <load_address>0xa0b</load_address>
         <run_address>0xa0b</run_address>
         <size>0xfa</size>
         <input_file_ref idref="fl-b"/>
      </object_component>
      <object_component id="oc-135">
         <name>.debug_line</name>
         <load_address>0xb05</load_address>
         <run_address>0xb05</run_address>
         <size>0x123</size>
         <input_file_ref idref="fl-b"/>
      </object_component>
      <object_component id="oc-1d2">
         <name>.debug_line</name>
         <load_address>0xc28</load_address>
         <run_address>0xc28</run_address>
         <size>0x242</size>
         <input_file_ref idref="fl-c"/>
      </object_component>
      <object_component id="oc-1d0">
         <name>.debug_line</name>
         <load_address>0xe6a</load_address>
         <run_address>0xe6a</run_address>
         <size>0x35</size>
         <input_file_ref idref="fl-c"/>
      </object_component>
      <object_component id="oc-c6">
         <name>.debug_line</name>
         <load_address>0xe9f</load_address>
         <run_address>0xe9f</run_address>
         <size>0x426</size>
         <input_file_ref idref="fl-c"/>
      </object_component>
      <object_component id="oc-26a">
         <name>.debug_line</name>
         <load_address>0x12c5</load_address>
         <run_address>0x12c5</run_address>
         <size>0x82</size>
         <input_file_ref idref="fl-12"/>
      </object_component>
      <object_component id="oc-2a2">
         <name>.debug_line</name>
         <load_address>0x1347</load_address>
         <run_address>0x1347</run_address>
         <size>0x7c</size>
         <input_file_ref idref="fl-12"/>
      </object_component>
      <object_component id="oc-12b">
         <name>.debug_line</name>
         <load_address>0x13c3</load_address>
         <run_address>0x13c3</run_address>
         <size>0xb2</size>
         <input_file_ref idref="fl-12"/>
      </object_component>
      <object_component id="oc-261">
         <name>.debug_line</name>
         <load_address>0x1475</load_address>
         <run_address>0x1475</run_address>
         <size>0xa2</size>
         <input_file_ref idref="fl-12"/>
      </object_component>
      <object_component id="oc-1c8">
         <name>.debug_line</name>
         <load_address>0x1517</load_address>
         <run_address>0x1517</run_address>
         <size>0x131</size>
         <input_file_ref idref="fl-12"/>
      </object_component>
      <object_component id="oc-21a">
         <name>.debug_line</name>
         <load_address>0x1648</load_address>
         <run_address>0x1648</run_address>
         <size>0xa5</size>
         <input_file_ref idref="fl-12"/>
      </object_component>
      <object_component id="oc-143">
         <name>.debug_line</name>
         <load_address>0x16ed</load_address>
         <run_address>0x16ed</run_address>
         <size>0x10e</size>
         <input_file_ref idref="fl-12"/>
      </object_component>
      <object_component id="oc-1b3">
         <name>.debug_line</name>
         <load_address>0x17fb</load_address>
         <run_address>0x17fb</run_address>
         <size>0xa9</size>
         <input_file_ref idref="fl-12"/>
      </object_component>
      <object_component id="oc-1c5">
         <name>.debug_line</name>
         <load_address>0x18a4</load_address>
         <run_address>0x18a4</run_address>
         <size>0x91</size>
         <input_file_ref idref="fl-12"/>
      </object_component>
      <object_component id="oc-1bf">
         <name>.debug_line</name>
         <load_address>0x1935</load_address>
         <run_address>0x1935</run_address>
         <size>0xd0</size>
         <input_file_ref idref="fl-12"/>
      </object_component>
      <object_component id="oc-1e0">
         <name>.debug_line</name>
         <load_address>0x1a05</load_address>
         <run_address>0x1a05</run_address>
         <size>0x7c</size>
         <input_file_ref idref="fl-12"/>
      </object_component>
      <object_component id="oc-1db">
         <name>.debug_line</name>
         <load_address>0x1a81</load_address>
         <run_address>0x1a81</run_address>
         <size>0x69</size>
         <input_file_ref idref="fl-12"/>
      </object_component>
      <object_component id="oc-294">
         <name>.debug_line</name>
         <load_address>0x1aea</load_address>
         <run_address>0x1aea</run_address>
         <size>0x82</size>
         <input_file_ref idref="fl-13"/>
      </object_component>
      <object_component id="oc-29e">
         <name>.debug_line</name>
         <load_address>0x1b6c</load_address>
         <run_address>0x1b6c</run_address>
         <size>0x7d</size>
         <input_file_ref idref="fl-13"/>
      </object_component>
      <object_component id="oc-19b">
         <name>.debug_line</name>
         <load_address>0x1be9</load_address>
         <run_address>0x1be9</run_address>
         <size>0x92</size>
         <input_file_ref idref="fl-13"/>
      </object_component>
      <object_component id="oc-24b">
         <name>.debug_line</name>
         <load_address>0x1c7b</load_address>
         <run_address>0x1c7b</run_address>
         <size>0x95</size>
         <input_file_ref idref="fl-13"/>
      </object_component>
      <object_component id="oc-194">
         <name>.debug_line</name>
         <load_address>0x1d10</load_address>
         <run_address>0x1d10</run_address>
         <size>0xd1</size>
         <input_file_ref idref="fl-13"/>
      </object_component>
      <object_component id="oc-1e8">
         <name>.debug_line</name>
         <load_address>0x1de1</load_address>
         <run_address>0x1de1</run_address>
         <size>0x93</size>
         <input_file_ref idref="fl-13"/>
      </object_component>
      <object_component id="oc-188">
         <name>.debug_line</name>
         <load_address>0x1e74</load_address>
         <run_address>0x1e74</run_address>
         <size>0x99</size>
         <input_file_ref idref="fl-13"/>
      </object_component>
      <object_component id="oc-18b">
         <name>.debug_line</name>
         <load_address>0x1f0d</load_address>
         <run_address>0x1f0d</run_address>
         <size>0x93</size>
         <input_file_ref idref="fl-13"/>
      </object_component>
      <object_component id="oc-1ab">
         <name>.debug_line</name>
         <load_address>0x1fa0</load_address>
         <run_address>0x1fa0</run_address>
         <size>0x93</size>
         <input_file_ref idref="fl-13"/>
      </object_component>
      <object_component id="oc-173">
         <name>.debug_line</name>
         <load_address>0x2033</load_address>
         <run_address>0x2033</run_address>
         <size>0x92</size>
         <input_file_ref idref="fl-13"/>
      </object_component>
      <object_component id="oc-1a4">
         <name>.debug_line</name>
         <load_address>0x20c5</load_address>
         <run_address>0x20c5</run_address>
         <size>0xa7</size>
         <input_file_ref idref="fl-13"/>
      </object_component>
      <object_component id="oc-2b1">
         <name>.debug_line</name>
         <load_address>0x216c</load_address>
         <run_address>0x216c</run_address>
         <size>0x7c</size>
         <input_file_ref idref="fl-14"/>
      </object_component>
      <object_component id="oc-2af">
         <name>.debug_line</name>
         <load_address>0x21e8</load_address>
         <run_address>0x21e8</run_address>
         <size>0x82</size>
         <input_file_ref idref="fl-14"/>
      </object_component>
      <object_component id="oc-27c">
         <name>.debug_line</name>
         <load_address>0x226a</load_address>
         <run_address>0x226a</run_address>
         <size>0xaf</size>
         <input_file_ref idref="fl-14"/>
      </object_component>
      <object_component id="oc-296">
         <name>.debug_line</name>
         <load_address>0x2319</load_address>
         <run_address>0x2319</run_address>
         <size>0x13d</size>
         <input_file_ref idref="fl-16"/>
      </object_component>
      <object_component id="oc-2a0">
         <name>.debug_line</name>
         <load_address>0x2456</load_address>
         <run_address>0x2456</run_address>
         <size>0x7f</size>
         <input_file_ref idref="fl-16"/>
      </object_component>
      <object_component id="oc-1a2">
         <name>.debug_line</name>
         <load_address>0x24d5</load_address>
         <run_address>0x24d5</run_address>
         <size>0x94</size>
         <input_file_ref idref="fl-16"/>
      </object_component>
      <object_component id="oc-17c">
         <name>.debug_line</name>
         <load_address>0x2569</load_address>
         <run_address>0x2569</run_address>
         <size>0x94</size>
         <input_file_ref idref="fl-16"/>
      </object_component>
      <object_component id="oc-181">
         <name>.debug_line</name>
         <load_address>0x25fd</load_address>
         <run_address>0x25fd</run_address>
         <size>0xee</size>
         <input_file_ref idref="fl-16"/>
      </object_component>
      <object_component id="oc-1b9">
         <name>.debug_line</name>
         <load_address>0x26eb</load_address>
         <run_address>0x26eb</run_address>
         <size>0x11a</size>
         <input_file_ref idref="fl-16"/>
      </object_component>
      <object_component id="oc-29a">
         <name>.debug_line</name>
         <load_address>0x2805</load_address>
         <run_address>0x2805</run_address>
         <size>0x7f</size>
         <input_file_ref idref="fl-16"/>
      </object_component>
      <object_component id="oc-2a8">
         <name>.debug_line</name>
         <load_address>0x2884</load_address>
         <run_address>0x2884</run_address>
         <size>0x82</size>
         <input_file_ref idref="fl-17"/>
      </object_component>
      <object_component id="oc-201">
         <name>.debug_line</name>
         <load_address>0x2906</load_address>
         <run_address>0x2906</run_address>
         <size>0x95</size>
         <input_file_ref idref="fl-17"/>
      </object_component>
      <object_component id="oc-20a">
         <name>.debug_line</name>
         <load_address>0x299b</load_address>
         <run_address>0x299b</run_address>
         <size>0x96</size>
         <input_file_ref idref="fl-17"/>
      </object_component>
      <object_component id="oc-210">
         <name>.debug_line</name>
         <load_address>0x2a31</load_address>
         <run_address>0x2a31</run_address>
         <size>0x95</size>
         <input_file_ref idref="fl-17"/>
      </object_component>
      <object_component id="oc-213">
         <name>.debug_line</name>
         <load_address>0x2ac6</load_address>
         <run_address>0x2ac6</run_address>
         <size>0x92</size>
         <input_file_ref idref="fl-17"/>
      </object_component>
      <object_component id="oc-2a6">
         <name>.debug_line</name>
         <load_address>0x2b58</load_address>
         <run_address>0x2b58</run_address>
         <size>0x82</size>
         <input_file_ref idref="fl-19"/>
      </object_component>
      <object_component id="oc-1f3">
         <name>.debug_line</name>
         <load_address>0x2bda</load_address>
         <run_address>0x2bda</run_address>
         <size>0x93</size>
         <input_file_ref idref="fl-19"/>
      </object_component>
      <object_component id="oc-270">
         <name>.debug_line</name>
         <load_address>0x2c6d</load_address>
         <run_address>0x2c6d</run_address>
         <size>0x96</size>
         <input_file_ref idref="fl-19"/>
      </object_component>
      <object_component id="oc-1ed">
         <name>.debug_line</name>
         <load_address>0x2d03</load_address>
         <run_address>0x2d03</run_address>
         <size>0xb3</size>
         <input_file_ref idref="fl-19"/>
      </object_component>
      <object_component id="oc-1f8">
         <name>.debug_line</name>
         <load_address>0x2db6</load_address>
         <run_address>0x2db6</run_address>
         <size>0x93</size>
         <input_file_ref idref="fl-19"/>
      </object_component>
      <object_component id="oc-bf">
         <name>.debug_line</name>
         <load_address>0x2e49</load_address>
         <run_address>0x2e49</run_address>
         <size>0x92</size>
         <input_file_ref idref="fl-d0"/>
      </object_component>
      <object_component id="oc-4e">
         <name>.debug_line</name>
         <load_address>0x2edb</load_address>
         <run_address>0x2edb</run_address>
         <size>0x53</size>
         <input_file_ref idref="fl-d0"/>
      </object_component>
      <object_component id="oc-8c">
         <name>.debug_line</name>
         <load_address>0x2f2e</load_address>
         <run_address>0x2f2e</run_address>
         <size>0x34</size>
         <input_file_ref idref="fl-d0"/>
      </object_component>
      <object_component id="oc-bc">
         <name>.debug_line</name>
         <load_address>0x2f62</load_address>
         <run_address>0x2f62</run_address>
         <size>0x92</size>
         <input_file_ref idref="fl-d0"/>
      </object_component>
      <object_component id="oc-87">
         <name>.debug_line</name>
         <load_address>0x2ff4</load_address>
         <run_address>0x2ff4</run_address>
         <size>0x20</size>
         <input_file_ref idref="fl-d1"/>
      </object_component>
      <object_component id="oc-20">
         <name>.debug_line</name>
         <load_address>0x3014</load_address>
         <run_address>0x3014</run_address>
         <size>0x55</size>
         <input_file_ref idref="fl-d1"/>
      </object_component>
      <object_component id="oc-44">
         <name>.debug_line</name>
         <load_address>0x3069</load_address>
         <run_address>0x3069</run_address>
         <size>0x3a</size>
         <input_file_ref idref="fl-d1"/>
      </object_component>
      <object_component id="oc-84">
         <name>.debug_line</name>
         <load_address>0x30a3</load_address>
         <run_address>0x30a3</run_address>
         <size>0x92</size>
         <input_file_ref idref="fl-d1"/>
      </object_component>
      <object_component id="oc-b8">
         <name>.debug_line</name>
         <load_address>0x3135</load_address>
         <run_address>0x3135</run_address>
         <size>0x20</size>
         <input_file_ref idref="fl-d2"/>
      </object_component>
      <object_component id="oc-1a">
         <name>.debug_line</name>
         <load_address>0x3155</load_address>
         <run_address>0x3155</run_address>
         <size>0xa9</size>
         <input_file_ref idref="fl-d2"/>
      </object_component>
      <object_component id="oc-34">
         <name>.debug_line</name>
         <load_address>0x31fe</load_address>
         <run_address>0x31fe</run_address>
         <size>0x3a</size>
         <input_file_ref idref="fl-d2"/>
      </object_component>
      <object_component id="oc-b5">
         <name>.debug_line</name>
         <load_address>0x3238</load_address>
         <run_address>0x3238</run_address>
         <size>0x9a</size>
         <input_file_ref idref="fl-d2"/>
      </object_component>
      <object_component id="oc-7d">
         <name>.debug_line</name>
         <load_address>0x32d2</load_address>
         <run_address>0x32d2</run_address>
         <size>0x96</size>
         <input_file_ref idref="fl-d2"/>
      </object_component>
      <object_component id="oc-6c">
         <name>.debug_line</name>
         <load_address>0x3368</load_address>
         <run_address>0x3368</run_address>
         <size>0x33</size>
         <input_file_ref idref="fl-d3"/>
      </object_component>
      <object_component id="oc-5a">
         <name>.debug_line</name>
         <load_address>0x339b</load_address>
         <run_address>0x339b</run_address>
         <size>0x45</size>
         <input_file_ref idref="fl-d3"/>
      </object_component>
      <object_component id="oc-3f">
         <name>.debug_line</name>
         <load_address>0x33e0</load_address>
         <run_address>0x33e0</run_address>
         <size>0x88</size>
         <input_file_ref idref="fl-d4"/>
      </object_component>
      <object_component id="oc-93">
         <name>.debug_line</name>
         <load_address>0x3468</load_address>
         <run_address>0x3468</run_address>
         <size>0x79</size>
         <input_file_ref idref="fl-d5"/>
      </object_component>
      <object_component id="oc-22f">
         <name>.debug_line</name>
         <load_address>0x34e1</load_address>
         <run_address>0x34e1</run_address>
         <size>0xbf</size>
         <input_file_ref idref="fl-d6"/>
      </object_component>
      <object_component id="oc-db">
         <name>.debug_line</name>
         <load_address>0x35a0</load_address>
         <run_address>0x35a0</run_address>
         <size>0x6f</size>
         <input_file_ref idref="fl-d6"/>
      </object_component>
      <object_component id="oc-233">
         <name>.debug_line</name>
         <load_address>0x360f</load_address>
         <run_address>0x360f</run_address>
         <size>0x2e</size>
         <input_file_ref idref="fl-d6"/>
      </object_component>
      <object_component id="oc-28a">
         <name>.debug_line</name>
         <load_address>0x363d</load_address>
         <run_address>0x363d</run_address>
         <size>0x9a</size>
         <input_file_ref idref="fl-d6"/>
      </object_component>
      <object_component id="oc-238">
         <name>.debug_line</name>
         <load_address>0x36d7</load_address>
         <run_address>0x36d7</run_address>
         <size>0x97</size>
         <input_file_ref idref="fl-d6"/>
      </object_component>
      <object_component id="oc-23d">
         <name>.debug_line</name>
         <load_address>0x376e</load_address>
         <run_address>0x376e</run_address>
         <size>0x93</size>
         <input_file_ref idref="fl-d6"/>
      </object_component>
      <object_component id="oc-99">
         <name>.debug_line</name>
         <load_address>0x3801</load_address>
         <run_address>0x3801</run_address>
         <size>0x40</size>
         <input_file_ref idref="fl-d7"/>
      </object_component>
      <object_component id="oc-cf">
         <name>.debug_line</name>
         <load_address>0x3841</load_address>
         <run_address>0x3841</run_address>
         <size>0x3c</size>
         <input_file_ref idref="fl-d9"/>
      </object_component>
      <object_component id="oc-29">
         <name>.debug_frame</name>
         <load_address>0x0</load_address>
         <run_address>0x0</run_address>
         <size>0xa8</size>
         <input_file_ref idref="fl-2"/>
      </object_component>
      <object_component id="oc-9c">
         <name>.debug_frame</name>
         <load_address>0xa8</load_address>
         <run_address>0xa8</run_address>
         <size>0x58</size>
         <input_file_ref idref="fl-3"/>
      </object_component>
      <object_component id="oc-111">
         <name>.debug_frame</name>
         <load_address>0x100</load_address>
         <run_address>0x100</run_address>
         <size>0xbc</size>
         <input_file_ref idref="fl-4"/>
      </object_component>
      <object_component id="oc-117">
         <name>.debug_frame</name>
         <load_address>0x1bc</load_address>
         <run_address>0x1bc</run_address>
         <size>0x148</size>
         <input_file_ref idref="fl-5"/>
      </object_component>
      <object_component id="oc-119">
         <name>.debug_frame</name>
         <load_address>0x304</load_address>
         <run_address>0x304</run_address>
         <size>0x90</size>
         <input_file_ref idref="fl-6"/>
      </object_component>
      <object_component id="oc-139">
         <name>.debug_frame</name>
         <load_address>0x394</load_address>
         <run_address>0x394</run_address>
         <size>0x58</size>
         <input_file_ref idref="fl-8"/>
      </object_component>
      <object_component id="oc-131">
         <name>.debug_frame</name>
         <load_address>0x3ec</load_address>
         <run_address>0x3ec</run_address>
         <size>0xc4</size>
         <input_file_ref idref="fl-b"/>
      </object_component>
      <object_component id="oc-c7">
         <name>.debug_frame</name>
         <load_address>0x4b0</load_address>
         <run_address>0x4b0</run_address>
         <size>0x28c</size>
         <input_file_ref idref="fl-c"/>
      </object_component>
      <object_component id="oc-12f">
         <name>.debug_frame</name>
         <load_address>0x998</load_address>
         <run_address>0x998</run_address>
         <size>0x7f</size>
         <input_file_ref idref="fl-12"/>
      </object_component>
      <object_component id="oc-265">
         <name>.debug_frame</name>
         <load_address>0xa17</load_address>
         <run_address>0xa17</run_address>
         <size>0x8a</size>
         <input_file_ref idref="fl-12"/>
      </object_component>
      <object_component id="oc-1cc">
         <name>.debug_frame</name>
         <load_address>0xaa1</load_address>
         <run_address>0xaa1</run_address>
         <size>0x97</size>
         <input_file_ref idref="fl-12"/>
      </object_component>
      <object_component id="oc-21e">
         <name>.debug_frame</name>
         <load_address>0xb38</load_address>
         <run_address>0xb38</run_address>
         <size>0x8a</size>
         <input_file_ref idref="fl-12"/>
      </object_component>
      <object_component id="oc-144">
         <name>.debug_frame</name>
         <load_address>0xbc2</load_address>
         <run_address>0xbc2</run_address>
         <size>0x93</size>
         <input_file_ref idref="fl-12"/>
      </object_component>
      <object_component id="oc-1b4">
         <name>.debug_frame</name>
         <load_address>0xc55</load_address>
         <run_address>0xc55</run_address>
         <size>0x7f</size>
         <input_file_ref idref="fl-12"/>
      </object_component>
      <object_component id="oc-1c6">
         <name>.debug_frame</name>
         <load_address>0xcd4</load_address>
         <run_address>0xcd4</run_address>
         <size>0x7f</size>
         <input_file_ref idref="fl-12"/>
      </object_component>
      <object_component id="oc-1c0">
         <name>.debug_frame</name>
         <load_address>0xd53</load_address>
         <run_address>0xd53</run_address>
         <size>0x8e</size>
         <input_file_ref idref="fl-12"/>
      </object_component>
      <object_component id="oc-19a">
         <name>.debug_frame</name>
         <load_address>0xde1</load_address>
         <run_address>0xde1</run_address>
         <size>0x7f</size>
         <input_file_ref idref="fl-13"/>
      </object_component>
      <object_component id="oc-24a">
         <name>.debug_frame</name>
         <load_address>0xe60</load_address>
         <run_address>0xe60</run_address>
         <size>0x7f</size>
         <input_file_ref idref="fl-13"/>
      </object_component>
      <object_component id="oc-193">
         <name>.debug_frame</name>
         <load_address>0xedf</load_address>
         <run_address>0xedf</run_address>
         <size>0x8f</size>
         <input_file_ref idref="fl-13"/>
      </object_component>
      <object_component id="oc-1e7">
         <name>.debug_frame</name>
         <load_address>0xf6e</load_address>
         <run_address>0xf6e</run_address>
         <size>0x86</size>
         <input_file_ref idref="fl-13"/>
      </object_component>
      <object_component id="oc-184">
         <name>.debug_frame</name>
         <load_address>0xff4</load_address>
         <run_address>0xff4</run_address>
         <size>0x8a</size>
         <input_file_ref idref="fl-13"/>
      </object_component>
      <object_component id="oc-18a">
         <name>.debug_frame</name>
         <load_address>0x107e</load_address>
         <run_address>0x107e</run_address>
         <size>0x86</size>
         <input_file_ref idref="fl-13"/>
      </object_component>
      <object_component id="oc-1aa">
         <name>.debug_frame</name>
         <load_address>0x1104</load_address>
         <run_address>0x1104</run_address>
         <size>0x86</size>
         <input_file_ref idref="fl-13"/>
      </object_component>
      <object_component id="oc-172">
         <name>.debug_frame</name>
         <load_address>0x118a</load_address>
         <run_address>0x118a</run_address>
         <size>0x7f</size>
         <input_file_ref idref="fl-13"/>
      </object_component>
      <object_component id="oc-1a5">
         <name>.debug_frame</name>
         <load_address>0x1209</load_address>
         <run_address>0x1209</run_address>
         <size>0x86</size>
         <input_file_ref idref="fl-13"/>
      </object_component>
      <object_component id="oc-27b">
         <name>.debug_frame</name>
         <load_address>0x128f</load_address>
         <run_address>0x128f</run_address>
         <size>0x8e</size>
         <input_file_ref idref="fl-14"/>
      </object_component>
      <object_component id="oc-19e">
         <name>.debug_frame</name>
         <load_address>0x131d</load_address>
[...]
      </symbol>
      <symbol id="sm-77">
         <name>g_ui32SysTickCount</name>
         <value>0x2000063c</value>
      </symbol>
      <symbol id="sm-78">
         <name>initialMessageSent</name>
         <value>0x20000641</value>
      </symbol>
      <symbol id="sm-79">
         <name>taskList</name>
         <value>0x20000470</value>
      </symbol>
      <symbol id="sm-7a">
         <name>counter</name>
         <value>0x20000638</value>
      </symbol>
      <symbol id="sm-7b">
         <name>CurrentState</name>
         <value>0x20000640</value>
      </symbol>
      <symbol id="sm-7c">
         <name>StoredValues</name>
         <value>0x20000570</value>
      </symbol>
      <symbol id="sm-7d">
         <name>main</name>
         <value>0x19ef</value>
         <object_component_ref idref="oc-9b"/>
      </symbol>
      <symbol id="sm-9d">
         <name>BUTTONS_rightButton</name>
         <value>0x116d</value>
         <object_component_ref idref="oc-10c"/>
      </symbol>
      <symbol id="sm-9e">
         <name>PortF_Init</name>
         <value>0x11df</value>
         <object_component_ref idref="oc-10c"/>
      </symbol>
      <symbol id="sm-9f">
         <name>HAL_voidButtons</name>
         <value>0x11a1</value>
         <object_component_ref idref="oc-10c"/>
      </symbol>
      <symbol id="sm-a0">
         <name>BUTTONS_initPortF</name>
         <value>0x1221</value>
         <object_component_ref idref="oc-10c"/>
      </symbol>
      <symbol id="sm-a1">
         <name>BUTTONS_leftButton</name>
         <value>0x1187</value>
         <object_component_ref idref="oc-10c"/>
      </symbol>
      <symbol id="sm-c4">
         <name>LED_whiteOn</name>
         <value>0xe85</value>
         <object_component_ref idref="oc-112"/>
      </symbol>
      <symbol id="sm-c5">
         <name>LED_blueOff</name>
         <value>0xe3f</value>
         <object_component_ref idref="oc-112"/>
      </symbol>
      <symbol id="sm-c6">
         <name>LED_greenOn</name>
         <value>0xe4d</value>
         <object_component_ref idref="oc-112"/>
      </symbol>
      <symbol id="sm-c7">
         <name>LED_redOn</name>
         <value>0xe69</value>
         <object_component_ref idref="oc-112"/>
      </symbol>
      <symbol id="sm-c8">
         <name>LED_blueOn</name>
         <value>0xe31</value>
         <object_component_ref idref="oc-112"/>
      </symbol>
      <symbol id="sm-c9">
         <name>HAL_voidLedOff</name>
         <value>0xf0f</value>
         <object_component_ref idref="oc-112"/>
      </symbol>
      <symbol id="sm-ca">
         <name>LED_greenOff</name>
         <value>0xe5b</value>
         <object_component_ref idref="oc-112"/>
      </symbol>
      <symbol id="sm-cb">
         <name>HAL_voidLedOn</name>
         <value>0xedb</value>
         <object_component_ref idref="oc-112"/>
      </symbol>
      <symbol id="sm-cc">
         <name>LED_redOff</name>
         <value>0xe77</value>
         <object_component_ref idref="oc-112"/>
      </symbol>
      <symbol id="sm-cd">
         <name>LED_initPortF</name>
         <value>0xec9</value>
         <object_component_ref idref="oc-112"/>
      </symbol>
      <symbol id="sm-ce">
         <name>LED_whiteOff</name>
         <value>0xea7</value>
         <object_component_ref idref="oc-112"/>
      </symbol>
      <symbol id="sm-e7">
         <name>CAN_Init</name>
         <value>0x135d</value>
         <object_component_ref idref="oc-118"/>
      </symbol>
      <symbol id="sm-e8">
         <name>CAN_ReceiveInit</name>
         <value>0x13e3</value>
         <object_component_ref idref="oc-118"/>
      </symbol>
      <symbol id="sm-e9">
         <name>CAN_Send</name>
         <value>0x13af</value>
         <object_component_ref idref="oc-118"/>
      </symbol>
      <symbol id="sm-fa">
         <name>SYSTICK_init</name>
         <value>0x1889</value>
         <object_component_ref idref="oc-136"/>
      </symbol>
      <symbol id="sm-125">
         <name>UART0_sendMessage</name>
         <value>0xadb</value>
         <object_component_ref idref="oc-130"/>
      </symbol>
      <symbol id="sm-126">
         <name>UART0_init</name>
         <value>0xa37</value>
         <object_component_ref idref="oc-130"/>
      </symbol>
      <symbol id="sm-127">
         <name>UART_SendNumber</name>
         <value>0xafb</value>
         <object_component_ref idref="oc-130"/>
      </symbol>
      <symbol id="sm-128">
         <name>UART_SendMessage</name>
         <value>0xabb</value>
         <object_component_ref idref="oc-130"/>
      </symbol>
      <symbol id="sm-129">
         <name>UART_Init</name>
         <value>0x9c5</value>
         <object_component_ref idref="oc-130"/>
      </symbol>
      <symbol id="sm-1e3">
         <name>sw1</name>
         <value>0x20000642</value>
      </symbol>
      <symbol id="sm-1e4">
         <name>ui8taskCount</name>
         <value>0x2000066d</value>
         <object_component_ref idref="oc-11e"/>
      </symbol>
      <symbol id="sm-1e5">
         <name>OS_voidStateControll</name>
         <value>0x5f3</value>
         <object_component_ref idref="oc-c2"/>
      </symbol>
      <symbol id="sm-1e6">
         <name>Scheduler</name>
         <value>0x27b</value>
         <object_component_ref idref="oc-c2"/>
      </symbol>
      <symbol id="sm-1e7">
         <name>holdButtonFlag</name>
         <value>0x2000064b</value>
         <object_component_ref idref="oc-11e"/>
      </symbol>
      <symbol id="sm-1e8">
         <name>APP_boolWhiteStateFlag</name>
         <value>0x20000649</value>
         <object_component_ref idref="oc-11e"/>
      </symbol>
      <symbol id="sm-1e9">
         <name>OS_voidInit</name>
         <value>0x979</value>
         <object_component_ref idref="oc-c2"/>
      </symbol>
      <symbol id="sm-1ea">
         <name>OS_voidMCALInit</name>
         <value>0x82b</value>
         <object_component_ref idref="oc-c2"/>
      </symbol>
      <symbol id="sm-1eb">
         <name>INITIALIZATION_buttons</name>
         <value>0x991</value>
         <object_component_ref idref="oc-c2"/>
      </symbol>
      <symbol id="sm-1ec">
         <name>OS_voidSortTasksByPriority</name>
         <value>0x3cd</value>
         <object_component_ref idref="oc-c2"/>
      </symbol>
      <symbol id="sm-1ed">
         <name>APP_voidOS</name>
         <value>0x7ed</value>
         <object_component_ref idref="oc-c2"/>
      </symbol>
      <symbol id="sm-1ee">
         <name>OS_voidSchedulerr</name>
         <value>0x489</value>
         <object_component_ref idref="oc-c2"/>
      </symbol>
      <symbol id="sm-1ef">
         <name>SYSTICK_handler</name>
         <value>0x269</value>
         <object_component_ref idref="oc-c2"/>
      </symbol>
      <symbol id="sm-1f0">
         <name>PrevState</name>
         <value>0x20000644</value>
         <object_component_ref idref="oc-11e"/>
      </symbol>
      <symbol id="sm-1f1">
         <name>INITIALIZATION_leds</name>
         <value>0x999</value>
         <object_component_ref idref="oc-c2"/>
      </symbol>
      <symbol id="sm-1f2">
         <name>APP_ui32CheckButtons</name>
         <value>0x283</value>
         <object_component_ref idref="oc-c2"/>
      </symbol>
      <symbol id="sm-1f3">
         <name>UNIDENTIFIED</name>
         <value>0x2000066c</value>
         <object_component_ref idref="oc-11e"/>
      </symbol>
      <symbol id="sm-1f4">
         <name>OS_voidAddTask</name>
         <value>0x34d</value>
         <object_component_ref idref="oc-c2"/>
      </symbol>
      <symbol id="sm-1f5">
         <name>OS_voidCheckSlaveButtons</name>
         <value>0x2e1</value>
         <object_component_ref idref="oc-c2"/>
      </symbol>
      <symbol id="sm-1f6">
         <name>OS_voidCheckErrors</name>
         <value>0x2d5</value>
         <object_component_ref idref="oc-c2"/>
      </symbol>
      <symbol id="sm-1f7">
         <name>OS_voidStateControl</name>
         <value>0x6f7</value>
         <object_component_ref idref="oc-c2"/>
      </symbol>
      <symbol id="sm-1f8">
         <name>APP_uint32CurrentStateIndex</name>
         <value>0x2000064c</value>
         <object_component_ref idref="oc-11e"/>
      </symbol>
      <symbol id="sm-1f9">
         <name>boolUnidentifiedFlag</name>
         <value>0x2000064a</value>
         <object_component_ref idref="oc-11e"/>
      </symbol>
      <symbol id="sm-1fa">
         <name>OS_voidTurnOnLED</name>
         <value>0x2c1</value>
         <object_component_ref idref="oc-c2"/>
      </symbol>
      <symbol id="sm-1fb">
         <name>OS_voidCheckCANCommunication</name>
         <value>0x6d3</value>
         <object_component_ref idref="oc-c2"/>
      </symbol>
      <symbol id="sm-1fc">
         <name>OS_voidQueueControl</name>
         <value>0x60d</value>
         <object_component_ref idref="oc-c2"/>
      </symbol>
      <symbol id="sm-1fd">
         <name>OS_delayCount</name>
         <value>0x20000658</value>
         <object_component_ref idref="oc-11e"/>
      </symbol>
      <symbol id="sm-1fe">
         <name>OS_voidCheckUnidentified</name>
         <value>0x333</value>
         <object_component_ref idref="oc-c2"/>
      </symbol>
      <symbol id="sm-1ff">
         <name>APP_boolWhiteFlag</name>
         <value>0x20000648</value>
         <object_component_ref idref="oc-11e"/>
      </symbol>
      <symbol id="sm-200">
         <name>OS_voidHALInit</name>
         <value>0x985</value>
         <object_component_ref idref="oc-c2"/>
      </symbol>
      <symbol id="sm-201">
         <name>CAN_ReceiveMessage</name>
         <value>0x885</value>
         <object_component_ref idref="oc-c2"/>
      </symbol>
      <symbol id="sm-202">
         <name>APP_uint32i</name>
         <value>0x20000654</value>
         <object_component_ref idref="oc-11e"/>
      </symbol>
      <symbol id="sm-203">
         <name>OS_voidInitTasks</name>
         <value>0x5a3</value>
         <object_component_ref idref="oc-c2"/>
      </symbol>
      <symbol id="sm-204">
         <name>OS_ui32time4</name>
         <value>0x20000668</value>
         <object_component_ref idref="oc-11e"/>
      </symbol>
      <symbol id="sm-205">
         <name>OS_ui32time3</name>
         <value>0x20000664</value>
         <object_component_ref idref="oc-11e"/>
      </symbol>
      <symbol id="sm-206">
         <name>OS_ui32time2</name>
         <value>0x20000660</value>
         <object_component_ref idref="oc-11e"/>
      </symbol>
      <symbol id="sm-207">
         <name>OS_ui32time1</name>
         <value>0x2000065c</value>
         <object_component_ref idref="oc-11e"/>
      </symbol>
      <symbol id="sm-208">
         <name>OS_voidCheckIdle</name>
         <value>0x675</value>
         <object_component_ref idref="oc-c2"/>
      </symbol>
      <symbol id="sm-209">
         <name>APP_uint32checkcounter</name>
         <value>0x20000650</value>
         <object_component_ref idref="oc-11e"/>
      </symbol>
      <symbol id="sm-293">
         <name>CANMessageGet</name>
         <value>0x105d</value>
         <object_component_ref idref="oc-13f"/>
      </symbol>
      <symbol id="sm-294">
         <name>CANBitRateSet</name>
         <value>0x153d</value>
         <object_component_ref idref="oc-1bb"/>
      </symbol>
      <symbol id="sm-295">
         <name>CANEnable</name>
         <value>0x19db</value>
         <object_component_ref idref="oc-1c1"/>
      </symbol>
      <symbol id="sm-296">
         <name>CANStatusGet</name>
         <value>0x16e5</value>
         <object_component_ref idref="oc-12a"/>
      </symbol>
      <symbol id="sm-297">
         <name>CANMessageSet</name>
         <value>0xbc9</value>
         <object_component_ref idref="oc-1c7"/>
      </symbol>
      <symbol id="sm-298">
         <name>CANInit</name>
         <value>0x1725</value>
         <object_component_ref idref="oc-1af"/>
      </symbol>
      <symbol id="sm-2f2">
         <name>GPIOPinConfigure</name>
         <value>0x1611</value>
         <object_component_ref idref="oc-1a3"/>
      </symbol>
      <symbol id="sm-2f3">
         <name>GPIOPinTypeGPIOInput</name>
         <value>0x198b</value>
         <object_component_ref idref="oc-189"/>
      </symbol>
      <symbol id="sm-2f4">
         <name>GPIOPinTypeUART</name>
         <value>0x199d</value>
         <object_component_ref idref="oc-1e3"/>
      </symbol>
      <symbol id="sm-2f5">
         <name>GPIOPinTypeGPIOOutput</name>
         <value>0x1911</value>
         <object_component_ref idref="oc-183"/>
      </symbol>
      <symbol id="sm-2f6">
         <name>GPIOPinRead</name>
         <value>0x19f7</value>
         <object_component_ref idref="oc-171"/>
      </symbol>
      <symbol id="sm-2f7">
         <name>GPIODirModeSet</name>
         <value>0x1835</value>
         <object_component_ref idref="oc-246"/>
      </symbol>
      <symbol id="sm-2f8">
         <name>GPIOPinWrite</name>
         <value>0x19fd</value>
         <object_component_ref idref="oc-196"/>
      </symbol>
      <symbol id="sm-2f9">
         <name>GPIOPadConfigSet</name>
         <value>0xcff</value>
         <object_component_ref idref="oc-18f"/>
      </symbol>
      <symbol id="sm-2fa">
         <name>GPIOPinTypeCAN</name>
         <value>0x1979</value>
         <object_component_ref idref="oc-1a9"/>
      </symbol>
      <symbol id="sm-311">
         <name>IntRegister</name>
         <value>0x1799</value>
         <object_component_ref idref="oc-27a"/>
      </symbol>
      <symbol id="sm-312">
         <name>g_pfnRAMVectors</name>
         <value>0x20000000</value>
         <object_component_ref idref="oc-2a9"/>
      </symbol>
      <symbol id="sm-370">
         <name>SysCtlClockSet</name>
         <value>0x1269</value>
         <object_component_ref idref="oc-17d"/>
      </symbol>
      <symbol id="sm-371">
         <name>SysCtlDelay</name>
         <value>0x1a03</value>
         <object_component_ref idref="oc-1f5"/>
      </symbol>
      <symbol id="sm-372">
         <name>SysCtlPeripheralEnable</name>
         <value>0x17cd</value>
         <object_component_ref idref="oc-177"/>
      </symbol>
      <symbol id="sm-373">
         <name>SysCtlClockGet</name>
         <value>0xf4d</value>
         <object_component_ref idref="oc-1b5"/>
      </symbol>
      <symbol id="sm-374">
         <name>SysCtlPeripheralReady</name>
         <value>0x1761</value>
         <object_component_ref idref="oc-19d"/>
      </symbol>
      <symbol id="sm-3a1">
         <name>SysTickEnable</name>
         <value>0x1929</value>
         <object_component_ref idref="oc-212"/>
      </symbol>
      <symbol id="sm-3a2">
         <name>SysTickIntRegister</name>
         <value>0x18f5</value>
         <object_component_ref idref="oc-206"/>
      </symbol>
      <symbol id="sm-3a3">
         <name>SysTickIntEnable</name>
         <value>0x193d</value>
         <object_component_ref idref="oc-20c"/>
      </symbol>
      <symbol id="sm-3a4">
         <name>SysTickPeriodSet</name>
         <value>0x19b1</value>
         <object_component_ref idref="oc-200"/>
      </symbol>
      <symbol id="sm-3cf">
         <name>UARTConfigSetExpClk</name>
         <value>0x1659</value>
         <object_component_ref idref="oc-1e9"/>
      </symbol>
      <symbol id="sm-3d0">
         <name>UARTDisable</name>
         <value>0x18d5</value>
         <object_component_ref idref="oc-26c"/>
      </symbol>
      <symbol id="sm-3d1">
         <name>UARTCharPut</name>
         <value>0x19e5</value>
         <object_component_ref idref="oc-1f6"/>
      </symbol>
      <symbol id="sm-3d2">
         <name>UARTEnable</name>
         <value>0x1951</value>
         <object_component_ref idref="oc-1ef"/>
      </symbol>
      <symbol id="sm-3ea">
         <name>__TI_zero_init</name>
         <value>0x19cf</value>
         <object_component_ref idref="oc-4d"/>
      </symbol>
      <symbol id="sm-401">
         <name>__TI_decompress_none</name>
         <value>0x19c1</value>
         <object_component_ref idref="oc-1b"/>
      </symbol>
      <symbol id="sm-424">
         <name>__TI_decompress_lzss</name>
         <value>0x15a9</value>
         <object_component_ref idref="oc-15"/>
      </symbol>
      <symbol id="sm-437">
         <name>__stack</name>
         <value>0x20000270</value>
         <object_component_ref idref="oc-24"/>
      </symbol>
      <symbol id="sm-438">
         <name>_c_int00_noargs</name>
         <value>0x1801</value>
         <object_component_ref idref="oc-59"/>
      </symbol>
      <symbol id="sm-453">
         <name>memcpy</name>
         <value>0x1425</value>
         <object_component_ref idref="oc-3b"/>
      </symbol>
      <symbol id="sm-454">
         <name>__aeabi_memcpy</name>
         <value>0x1425</value>
         <object_component_ref idref="oc-3b"/>
      </symbol>
      <symbol id="sm-455">
         <name>__aeabi_memcpy8</name>
         <value>0x1425</value>
         <object_component_ref idref="oc-3b"/>
      </symbol>
      <symbol id="sm-456">
         <name>__aeabi_memcpy4</name>
         <value>0x1425</value>
         <object_component_ref idref="oc-3b"/>
      </symbol>
      <symbol id="sm-465">
         <name>__aeabi_memset</name>
         <value>0x14c3</value>
         <object_component_ref idref="oc-8f"/>
      </symbol>
      <symbol id="sm-466">
         <name>memset</name>
         <value>0x14c9</value>
         <object_component_ref idref="oc-8f"/>
      </symbol>
      <symbol id="sm-467">
         <name>__aeabi_memset8</name>
         <value>0x14c3</value>
         <object_component_ref idref="oc-8f"/>
      </symbol>
      <symbol id="sm-468">
         <name>__aeabi_memset4</name>
         <value>0x14c3</value>
         <object_component_ref idref="oc-8f"/>
      </symbol>
      <symbol id="sm-469">
         <name>__aeabi_memclr8</name>
         <value>0x14c1</value>
         <object_component_ref idref="oc-8f"/>
      </symbol>
      <symbol id="sm-46a">
         <name>__aeabi_memclr4</name>
         <value>0x14c1</value>
         <object_component_ref idref="oc-8f"/>
      </symbol>
      <symbol id="sm-46b">
         <name>__aeabi_memclr</name>
         <value>0x14c1</value>
         <object_component_ref idref="oc-8f"/>
      </symbol>
      <symbol id="sm-493">
         <name>__TI_auto_init_nobinit_nopinit</name>
         <value>0x16a1</value>
         <object_component_ref idref="oc-da"/>
      </symbol>
      <symbol id="sm-49d">
         <name>_system_pre_init</name>
         <value>0x1a09</value>
         <object_component_ref idref="oc-95"/>
      </symbol>
      <symbol id="sm-4a9">
         <name>C$$EXIT</name>
         <value>0x1a0d</value>
         <object_component_ref idref="oc-ce"/>
      </symbol>
      <symbol id="sm-4aa">
         <name>abort</name>
         <value>0x1a0d</value>
         <object_component_ref idref="oc-ce"/>
      </symbol>
      <symbol id="sm-4ad">
         <name>__TI_static_base__</name>
         <value>0x0</value>
      </symbol>
      <symbol id="sm-4b0">
         <name>__mpu_init</name>
         <value>0x0</value>
      </symbol>
      <symbol id="sm-4b1">
         <name>_system_post_cinit</name>
         <value>0x0</value>
      </symbol>
   </symbol_table>
   <title>Link successful</title>
</link_info>
